 time: 13:40:43
 Input the problem name?
 NPOIN  npoinb NELEM  NDIMN  NMATS  NGROUP NTLINK outplot KSTAB MAT_curve meshc 
 r
        2542        2542        2430           2           5           5
           0 GIDR                  0.000000000000000E+000           0
           0           0           0           0       99999
 NINIT                                                                          
  
           0           0           0           2           0           0
           0           0           0           0           0 
 FIX                                                          0           0
           0           0           0           0           0
 outinpunit=          37 outindunit=          54
 TYPE_PROBLEM                                                                   
  
 Q                                                 
 PROFILE                                           
 LOAD                                                         5           0
           0           0
 type_layer1                                                                    
  
 NMASS                                                                          
  
         999         999         999         999         999           0
         999           0         999           0           0
 nfreeflownode                                                                  
  
 NTSMAT                                                                         
  
         999         999           0           0           0
 beeta1,beeta2,theta1=  0.500000000000000       0.250000000000000     
   1.00000000000000     
 equvs_process(1:ngroup)                                                        
  
 appear_level(1:ngroup)                                                         
  
 APPEAR_PROCESS(1-nblks                                                         
  
 appear_process=           0           0           1           0           0
 appear_process=           0           1           1           0           1
 MATNO_PROCESS(1-nblks                                                          
  
 iblks=           0 ngroup=           5 matno=           1           2
           3           4           5
 iblks=           0 ngroup=           5 matno=           1           2
           3           4           5
 force_process=           0           0           0           0           0
 uinitial=           0           0
 1-ILINKS(I0                                                                    
  
 1-tLINKS(I0                                                                    
  
 text1=
 1-NGROUP--GROUP INFORMATION                                                    
  
                (3) for each field: nfdof-number of freedom,listdof(1:nfdof)    
  
 igroup=           1
 name=B8        
 igroup=           2
 name=B8        
 igroup=           3
 name=B8        
 igroup=           4
 name=B8        
 igroup=           5
 name=B8        
 tne=        2430
 text_tension_joint=
 tension_joint                                                                  
  
 text_tension_contact=
 contact_joint                                                                  
  
 ground_inf=           0 /100=           0
 nblks=           2
 Input runblks, =?
 time: 13:40:43
 COMMENT                                                                        
  
 COMMENT                                                                        
  
 COMMENT                                                                        
  
 COMMENT                                                                        
  
 COMMENT                                                                        
  
 COMMENT                                                                        
  
 COMMENT                                                                        
  
 COMMENT                                                                        
  
 COMMENT                                                                        
  
 COMMENT                                                                        
  
 jmat=           1
 MECHANICAL                    SOLID                                    1
 ELASTIC_ISOTROPIC                2300.00000000000        1.00000000000000     
   1.00000000000000        10000000000.0000       0.180000000000000     
  5.000000000000000E-006           0           0           0
 jmat=           2
 MECHANICAL                    SOLID                                    2
 ELASTIC_ISOTROPIC                2500.00000000000        1.00000000000000     
   1.00000000000000        25000000000.0000       0.167000000000000     
  5.000000000000000E-006           0           0           0
 jmat=           3
 MECHANICAL                    SOLID                                    3
 ELASTIC_ISOTROPIC               0.000000000000000E+000   1.00000000000000     
   1.00000000000000        10000000000.0000       0.180000000000000     
  5.000000000000000E-006           0           0           0
 jmat=           4
 MECHANICAL                    SOLID                                    4
 ELASTIC_ISOTROPIC                2300.00000000000        1.00000000000000     
   1.00000000000000        10000000000.0000       0.180000000000000     
  5.000000000000000E-006           0           0           0
 jmat=           5
 MECHANICAL                    SOLID                                    5
 ELASTIC_ISOTROPIC                2300.00000000000        1.00000000000000     
   1.00000000000000        10000000000.0000       0.180000000000000     
  5.000000000000000E-006           0           0           0
 ngaps                                                                          
  
 ngaps=           0
 nrcsteel                                                                       
  
 nrcsteel=           0
 nwcpipe                                                                        
  
 nwcpipe=           0
 nifsgroup 
 nifsgroup=           0
 nabsfgroup
 nabsfgroup=           0
 nabssgroup
 nabssgroup=           0
 ifsnedge                                                                       
                      
 ifsnedge=           0
 lblks=           0  blks_new=           1
 lincs=           0  nincs=           0
 lblks=           0  blks_new=           1
 Bparameter=           0
 lblks=           0 lincs=           0 ttime=  0.000000000000000E+000
 ntime=           2 LINEAR                         0           2
 ntime=           2 LINEAR                         0           2
 ok waterlevel
 nplgroup=           0
 nedge=          31
 iblks=           1 lineload=          45
 iblks=           1
 time: 13:40:43
 a1
 ifixset=           1 type_abc=
 FIX                                               
 ifixset=           2 type_abc=
 FIX                                               
 outind=           0
 edge_load_group     
 edge_load_group=           0 delgroup=           0
 gray=   9.81000000000000       0.000000000000000E+000  -1.00000000000000     
  0.000000000000000E+000  -1.00000000000000     
 tcurv=           1           1           1           1           1
 ecwpipe=           0 iblks=           1 lblks+1=           1
 ecwpipe=           0 iblks=           1 lblks+1=           1
 0         
 ntedge=           0
 0         
 npipe,algo_pipe=           0           0
 linet=           8
 time: 13:40:43
 time: 13:40:43
 time: 13:40:43
  in static_U**
 iincs=           1 lincs=           0
 cwater,Qstatic=           0           0
 istep=           1
 outinp=           0
 tcurvegravity=           1           1           1           1           1
 ntelgroup=           0
 time: 13:40:43
                     istep=           1 iiter=           1
                     conver_load check
 resid=  6.739558583769029E-019 retot=   348150328753539.     
 ratio1=  4.399793781707101E-017 ratio2=  1.240280167513619E-016
 nchek0=           0 toler_force=  1.000000000000000E-005
 nchek=           0
                    conver_nodal_value check
               Convergence check for displacement
 ratio1=   1.00000000000000      ratio2=   1.00000000000000     
                            not converged for checki=           1
 miter=           5 iiter=           1
 time: 13:40:43
                     istep=           1 iiter=           2
                     conver_load check
 resid=  1.647811580478226E-020 retot=   348150328753539.     
 ratio1=  6.879713781191576E-018 ratio2=  1.984918071115546E-017
 nchek0=           0 toler_force=  1.000000000000000E-005
 nchek=           0
                    conver_nodal_value check
               Convergence check for displacement
 ratio1=  1.605727454243393E-014 ratio2=  1.644506362184292E-014
 nchek=           0
 ngvar in output=           7 nstre=           4
 ***********RESTART FILE IS UPDATED!*******
 iblks=           2
 time: 13:40:43
 a1
 ifixset=           1 type_abc=
 FIX                                               
 ifixset=           2 type_abc=
 FIX                                               
 outind=           0
 edge_load_group     
 edge_load_group=           0 delgroup=           0
 gray=   9.81000000000000       0.000000000000000E+000  -1.00000000000000     
  0.000000000000000E+000  -1.00000000000000     
 tcurv=           1           1           1           1           1
 ecwpipe=           0 iblks=           2 lblks+1=           1
 0         
 ntedge=           0
 0         
 npipe,algo_pipe=           0           0
 linet=          16
 time: 13:40:43
 time: 13:40:43
 time: 13:40:43
  in static_U**
 iincs=           1 lincs=           0
 cwater,Qstatic=           0           0
 istep=           1
 outinp=           0
 tcurvegravity=           1           1           1           1           1
 ntelgroup=           0
 time: 13:40:43
                     istep=           1 iiter=           1
                     conver_load check
 resid=  2.849243722834735E-006 retot=   760773134842439.     
 ratio1=  6.119799814092122E-011 ratio2=  1.105336297848613E-010
 nchek0=           0 toler_force=  1.000000000000000E-005
 nchek=           0
                    conver_nodal_value check
               Convergence check for displacement
 ratio1=  0.999999998193171      ratio2=   1.00000000000000     
                            not converged for checki=           1
 miter=           5 iiter=           1
 time: 13:40:43
                     istep=           1 iiter=           2
                     conver_load check
 resid=  2.751228329836773E-007 retot=   760773134853612.     
 ratio1=  1.901672531546504E-011 ratio2=  3.218550450251062E-011
 nchek0=           0 toler_force=  1.000000000000000E-005
 nchek=           0
                    conver_nodal_value check
               Convergence check for displacement
 ratio1=  2.097704937379772E-011 ratio2=  2.149913727145938E-011
 nchek=           0
 ngvar in output=           7 nstre=           4
 ***********RESTART FILE IS UPDATED!*******
 time: 13:40:43
 time: 13:40:43
