 time: 15:41:28
 time: 15:41:28
 Input the problem name?
 NPOIN                                                                          
  
          21          21          12           2           3           3
           0 GIDR                   1.00000000000000                0
           0           0           0           0       99999
 NINIT                                                                          
  
           0           0           0           1           0           0
           0           0           0           0           0 
 FIX                                                          0           0
           0           0           0           0           0
 outinpunit=          37 outindunit=          54
 TYPE_PROBLEM                                                                   
  
 Q                                                 
 PARDISO                                           
 LOAD                                                         5           0
           0           0
 type_layer1                                                                    
  
 NMASS                                                                          
  
           1           1           1           1           0           0
           1           0           1           0           0
 nfreeflownode                                                                  
  
 NTSMAT                                                                         
  
         999         999           0           0           0
 beeta1,beeta2,theta1=  0.500000000000000       0.250000000000000     
   1.00000000000000     
 equvs_process(1:ngroup)                                                        
  
 appear_level(1:ngroup)                                                         
  
 APPEAR_PROCESS                                                                 
  
 appear_process=           1           1           1
 MATNO_PROCESS                                                                  
  
 iblks=           0 ngroup=           3 matno=           1           3
           2
 force_process=           0           0           0
 uinitial=           0
 1-ILINKS(I0                                                                    
  
 1-tLINKS(I0                                                                    
  
 text1=
 1-NGROUP--GROUP                                                                
  
 (3)                                                                            
  
 igroup=           1
 name=Q4        
 igroup=           2
 name=Q4        
 igroup=           3
 name=Q4        
 tne=          12
 text_tension_joint=
 tension_joint                                                                  
  
 text_tension_contact=
 contact_joint                                                                  
  
 ground_inf=           0 /100=           0
 nblks=           1
 Input runblks, =?
 time: 15:41:28
 MATERIAL                                                                       
  
 NAME                                                                           
  
 FIRST:NAME---MECHANICAL                                                        
  
 FOR                                                                            
  
 NUMBER                                                                         
  
 FOR                                                                            
  
 FOR                                                                            
  
 FOR                                                                            
  
 CAMCLAY                                                                        
  
 FOR                                                                            
  
 jmat=           1
 MECHANICAL                    SOLID                                    1
 ELASTIC_ISOTROPIC                2600.00000000000        1.00000000000000     
   1.00000000000000        20000000000.0000       0.250000000000000     
  1.000000000000000E-005           0           0           0
 jmat=           2
 MECHANICAL                    SOLID                                    2
 ELASTIC_ISOTROPIC                2400.00000000000        1.00000000000000     
   1.00000000000000        25000000000.0000       0.167000000000000     
  1.000000000000000E-005           0           0           0
 jmat=           3
 MECHANICAL                    SOLID                                    3
 GOODMAN                          2400.00000000000        1.00000000000000     
   1.00000000000000        9700000000.00000       0.250000000000000     
  1.000000000000000E-005           0           0           0
 model=JANBU     
 ngaps                                                                          
  
 ngaps=           0
 nrcsteel                                                                       
  
 nrcsteel=           0
 nwcpipe                                                                        
  
 nwcpipe=           0
 nifsgroup 
 nifsgroup=           0
 nabsfgroup
 nabsfgroup=           0
 nabssgroup
 nabssgroup=           0
 ifsnedge                                                                       
                      
 ifsnedge=           0
 lblks=           0  blks_new=           1
 lincs=           0  nincs=           0
 lblks=           0  blks_new=           1
 Bparameter=           0
 lblks=           0 lincs=           0 ttime=  0.000000000000000E+000
 ntime=           2 LINEAR                         0           2
 ok waterlevel
 nplgroup=           0
 nedge=           0
 iblks=           1 lineload=           9
 iblks=           1
 time: 15:41:28
 a1
 ifixset=           1 type_abc=
 FIX                                               
 ifixset=           2 type_abc=
 FIX                                               
 outind=           0
 edge_load_group     
 edge_load_group=           0 delgroup=           0
 gray=  0.000000000000000E+000  0.000000000000000E+000  -1.00000000000000     
  0.000000000000000E+000  -1.00000000000000     
 tcurv=           1           1           1
 ecwpipe=           0 iblks=           1 lblks+1=           1
 ecwpipe=           0 iblks=           1 lblks+1=           1
 surface   
 ntedge=           0
 algo_pipe=
 npipe,algo_pipe=           0           3
 linet=           8
 time: 15:41:28
 mtype                           
          -2           4           0
 isdefault                       
           0
 time: 15:41:28
 time: 15:41:28
  in static_U**
 iincs=           1 lincs=           0
 cwater,Qstatic=           0           0
 istep=           1
 outinp=           0
 tcurvegravity=           1           1           1
 ntelgroup=           0
forrtl: severe (157): Program Exception - access violation
Image              PC                Routine            Line        Source             
hstar.exe          00007FF69BA30FC6  Unknown               Unknown  Unknown
hstar.exe          00007FF69BA1A68B  Unknown               Unknown  Unknown
hstar.exe          00007FF69BBDBCD1  Unknown               Unknown  Unknown
hstar.exe          00007FF69BBBB88C  Unknown               Unknown  Unknown
hstar.exe          00007FF69BB97FAA  Unknown               Unknown  Unknown
hstar.exe          00007FF69BD4947B  Unknown               Unknown  Unknown
hstar.exe          00007FF6A0B19170  Unknown               Unknown  Unknown
KERNEL32.DLL       00007FF9F162E8D7  Unknown               Unknown  Unknown
ntdll.dll          00007FF9F2DEC53C  Unknown               Unknown  Unknown
