 ================================================
   Easy_HSTAR - Finite Element Analysis
 ================================================
 
 Reading: 1_grav.toml
  Read 315 nodes
  Read 160 elements
 =============================================
  HSTAR Problem Summary
 =============================================
  Version     :            1
  Problem name: 1
  Type        : Q
  Dimensions  :            3
  Nodes       :          315
  Elements    :          160
  Materials   :            1
  Groups      :            1
  Max DOF/node:            3
  Blocks      :            1
  Links       :            0
  Solver      : PARDISO
  Load type   : LOAD
  Output      : GIDR
 
  Analysis blocks:
   Block   1 type=static nincs=     1
 
  Materials:
   Mat   1 name=Concrete C30 type=MECHANICAL
 =============================================
 validate_problem: all checks passed
 
 Input OK. Starting analysis...
  ndimn=3, npoin=315, ntotv=945
 
  === Block 1 / 1
  iffix: free=855, BC=90, inactive=0
  Neq = 855
  NNZ = 45045
  Inc 1 Step 1
    iter   1  R_force= 1.000E+00  resid= 1.335E+03
    iter   2  R_force= 6.838E-14  R_disp= 1.000E+00  R_energy= 1.087E-14
  Converged in 2 iterations
  Max |Ux| =   4.2996E-06
  Max |Uy| =   1.7931E-05
  Max |Uz| =   2.4876E-06
  Max |sxx| =   8.3024E+05
  Max |syy| =   1.0048E+05
  Results written to ./1_easy.flavia.res
  VTK(ascii): ./1_easy_b1.vtk
  VTK(binary): ./1_easy_b1_bin.vtk
  VTU: ./1_easy_b1.vtu
 
 Analysis completed successfully.
