 ================================================
   Easy_HSTAR - Finite Element Analysis
 ================================================
 
 Reading: 1_elastic.toml
  Read 432 nodes
  Read 230 elements
 =============================================
  HSTAR Problem Summary
 =============================================
  Version     :            1
  Problem name: 1
  Type        : Q
  Dimensions  :            3
  Nodes       :          432
  Elements    :          230
  Materials   :            3
  Groups      :            3
  Max DOF/node:            3
  Blocks      :            2
  Links       :            0
  Solver      : PARDISO
  Load type   : LOAD
  Output      : GIDR
 
  Analysis blocks:
   Block   1 type=static nincs=     1
   Block   2 type=static nincs=     1
 
  Materials:
   Mat   1 name=Foundation type=MECHANICAL
   Mat   2 name=Dam concrete (damage) type=MECHANICAL
   Mat   3 name=Interface type=MECHANICAL
 =============================================
 validate_problem: all checks passed
 
 Input OK. Starting analysis...
  ndimn=3, npoin=432, ntotv=1296
 
  === Block 1 / 2
  iffix: free=588, BC=288, inactive=420
  Neq = 588
  NNZ = 25530
  Inc 1 Step 1
    iter   1  R_force= 0.000E+00  resid= 0.000E+00
  Converged in 1 iterations
  Max |Ux| =   0.0000E+00
  Max |Uy| =   0.0000E+00
  Max |Uz| =   0.0000E+00
  Max |sxx| =   0.0000E+00
  Max |syy| =   0.0000E+00
  Results written to ./1_easy.flavia.res
  VTK(ascii): ./1_easy_b1.vtk
  VTK(binary): ./1_easy_b1_bin.vtk
  VTU: ./1_easy_b1.vtu
 
  === Block 2 / 2
  iffix: free=1008, BC=288, inactive=0
  Neq = 1008
  NNZ = 48282
  Inc 1 Step 1
    iter   1  R_force= 0.000E+00  resid= 0.000E+00
  Converged in 1 iterations
  Max |Ux| =   0.0000E+00
  Max |Uy| =   0.0000E+00
  Max |Uz| =   0.0000E+00
  Max |sxx| =   0.0000E+00
  Max |syy| =   0.0000E+00
  Results written to ./1_easy.flavia.res
  VTK(ascii): ./1_easy_b2.vtk
  VTK(binary): ./1_easy_b2_bin.vtk
  VTU: ./1_easy_b2.vtu
 
 Analysis completed successfully.
