 ================================================
   Easy_HSTAR - Finite Element Analysis
 ================================================
 
 Reading: 1.toml
  Read 432 nodes
  Read 230 elements
 =============================================
  HSTAR Problem Summary
 =============================================
  Version     :            1
  Problem name: 1
  Type        : Q
  Dimensions  :            3
  Nodes       :          432
  Elements    :          230
  Materials   :            3
  Groups      :            3
  Max DOF/node:            3
  Blocks      :            2
  Links       :            0
  Solver      : PARDISO
  Load type   : LOAD
  Output      : GIDR
 
  Analysis blocks:
   Block   1 type=static nincs=     1
   Block   2 type=static nincs=     1
 
  Materials:
   Mat   1 name=Foundation type=MECHANICAL
   Mat   2 name=Dam concrete (damage) type=MECHANICAL
   Mat   3 name=Interface type=MECHANICAL
 =============================================
 validate_problem: all checks passed
 
 Input OK. Starting analysis...
  ndimn=3, npoin=432, ntotv=1296
 
  === Block 1 / 2
  iffix: free=588, BC=288, inactive=420
  Neq = 588
  NNZ = 25530
  Inc 1 Step 1
    iter   1  R_force= 1.000E+00  resid= 3.588E+09
    iter   2  R_force= 1.962E-14  R_disp= 1.000E+00  R_energy= 4.412E-17
  Converged in 2 iterations
  Max |Ux| =   2.1820E-07
  Max |Uy| =   9.6320E-19
  Max |Uz| =   1.3853E-02
  Max |sxx| =   8.9153E+05
  Max |syy| =   8.9150E+05
  Results written to ./1_easy.flavia.res
  VTK(ascii): ./1_easy_b1.vtk
  VTK(binary): ./1_easy_b1_bin.vtk
  VTU: ./1_easy_b1.vtu
 
  === Block 2 / 2
  iffix: free=1008, BC=288, inactive=0
  Neq = 1008
  NNZ = 48282
  Inc 1 Step 1
    iter   1  R_force= 8.825E+03  resid= 3.316E+13
    iter   2  R_force= 3.354E-12  R_disp= 9.249E-01  R_energy= 3.909E-16
  Converged in 2 iterations
  Max |Ux| =   2.8256E-02
  Max |Uy| =   4.9149E-04
  Max |Uz| =   4.9204E-02
  Max |sxx| =   1.3672E+06
  Max |syy| =   1.1615E+06
  Results written to ./1_easy.flavia.res
  VTK(ascii): ./1_easy_b2.vtk
  VTK(binary): ./1_easy_b2_bin.vtk
  VTU: ./1_easy_b2.vtu
 
 Analysis completed successfully.
