 time: 01:15:32
 Input the problem name?
 NPOIN                                                                          
  
          30          30          20           2           1           1
           0 GIDR                  0.000000000000000E+000           0
           0           0           0           0       99999
 NINIT                                                                          
  
           0           0           0           1           0           0
           0           0           0           0           0 
 FIX                                                          0           0
           0           0           0           0           0
 outinpunit=          37 outindunit=          54
 TYPE_PROBLEM                                                                   
  
 Q                                                 
 PROFILE                                           
 LOAD                                                         5           0
           0           0
 type_layer1                                                                    
  
 NMASS                                                                          
  
           1           1           1           1           0           0
           1           0           1           0           0
 nfreeflownode                                                                  
  
 NTSMAT                                                                         
  
         999         999           0           0           0
 beeta1,beeta2,theta1=  0.500000000000000       0.250000000000000     
   1.00000000000000     
 equvs_process(1:ngroup)                                                        
  
 appear_level(1:ngroup)                                                         
  
 APPEAR_PROCESS                                                                 
  
 appear_process=           1
 MATNO_PROCESS                                                                  
  
 iblks=           0 ngroup=           1 matno=           1
 force_process=           0
 uinitial=           0
 1-ILINKS(I0                                                                    
  
 1-tLINKS(I0                                                                    
  
 text1=
 1-NGROUP--GROUP                                                                
  
 (3)                                                                            
  
 igroup=           1
 name=Q4        
 tne=          20
 text_tension_joint=
 tension_joint                                                                  
  
 text_tension_contact=
 contact_joint                                                                  
  
 ground_inf=           0 /100=           0
 nblks=           1
 Input runblks, =?
 time: 01:15:32
 COMMENT                                                                        
  
 COMMENT                                                                        
  
 COMMENT                                                                        
  
 COMMENT                                                                        
  
 COMMENT                                                                        
  
 COMMENT                                                                        
  
 COMMENT                                                                        
  
 COMMENT                                                                        
  
 COMMENT                                                                        
  
 COMMENT                                                                        
  
 jmat=           1
 MECHANICAL                    SOLID                                    1
 ELASTIC_ISOTROPIC                2000.00000000000        1.00000000000000     
   1.00000000000000        200000000.000000       0.300000000000000     
  1.000000000000000E-005           0           0           0
 ngaps                                                                          
  
 ngaps=           0
 nrcsteel                                                                       
  
 nrcsteel=           0
 nwcpipe                                                                        
  
 nwcpipe=           0
 nifsgroup 
 nifsgroup=           0
 nabsfgroup
 nabsfgroup=           0
 nabssgroup
 nabssgroup=           0
 ifsnedge                                                                       
                      
 ifsnedge=           0
 lblks=           0  blks_new=           1
 lincs=           0  nincs=           0
 lblks=           0  blks_new=           1
 Bparameter=           0
 lblks=           0 lincs=           0 ttime=  0.000000000000000E+000
 ntime=           2 LINEAR                         0           2
 ok waterlevel
 nplgroup=           0
 nedge=           0
 iblks=           1 lineload=           9
 iblks=           1
 time: 01:15:32
 a1
 ifixset=           1 type_abc=
 FIX                                               
 ifixset=           2 type_abc=
 FIX                                               
 outind=           0
 edge_load_group     
 edge_load_group=           0 delgroup=           0
 gray=   9.81000000000000       0.000000000000000E+000  -1.00000000000000     
  0.000000000000000E+000  -1.00000000000000     
 tcurv=           1
 ecwpipe=           0 iblks=           1 lblks+1=           1
 ecwpipe=           0 iblks=           1 lblks+1=           1
 surface   
 ntedge=           0
 algo_pipe=
 npipe,algo_pipe=           0           3
 linet=           8
 time: 01:15:32
 time: 01:15:32
 time: 01:15:32
  in static_U**
 iincs=           1 lincs=           0
 cwater,Qstatic=           0           0
 istep=           1
 outinp=           0
 tcurvegravity=           1
 ntelgroup=           0
 time: 01:15:32
                     istep=           1 iiter=           1
                     conver_load check
 resid=  2.559220714622713E-018 retot=   2779581507044.01     
 ratio1=  9.595423875836865E-016 ratio2=  1.356229175208209E-015
 nchek0=           0 toler_force=  1.000000000000000E-005
 nchek=           0
                    conver_nodal_value check
               Convergence check for displacement
 ratio1=   1.00000000000000      ratio2=   1.00000000000000     
                            not converged for checki=           1
 miter=          50 iiter=           1
 time: 01:15:32
                     istep=           1 iiter=           2
                     conver_load check
 resid=  4.143678560523137E-019 retot=   2779581507044.00     
 ratio1=  3.861031300483629E-016 ratio2=  5.085859407030792E-016
 nchek0=           0 toler_force=  1.000000000000000E-005
 nchek=           0
                    conver_nodal_value check
               Convergence check for displacement
 ratio1=  1.573269013656324E-015 ratio2=  2.170454745714092E-015
 nchek=           0
 ***********RESTART FILE IS UPDATED!*******
 istep=           2
 outinp=           0
 tcurvegravity=           1
 ntelgroup=           0
 time: 01:15:32
                     istep=           2 iiter=           1
                     conver_load check
 resid=  1.160368963289387E-020 retot=   2779581507044.00     
 ratio1=  6.461128006099982E-017 ratio2=  8.476432345051319E-017
 nchek0=           0 toler_force=  1.000000000000000E-005
 nchek=           0
                    conver_nodal_value check
               Convergence check for displacement
 ratio1=  1.672891661748247E-016 ratio2=  2.351743446124727E-016
 nchek=           0
 ***********RESTART FILE IS UPDATED!*******
 istep=           3
 outinp=           0
 tcurvegravity=           1
 ntelgroup=           0
 time: 01:15:32
                     istep=           3 iiter=           1
                     conver_load check
 resid=  4.658681209898652E-021 retot=   2779581507044.00     
 ratio1=  4.093942981410386E-017 ratio2=  6.357324258788490E-017
 nchek0=           0 toler_force=  1.000000000000000E-005
 nchek=           0
                    conver_nodal_value check
               Convergence check for displacement
 ratio1=  5.120632818592105E-017 ratio2=  7.656127704735920E-017
 nchek=           0
 ***********RESTART FILE IS UPDATED!*******
 istep=           4
 outinp=           0
 tcurvegravity=           1
 ntelgroup=           0
 time: 01:15:32
                     istep=           4 iiter=           1
                     conver_load check
 resid=  2.024938139529812E-021 retot=   2779581507044.01     
 ratio1=  2.699082587016742E-017 ratio2=  4.238216172525660E-017
 nchek0=           0 toler_force=  1.000000000000000E-005
 nchek=           0
                    conver_nodal_value check
               Convergence check for displacement
 ratio1=  2.483130143165113E-017 ratio2=  4.583588040614268E-017
 nchek=           0
 ***********RESTART FILE IS UPDATED!*******
 istep=           5
 outinp=           0
 tcurvegravity=           1
 ntelgroup=           0
 time: 01:15:32
                     istep=           5 iiter=           1
                     conver_load check
 resid=  1.608039110803086E-021 retot=   2779581507044.00     
 ratio1=  2.405240992643178E-017 ratio2=  4.238216172525660E-017
 nchek0=           0 toler_force=  1.000000000000000E-005
 nchek=           0
                    conver_nodal_value check
               Convergence check for displacement
 ratio1=  2.191356597043668E-017 ratio2=  3.984483720368768E-017
 nchek=           0
 ***********RESTART FILE IS UPDATED!*******
 istep=           6
 outinp=           0
 tcurvegravity=           1
 ntelgroup=           0
 time: 01:15:32
                     istep=           6 iiter=           1
                     conver_load check
 resid=  2.521246507061628E-021 retot=   2779581507044.00     
 ratio1=  3.011743266056919E-017 ratio2=  4.238216172525660E-017
 nchek0=           0 toler_force=  1.000000000000000E-005
 nchek=           0
                    conver_nodal_value check
               Convergence check for displacement
 ratio1=  2.130562851151844E-017 ratio2=  2.887829644592078E-017
 nchek=           0
 ***********RESTART FILE IS UPDATED!*******
 istep=           7
 outinp=           0
 tcurvegravity=           1
 ntelgroup=           0
 time: 01:15:32
                     istep=           7 iiter=           1
                     conver_load check
 resid=  3.265709058359353E-021 retot=   2779581507044.01     
 ratio1=  3.427670277942804E-017 ratio2=  4.238216172525660E-017
 nchek0=           0 toler_force=  1.000000000000000E-005
 nchek=           0
                    conver_nodal_value check
               Convergence check for displacement
 ratio1=  4.619045987523151E-017 ratio2=  9.999489993283437E-017
 nchek=           0
 ***********RESTART FILE IS UPDATED!*******
 istep=           8
 outinp=           0
 tcurvegravity=           1
 ntelgroup=           0
 time: 01:15:32
                     istep=           8 iiter=           1
                     conver_load check
 resid=  8.069974056067338E-021 retot=   2779581507044.00     
 ratio1=  5.388232938988611E-017 ratio2=  8.476432345051319E-017
 nchek0=           0 toler_force=  1.000000000000000E-005
 nchek=           0
                    conver_nodal_value check
               Convergence check for displacement
 ratio1=  2.186966828905264E-017 ratio2=  3.392617126166716E-017
 nchek=           0
 ***********RESTART FILE IS UPDATED!*******
 istep=           9
 outinp=           0
 tcurvegravity=           1
 ntelgroup=           0
 time: 01:15:32
                     istep=           9 iiter=           1
                     conver_load check
 resid=  5.522257769404013E-021 retot=   2779581507044.00     
 ratio1=  4.457266800863191E-017 ratio2=  8.476432345051319E-017
 nchek0=           0 toler_force=  1.000000000000000E-005
 nchek=           0
                    conver_nodal_value check
               Convergence check for displacement
 ratio1=  3.049714781457761E-017 ratio2=  5.266511957701902E-017
 nchek=           0
 ***********RESTART FILE IS UPDATED!*******
 istep=          10
 outinp=           0
 tcurvegravity=           1
 ntelgroup=           0
 time: 01:15:32
                     istep=          10 iiter=           1
                     conver_load check
 resid=  8.701940044057851E-021 retot=   2779581507044.01     
 ratio1=  5.595235063479637E-017 ratio2=  8.476432345051319E-017
 nchek0=           0 toler_force=  1.000000000000000E-005
 nchek=           0
                    conver_nodal_value check
               Convergence check for displacement
 ratio1=  6.108442325805388E-017 ratio2=  9.457270392261975E-017
 nchek=           0
 ***********RESTART FILE IS UPDATED!*******
 time: 01:15:32
 time: 01:15:32
