=== Found config.json in . ===
  1 groups, 1 materials, type=Q

=== Running pipeline ===
=== HSTAR FEM Pipeline ===
Job dir: .

--- Step 2: Generating input files ---
OK: 12 files generated: ['1.glb', '1.mat', '1.LOA', '1.man', '1.sol', '1.flavia.msh', '1.ftr', '1.opr', '1.nrt', '1.tem', '1.ifs', 'inp']

--- Step 3: Running solver ---
Sandbox: jailed (bwrap)
Exit code: 0
RESTART count: 1
Crash: False

--- Step 4: Parsing results ---
Block 1: 315 nodes (315 active)
  Ux: -0.004 ~ 0.004 mm
  Uy: -0.018 ~ 0.000 mm
  Uz: -0.000 ~ 0.000 mm
  Nodal force / reaction (315 nodes):
    x: -1.480E+03 ~ 1.480E+03  y: -2.500E+02 ~ 5.658E+02  z: -1.080E+02 ~ 1.080E+02  N
    Σx=-1.000E-04  Σy=8.000E-05  Σz=-9.415E-14  N
  Stress (315 gauss points, 6 components):
    Sxx: -1.025E+06 ~ 1.040E+06 Pa
    Syy: -1.784E+05 ~ 1.620E+05 Pa

--- Step 5: Converting to VTP ---
Mesh: 315 nodes, 160 elements, 1 groups
Results: 3 data blocks
Steps (blocks): 1
  → result_b1.vtp
VTP files: ['result_b1.vtp']

已生成可视化文件：result_b1.vtp
BC overlay: bc_overlay.vtp
Section forces: sections_axis.vtp (简化轴线 N/Q/M) + sections_diagram.vtp (内力图叠加) + sections_force.vtp (截面节点力)

=== Pipeline complete ===
