 time: 06:25:12
 time: 06:25:12
 Input the problem name?
 NPOIN  npoinb NELEM  NDIMN  NMATS  NGROUP NTLINK outplot KSTAB MAT_curve meshc 
 r
        2705        2705        2562           2           2           2
           0 GIDR                  0.000000000000000E+000           0
           0           0           0           0       99999
 NINIT KINIT NBLKS   NLINKS NONSYM OUTINP outinr outinw neuman equvs,type_ABC   
  
forrtl: severe (64): input conversion error, unit 1, file D:\Projects\HSTAR_Next\process\gravdam_static\1.glb
Image              PC                Routine            Line        Source             
hstar_toml.exe     00007FF7452D72DA  Unknown               Unknown  Unknown
hstar_toml.exe     00007FF743EAA7B0  Unknown               Unknown  Unknown
hstar_toml.exe     00007FF743EA61B3  Unknown               Unknown  Unknown
hstar_toml.exe     00007FF7444D9EAA  Unknown               Unknown  Unknown
hstar_toml.exe     00007FF7444E1E88  Unknown               Unknown  Unknown
hstar_toml.exe     00007FF7452E22BB  Unknown               Unknown  Unknown
hstar_toml.exe     00007FF7495C5C90  Unknown               Unknown  Unknown
KERNEL32.DLL       00007FF9F162E8D7  Unknown               Unknown  Unknown
ntdll.dll          00007FF9F2DEC53C  Unknown               Unknown  Unknown
