=== Found config.json in . ===
  2 groups, 2 materials, type=Q

=== Running pipeline ===
=== HSTAR FEM Pipeline ===
Job dir: .

--- Step 2: Generating input files ---
OK: 12 files generated: ['1.glb', '1.mat', '1.LOA', '1.man', '1.sol', '1.flavia.msh', '1.ftr', '1.opr', '1.nrt', '1.tem', '1.ifs', 'inp']

--- Step 3: Running solver ---
Sandbox: jailed (bwrap)
Exit code: 0
RESTART count: 2
Crash: False

--- Step 4: Parsing results ---
Block 1: 1705 nodes (1705 active)
  Ux: -0.010 ~ 0.010 mm
  Uy: -10.691 ~ 0.000 mm
  Nodal force / reaction (1705 nodes):
    x: -3.401E+06 ~ 3.401E+06  y: -7.085E+05 ~ 1.667E+07  N
    Σx=0.000E+00  Σy=-2.016E+07  N
  Stress (1705 gauss points, 4 components):
    Sxx: -8.339E+05 ~ 0.000E+00 Pa
    Syy: -2.501E+06 ~ 0.000E+00 Pa
Block 2: 1705 nodes (1705 active)
  Ux: -0.186 ~ 8.121 mm
  Uy: -3.601 ~ 0.139 mm
  Nodal force / reaction (1705 nodes):
    x: -3.763E+06 ~ 3.582E+06  y: -7.085E+05 ~ 1.793E+07  N
    Σx=-1.245E-01  Σy=8.696E-01  N
  Stress (1705 gauss points, 4 components):
    Sxx: -1.353E+06 ~ 3.725E+05 Pa
    Syy: -2.689E+06 ~ -1.228E+04 Pa

--- Step 5: Converting to VTP ---
Mesh: 1705 nodes, 1600 elements, 2 groups
Results: 6 data blocks
Steps (blocks): 2
  → result_b1.vtp
  → result_b2.vtp
VTP files: ['result_b1.vtp', 'result_b2.vtp']

已生成可视化文件：result_b1.vtp, result_b2.vtp
BC overlay: bc_overlay.vtp

=== Pipeline complete ===
