 time: 09:48:53
 Input the problem name?
 NPOIN                                                                          
  
        2185        2185        2080           2           3           3
           0 GIDR                  0.000000000000000E+000           0
           0           0           0           0       99999
 NINIT                                                                          
  
           0           0           0           1           0           0
           0           0           0           0           0 
 FIX                                                          0           0
           0           0           0           0           0
 outinpunit=          37 outindunit=          54
 TYPE_PROBLEM                                                                   
  
 E                                                 
 PARDISO                                           
 LOAD                                                        10           0
           0           0
 type_layer1                                                                    
  
 NMASS                                                                          
  
           1           1           1           1           0           0
           1           0           1           0           0
 nfreeflownode                                                                  
  
 NTSMAT                                                                         
  
         999         999           0           0           0
 beeta1,beeta2,theta1=  0.500000000000000       0.250000000000000     
   1.00000000000000     
 equvs_process(1:ngroup)                                                        
  
 appear_level(1:ngroup)                                                         
  
 APPEAR_PROCESS                                                                 
  
 appear_process=           1           1           0
 MATNO_PROCESS                                                                  
  
 iblks=           0 ngroup=           3 matno=           1           2
           3
 force_process=           0           0           0
 uinitial=           0
 1-ILINKS(I0                                                                    
  
 1-tLINKS(I0                                                                    
  
 text1=
 1-NGROUP--GROUP                                                                
  
 (3)                                                                            
  
 igroup=           1
 name=Q4        
 igroup=           2
 name=Q4        
 igroup=           3
 name=Q4        
 tne=        2080
 text_tension_joint=
 tension_joint                                                                  
  
 text_tension_contact=
 contact_joint                                                                  
  
 ground_inf=           0 /100=           0
 nblks=           1
 Input runblks, =?
 time: 09:48:53
 COMMENT                                                                        
  
 COMMENT                                                                        
  
 COMMENT                                                                        
  
 COMMENT                                                                        
  
 COMMENT                                                                        
  
 COMMENT                                                                        
  
 COMMENT                                                                        
  
 COMMENT                                                                        
  
 COMMENT                                                                        
  
 COMMENT                                                                        
  
 jmat=           1
 MECHANICAL                    SOLID                                    1
 ELASTIC_ISOTROPIC               0.000000000000000E+000   1.00000000000000     
   1.00000000000000        10000000000.0000       0.180000000000000     
  1.000000000000000E-005           0           0           0
 jmat=           2
 MECHANICAL                    SOLID                                    2
 ELASTIC_ISOTROPIC                2500.00000000000        1.00000000000000     
   1.00000000000000        25000000000.0000       0.167000000000000     
  1.000000000000000E-005           0           0           0
 jmat=           3
 MECHANICAL                    SOLID                                    3
 ELASTIC_ISOTROPIC               0.000000000000000E+000   1.00000000000000     
   1.00000000000000        100000.000000000       0.000000000000000E+000
  1.000000000000000E-005           0           0           0
 ngaps                                                                          
  
 ngaps=           0
 nrcsteel                                                                       
  
 nrcsteel=           0
 nwcpipe                                                                        
  
 nwcpipe=           0
 nifsgroup 
 nifsgroup=           0
 nabsfgroup
 nabsfgroup=           0
 nabssgroup
 nabssgroup=           0
 ifsnedge                                                                       
                      
 ifsnedge=           0
 lblks=           0  blks_new=           1
 lincs=           0  nincs=           0
 lblks=           0  blks_new=           1
 Bparameter=           0
 lblks=           0 lincs=           0 ttime=  0.000000000000000E+000
 ntime=           2 LINEAR                         0           2
 ok waterlevel
 nplgroup=           0
 nedge=           0
 iblks=           1 lineload=           9
 iblks=           1
 time: 09:48:53
 a1
 ifixset=           1 type_abc=
 FIX                                               
 ifixset=           2 type_abc=
 FIX                                               
 outind=           0
 edge_load_group     
 edge_load_group=           0 delgroup=           0
 gray=   9.81000000000000       0.000000000000000E+000  -1.00000000000000     
  0.000000000000000E+000  -1.00000000000000     
 tcurv=           1           1           1
 ecwpipe=           0 iblks=           1 lblks+1=           1
 ecwpipe=           0 iblks=           1 lblks+1=           1
 surface   
 ntedge=           0
 algo_pipe=
 npipe,algo_pipe=           0           3
 linet=           8
 time: 09:48:53
 mtype                           
          -2           4           0
 isdefault                       
           0
 time: 09:48:53
 time: 09:48:53
 response_spectrum
   time depend     iincs=           1
 istep=           1
 outinp=           0
 Reordering completed ... 
 Factorization completed ... 
 max_dofn=           1
 lamda(istep)=  3.092138036123705E-003 lamda_iter=  6.952507574543948E-310
 iiter=           1 lamda_iter=  3.092138036123705E-003
 max_dofn=           1
 lamda(istep)=  1.719774788530644E-003 lamda_iter=  3.092138036123705E-003
 iiter=           2 lamda_iter=  1.719774788530644E-003
 max_dofn=           1
 lamda(istep)=  1.603046798077888E-003 lamda_iter=  1.719774788530644E-003
 iiter=           3 lamda_iter=  1.603046798077888E-003
 max_dofn=           1
 lamda(istep)=  1.588379270666703E-003 lamda_iter=  1.603046798077888E-003
 iiter=           4 lamda_iter=  1.588379270666703E-003
 max_dofn=           1
 lamda(istep)=  1.586485095975382E-003 lamda_iter=  1.588379270666703E-003
 iiter=           5 lamda_iter=  1.586485095975382E-003
 max_dofn=           1
 lamda(istep)=  1.586235393669175E-003 lamda_iter=  1.586485095975382E-003
 iiter=           6 lamda_iter=  1.586235393669175E-003
 max_dofn=           1
 lamda(istep)=  1.586201176939171E-003 lamda_iter=  1.586235393669175E-003
 iiter=           7 lamda_iter=  1.586201176939171E-003
 max_dofn=           1
 lamda(istep)=  1.586196221053613E-003 lamda_iter=  1.586201176939171E-003
 iiter=           8 lamda_iter=  1.586196221053613E-003
 max_dofn=           1
 lamda(istep)=  1.586195453364444E-003 lamda_iter=  1.586196221053613E-003
 iiter=           9 lamda_iter=  1.586195453364444E-003
 max_dofn=           1
 lamda(istep)=  1.586195325743367E-003 lamda_iter=  1.586195453364444E-003
 iiter=          10 lamda_iter=  1.586195325743367E-003
 max_dofn=           1
 lamda(istep)=  1.586195303112038E-003 lamda_iter=  1.586195325743367E-003
 iiter=          11 lamda_iter=  1.586195303112038E-003
 max_dofn=           1
 lamda(istep)=  1.586195298885289E-003 lamda_iter=  1.586195303112038E-003
 iiter=          12 lamda_iter=  1.586195298885289E-003
 max_dofn=           1
 lamda(istep)=  1.586195298064525E-003 lamda_iter=  1.586195298885289E-003
 iiter=          13 lamda_iter=  1.586195298064525E-003
 max_dofn=           1
 lamda(istep)=  1.586195297902423E-003 lamda_iter=  1.586195298064525E-003
 iiter=          14 lamda_iter=  1.586195297902423E-003
 max_dofn=           1
 lamda(istep)=  1.586195297867934E-003 lamda_iter=  1.586195297902423E-003
 iiter=          15 lamda_iter=  1.586195297867934E-003
 max_dofn=           1
 lamda(istep)=  1.586195297860968E-003 lamda_iter=  1.586195297867934E-003
 iiter=          16 lamda_iter=  1.586195297860968E-003
 max_dofn=           1
 lamda(istep)=  1.586195297859141E-003 lamda_iter=  1.586195297860968E-003
 iiter=          17 lamda_iter=  1.586195297859141E-003
 max_dofn=           1
 lamda(istep)=  1.586195297860348E-003 lamda_iter=  1.586195297859141E-003
 ***********RESTART FILE IS UPDATED!*******
 istep=           2
 outinp=           0
 max_dofn=           1
 lamda(istep)=  5.804818431487391E-016 lamda_iter=  1.586195297859141E-003
 iiter=           1 lamda_iter=  5.804818431487391E-016
 max_dofn=           1
 lamda(istep)=  1.470908663873714E-004 lamda_iter=  5.804818431487391E-016
 iiter=           2 lamda_iter=  1.470908663873714E-004
 max_dofn=           1
 lamda(istep)=  3.275189073854535E-004 lamda_iter=  1.470908663873714E-004
 iiter=           3 lamda_iter=  3.275189073854535E-004
 max_dofn=           1
 lamda(istep)=  3.285862879296878E-004 lamda_iter=  3.275189073854535E-004
 iiter=           4 lamda_iter=  3.285862879296878E-004
 max_dofn=           1
 lamda(istep)=  3.287840584272829E-004 lamda_iter=  3.285862879296878E-004
 iiter=           5 lamda_iter=  3.287840584272829E-004
 max_dofn=           1
 lamda(istep)=  3.288539995228743E-004 lamda_iter=  3.287840584272829E-004
 iiter=           6 lamda_iter=  3.288539995228743E-004
 max_dofn=           1
 lamda(istep)=  3.288886283419170E-004 lamda_iter=  3.288539995228743E-004
 iiter=           7 lamda_iter=  3.288886283419170E-004
 max_dofn=           1
 lamda(istep)=  3.289079609225867E-004 lamda_iter=  3.288886283419170E-004
 iiter=           8 lamda_iter=  3.289079609225867E-004
 max_dofn=           1
 lamda(istep)=  3.289191361570453E-004 lamda_iter=  3.289079609225867E-004
 iiter=           9 lamda_iter=  3.289191361570453E-004
 max_dofn=           1
 lamda(istep)=  3.289256569731482E-004 lamda_iter=  3.289191361570453E-004
 iiter=          10 lamda_iter=  3.289256569731482E-004
 max_dofn=           1
 lamda(istep)=  3.289294713326943E-004 lamda_iter=  3.289256569731482E-004
 iiter=          11 lamda_iter=  3.289294713326943E-004
 max_dofn=           1
 lamda(istep)=  3.289317039747996E-004 lamda_iter=  3.289294713326943E-004
 iiter=          12 lamda_iter=  3.289317039747996E-004
 max_dofn=           1
 lamda(istep)=  3.289330110060320E-004 lamda_iter=  3.289317039747996E-004
 iiter=          13 lamda_iter=  3.289330110060320E-004
 max_dofn=           1
 lamda(istep)=  3.289337761949153E-004 lamda_iter=  3.289330110060320E-004
 iiter=          14 lamda_iter=  3.289337761949153E-004
 max_dofn=           1
 lamda(istep)=  3.289342241702194E-004 lamda_iter=  3.289337761949153E-004
 iiter=          15 lamda_iter=  3.289342241702194E-004
 max_dofn=           1
 lamda(istep)=  3.289344864346009E-004 lamda_iter=  3.289342241702194E-004
 iiter=          16 lamda_iter=  3.289344864346009E-004
 max_dofn=           1
 lamda(istep)=  3.289346399754475E-004 lamda_iter=  3.289344864346009E-004
 iiter=          17 lamda_iter=  3.289346399754475E-004
 max_dofn=           1
 lamda(istep)=  3.289347298648276E-004 lamda_iter=  3.289346399754475E-004
 iiter=          18 lamda_iter=  3.289347298648276E-004
 max_dofn=           1
 lamda(istep)=  3.289347824898269E-004 lamda_iter=  3.289347298648276E-004
 iiter=          19 lamda_iter=  3.289347824898269E-004
 max_dofn=           1
 lamda(istep)=  3.289348132987461E-004 lamda_iter=  3.289347824898269E-004
 iiter=          20 lamda_iter=  3.289348132987461E-004
 max_dofn=           1
 lamda(istep)=  3.289348313355101E-004 lamda_iter=  3.289348132987461E-004
 iiter=          21 lamda_iter=  3.289348313355101E-004
 max_dofn=           1
 lamda(istep)=  3.289348418950353E-004 lamda_iter=  3.289348313355101E-004
 iiter=          22 lamda_iter=  3.289348418950353E-004
 max_dofn=           1
 lamda(istep)=  3.289348480769687E-004 lamda_iter=  3.289348418950353E-004
 iiter=          23 lamda_iter=  3.289348480769687E-004
 max_dofn=           1
 lamda(istep)=  3.289348516961758E-004 lamda_iter=  3.289348480769687E-004
 iiter=          24 lamda_iter=  3.289348516961758E-004
 max_dofn=           1
 lamda(istep)=  3.289348538150284E-004 lamda_iter=  3.289348516961758E-004
 iiter=          25 lamda_iter=  3.289348538150284E-004
 max_dofn=           1
 lamda(istep)=  3.289348550554312E-004 lamda_iter=  3.289348538150284E-004
 iiter=          26 lamda_iter=  3.289348550554312E-004
 max_dofn=           1
 lamda(istep)=  3.289348557816185E-004 lamda_iter=  3.289348550554312E-004
 iiter=          27 lamda_iter=  3.289348557816185E-004
 max_dofn=           1
 lamda(istep)=  3.289348562068179E-004 lamda_iter=  3.289348557816185E-004
 iiter=          28 lamda_iter=  3.289348562068179E-004
 max_dofn=           1
 lamda(istep)=  3.289348564557050E-004 lamda_iter=  3.289348562068179E-004
 iiter=          29 lamda_iter=  3.289348564557050E-004
 max_dofn=           1
 lamda(istep)=  3.289348566014115E-004 lamda_iter=  3.289348564557050E-004
 iiter=          30 lamda_iter=  3.289348566014115E-004
 max_dofn=           1
 lamda(istep)=  3.289348566867234E-004 lamda_iter=  3.289348566014115E-004
 iiter=          31 lamda_iter=  3.289348566867234E-004
 max_dofn=           1
 lamda(istep)=  3.289348567366507E-004 lamda_iter=  3.289348566867234E-004
 iiter=          32 lamda_iter=  3.289348567366507E-004
 max_dofn=           1
 lamda(istep)=  3.289348567659177E-004 lamda_iter=  3.289348567366507E-004
 iiter=          33 lamda_iter=  3.289348567659177E-004
 max_dofn=           1
 lamda(istep)=  3.289348567830166E-004 lamda_iter=  3.289348567659177E-004
 iiter=          34 lamda_iter=  3.289348567830166E-004
 max_dofn=           1
 lamda(istep)=  3.289348567930668E-004 lamda_iter=  3.289348567830166E-004
 iiter=          35 lamda_iter=  3.289348567930668E-004
 max_dofn=           1
 lamda(istep)=  3.289348567989190E-004 lamda_iter=  3.289348567930668E-004
 iiter=          36 lamda_iter=  3.289348567989190E-004
 max_dofn=           1
 lamda(istep)=  3.289348568023525E-004 lamda_iter=  3.289348567989190E-004
 iiter=          37 lamda_iter=  3.289348568023525E-004
 max_dofn=           1
 lamda(istep)=  3.289348568043649E-004 lamda_iter=  3.289348568023525E-004
 iiter=          38 lamda_iter=  3.289348568043649E-004
 max_dofn=           1
 lamda(istep)=  3.289348568055620E-004 lamda_iter=  3.289348568043649E-004
 iiter=          39 lamda_iter=  3.289348568055620E-004
 max_dofn=           1
 lamda(istep)=  3.289348568062092E-004 lamda_iter=  3.289348568055620E-004
 iiter=          40 lamda_iter=  3.289348568062092E-004
 max_dofn=           1
 lamda(istep)=  3.289348568066449E-004 lamda_iter=  3.289348568062092E-004
 iiter=          41 lamda_iter=  3.289348568066449E-004
 max_dofn=           1
 lamda(istep)=  3.289348568068557E-004 lamda_iter=  3.289348568066449E-004
 ***********RESTART FILE IS UPDATED!*******
 istep=           3
 outinp=           0
 max_dofn=           1
 lamda(istep)=  5.310185071608770E-016 lamda_iter=  3.289348568066449E-004
 iiter=           1 lamda_iter=  5.310185071608770E-016
 max_dofn=           1
 lamda(istep)=  1.928122179870034E-004 lamda_iter=  5.310185071608770E-016
 iiter=           2 lamda_iter=  1.928122179870034E-004
 max_dofn=           1
 lamda(istep)=  1.930086065467706E-004 lamda_iter=  1.928122179870034E-004
 iiter=           3 lamda_iter=  1.930086065467706E-004
 max_dofn=           1
 lamda(istep)=  1.926738879330368E-004 lamda_iter=  1.930086065467706E-004
 iiter=           4 lamda_iter=  1.926738879330368E-004
 max_dofn=           1
 lamda(istep)=  1.925979953364337E-004 lamda_iter=  1.926738879330368E-004
 iiter=           5 lamda_iter=  1.925979953364337E-004
 max_dofn=           1
 lamda(istep)=  1.925788905653813E-004 lamda_iter=  1.925979953364337E-004
 iiter=           6 lamda_iter=  1.925788905653813E-004
 max_dofn=           1
 lamda(istep)=  1.925739073093330E-004 lamda_iter=  1.925788905653813E-004
 iiter=           7 lamda_iter=  1.925739073093330E-004
 max_dofn=           1
 lamda(istep)=  1.925725923655795E-004 lamda_iter=  1.925739073093330E-004
 iiter=           8 lamda_iter=  1.925725923655795E-004
 max_dofn=           1
 lamda(istep)=  1.925722440621660E-004 lamda_iter=  1.925725923655795E-004
 iiter=           9 lamda_iter=  1.925722440621660E-004
 max_dofn=           1
 lamda(istep)=  1.925721516854706E-004 lamda_iter=  1.925722440621660E-004
 iiter=          10 lamda_iter=  1.925721516854706E-004
 max_dofn=           1
 lamda(istep)=  1.925721271746184E-004 lamda_iter=  1.925721516854706E-004
 iiter=          11 lamda_iter=  1.925721271746184E-004
 max_dofn=           1
 lamda(istep)=  1.925721206704140E-004 lamda_iter=  1.925721271746184E-004
 iiter=          12 lamda_iter=  1.925721206704140E-004
 max_dofn=           1
 lamda(istep)=  1.925721189439918E-004 lamda_iter=  1.925721206704140E-004
 iiter=          13 lamda_iter=  1.925721189439918E-004
 max_dofn=           1
 lamda(istep)=  1.925721184862635E-004 lamda_iter=  1.925721189439918E-004
 iiter=          14 lamda_iter=  1.925721184862635E-004
 max_dofn=           1
 lamda(istep)=  1.925721183645515E-004 lamda_iter=  1.925721184862635E-004
 iiter=          15 lamda_iter=  1.925721183645515E-004
 max_dofn=           1
 lamda(istep)=  1.925721183321867E-004 lamda_iter=  1.925721183645515E-004
 iiter=          16 lamda_iter=  1.925721183321867E-004
 max_dofn=           1
 lamda(istep)=  1.925721183235096E-004 lamda_iter=  1.925721183321867E-004
 iiter=          17 lamda_iter=  1.925721183235096E-004
 max_dofn=           1
 lamda(istep)=  1.925721183216335E-004 lamda_iter=  1.925721183235096E-004
 iiter=          18 lamda_iter=  1.925721183216335E-004
 max_dofn=           1
 lamda(istep)=  1.925721183206955E-004 lamda_iter=  1.925721183216335E-004
 iiter=          19 lamda_iter=  1.925721183206955E-004
 max_dofn=           1
 lamda(istep)=  1.925721183207122E-004 lamda_iter=  1.925721183206955E-004
 ***********RESTART FILE IS UPDATED!*******
 istep=           4
 outinp=           0
 max_dofn=           1
 lamda(istep)=  1.620882247865829E-016 lamda_iter=  1.925721183206955E-004
 iiter=           1 lamda_iter=  1.620882247865829E-016
 max_dofn=           1
 lamda(istep)=  4.424779984182084E-006 lamda_iter=  1.620882247865829E-016
 iiter=           2 lamda_iter=  4.424779984182084E-006
 max_dofn=           1
 lamda(istep)=  5.128445743559210E-005 lamda_iter=  4.424779984182084E-006
 iiter=           3 lamda_iter=  5.128445743559210E-005
 max_dofn=           1
 lamda(istep)=  5.116719866965446E-005 lamda_iter=  5.128445743559210E-005
 iiter=           4 lamda_iter=  5.116719866965446E-005
 max_dofn=           1
 lamda(istep)=  5.112678244134815E-005 lamda_iter=  5.116719866965446E-005
 iiter=           5 lamda_iter=  5.112678244134815E-005
 max_dofn=           1
 lamda(istep)=  5.111351238572552E-005 lamda_iter=  5.112678244134815E-005
 iiter=           6 lamda_iter=  5.111351238572552E-005
 max_dofn=           1
 lamda(istep)=  5.110908970592321E-005 lamda_iter=  5.111351238572552E-005
 iiter=           7 lamda_iter=  5.110908970592321E-005
 max_dofn=           1
 lamda(istep)=  5.110760567155388E-005 lamda_iter=  5.110908970592321E-005
 iiter=           8 lamda_iter=  5.110760567155388E-005
 max_dofn=           1
 lamda(istep)=  5.110710859559663E-005 lamda_iter=  5.110760567155388E-005
 iiter=           9 lamda_iter=  5.110710859559663E-005
 max_dofn=           1
 lamda(istep)=  5.110694339226921E-005 lamda_iter=  5.110710859559663E-005
 iiter=          10 lamda_iter=  5.110694339226921E-005
 max_dofn=           1
 lamda(istep)=  5.110688919442632E-005 lamda_iter=  5.110694339226921E-005
 iiter=          11 lamda_iter=  5.110688919442632E-005
 max_dofn=           1
 lamda(istep)=  5.110687174895762E-005 lamda_iter=  5.110688919442632E-005
 iiter=          12 lamda_iter=  5.110687174895762E-005
 max_dofn=           1
 lamda(istep)=  5.110686628749590E-005 lamda_iter=  5.110687174895762E-005
 iiter=          13 lamda_iter=  5.110686628749590E-005
 max_dofn=           1
 lamda(istep)=  5.110686464885967E-005 lamda_iter=  5.110686628749590E-005
 iiter=          14 lamda_iter=  5.110686464885967E-005
 max_dofn=           1
 lamda(istep)=  5.110686419090384E-005 lamda_iter=  5.110686464885967E-005
 iiter=          15 lamda_iter=  5.110686419090384E-005
 max_dofn=           1
 lamda(istep)=  5.110686407950719E-005 lamda_iter=  5.110686419090384E-005
 iiter=          16 lamda_iter=  5.110686407950719E-005
 max_dofn=           1
 lamda(istep)=  5.110686406114947E-005 lamda_iter=  5.110686407950719E-005
 iiter=          17 lamda_iter=  5.110686406114947E-005
 max_dofn=           1
 lamda(istep)=  5.110686406351796E-005 lamda_iter=  5.110686406114947E-005
 iiter=          18 lamda_iter=  5.110686406351796E-005
 max_dofn=           1
 lamda(istep)=  5.110686406796531E-005 lamda_iter=  5.110686406351796E-005
 iiter=          19 lamda_iter=  5.110686406796531E-005
 max_dofn=           1
 lamda(istep)=  5.110686407112599E-005 lamda_iter=  5.110686406796531E-005
 iiter=          20 lamda_iter=  5.110686407112599E-005
 max_dofn=           1
 lamda(istep)=  5.110686407286447E-005 lamda_iter=  5.110686407112599E-005
 iiter=          21 lamda_iter=  5.110686407286447E-005
 max_dofn=           1
 lamda(istep)=  5.110686407377666E-005 lamda_iter=  5.110686407286447E-005
 iiter=          22 lamda_iter=  5.110686407377666E-005
 max_dofn=           1
 lamda(istep)=  5.110686407415691E-005 lamda_iter=  5.110686407377666E-005
 iiter=          23 lamda_iter=  5.110686407415691E-005
 max_dofn=           1
 lamda(istep)=  5.110686407439664E-005 lamda_iter=  5.110686407415691E-005
 iiter=          24 lamda_iter=  5.110686407439664E-005
 max_dofn=           1
 lamda(istep)=  5.110686407448735E-005 lamda_iter=  5.110686407439664E-005
 iiter=          25 lamda_iter=  5.110686407448735E-005
 max_dofn=           1
 lamda(istep)=  5.110686407452321E-005 lamda_iter=  5.110686407448735E-005
 ***********RESTART FILE IS UPDATED!*******
 istep=           5
 outinp=           0
 max_dofn=           1
 lamda(istep)=  7.693769666500261E-017 lamda_iter=  5.110686407448735E-005
 iiter=           1 lamda_iter=  7.693769666500261E-017
 max_dofn=           1
 lamda(istep)=  2.305516196028535E-005 lamda_iter=  7.693769666500261E-017
 iiter=           2 lamda_iter=  2.305516196028535E-005
 max_dofn=           1
 lamda(istep)=  2.153240623008914E-005 lamda_iter=  2.305516196028535E-005
 iiter=           3 lamda_iter=  2.153240623008914E-005
 max_dofn=           1
 lamda(istep)=  2.153266411968286E-005 lamda_iter=  2.153240623008914E-005
 iiter=           4 lamda_iter=  2.153266411968286E-005
 max_dofn=           1
 lamda(istep)=  2.153123025410344E-005 lamda_iter=  2.153266411968286E-005
 iiter=           5 lamda_iter=  2.153123025410344E-005
 max_dofn=           1
 lamda(istep)=  2.152932283081680E-005 lamda_iter=  2.153123025410344E-005
 iiter=           6 lamda_iter=  2.152932283081680E-005
 max_dofn=           1
 lamda(istep)=  2.152745323982679E-005 lamda_iter=  2.152932283081680E-005
 iiter=           7 lamda_iter=  2.152745323982679E-005
 max_dofn=           1
 lamda(istep)=  2.152578074409093E-005 lamda_iter=  2.152745323982679E-005
 iiter=           8 lamda_iter=  2.152578074409093E-005
 max_dofn=           1
 lamda(istep)=  2.152433885041584E-005 lamda_iter=  2.152578074409093E-005
 iiter=           9 lamda_iter=  2.152433885041584E-005
 max_dofn=           1
 lamda(istep)=  2.152311666457201E-005 lamda_iter=  2.152433885041584E-005
 iiter=          10 lamda_iter=  2.152311666457201E-005
 max_dofn=           1
 lamda(istep)=  2.152208921281653E-005 lamda_iter=  2.152311666457201E-005
 iiter=          11 lamda_iter=  2.152208921281653E-005
 max_dofn=           1
 lamda(istep)=  2.152122901343716E-005 lamda_iter=  2.152208921281653E-005
 iiter=          12 lamda_iter=  2.152122901343716E-005
 max_dofn=           1
 lamda(istep)=  2.152051033187583E-005 lamda_iter=  2.152122901343716E-005
 iiter=          13 lamda_iter=  2.152051033187583E-005
 max_dofn=           1
 lamda(istep)=  2.151991051226421E-005 lamda_iter=  2.152051033187583E-005
 iiter=          14 lamda_iter=  2.151991051226421E-005
 max_dofn=           1
 lamda(istep)=  2.151941015606190E-005 lamda_iter=  2.151991051226421E-005
 iiter=          15 lamda_iter=  2.151941015606190E-005
 max_dofn=           1
 lamda(istep)=  2.151899287510500E-005 lamda_iter=  2.151941015606190E-005
 iiter=          16 lamda_iter=  2.151899287510500E-005
 max_dofn=           1
 lamda(istep)=  2.151864491651785E-005 lamda_iter=  2.151899287510500E-005
 iiter=          17 lamda_iter=  2.151864491651785E-005
 max_dofn=           1
 lamda(istep)=  2.151835477763626E-005 lamda_iter=  2.151864491651785E-005
 iiter=          18 lamda_iter=  2.151835477763626E-005
 max_dofn=           1
 lamda(istep)=  2.151811285402612E-005 lamda_iter=  2.151835477763626E-005
 iiter=          19 lamda_iter=  2.151811285402612E-005
 max_dofn=           1
 lamda(istep)=  2.151791113290425E-005 lamda_iter=  2.151811285402612E-005
 iiter=          20 lamda_iter=  2.151791113290425E-005
 max_dofn=           1
 lamda(istep)=  2.151774293204637E-005 lamda_iter=  2.151791113290425E-005
 iiter=          21 lamda_iter=  2.151774293204637E-005
 max_dofn=           1
 lamda(istep)=  2.151760267982428E-005 lamda_iter=  2.151774293204637E-005
 iiter=          22 lamda_iter=  2.151760267982428E-005
 max_dofn=           1
 lamda(istep)=  2.151748573094057E-005 lamda_iter=  2.151760267982428E-005
 iiter=          23 lamda_iter=  2.151748573094057E-005
 max_dofn=           1
 lamda(istep)=  2.151738821247994E-005 lamda_iter=  2.151748573094057E-005
 iiter=          24 lamda_iter=  2.151738821247994E-005
 max_dofn=           1
 lamda(istep)=  2.151730689545013E-005 lamda_iter=  2.151738821247994E-005
 iiter=          25 lamda_iter=  2.151730689545013E-005
 max_dofn=           1
 lamda(istep)=  2.151723908766361E-005 lamda_iter=  2.151730689545013E-005
 iiter=          26 lamda_iter=  2.151723908766361E-005
 max_dofn=           1
 lamda(istep)=  2.151718254444009E-005 lamda_iter=  2.151723908766361E-005
 iiter=          27 lamda_iter=  2.151718254444009E-005
 max_dofn=           1
 lamda(istep)=  2.151713539419573E-005 lamda_iter=  2.151718254444009E-005
 iiter=          28 lamda_iter=  2.151713539419573E-005
 max_dofn=           1
 lamda(istep)=  2.151709607637176E-005 lamda_iter=  2.151713539419573E-005
 iiter=          29 lamda_iter=  2.151709607637176E-005
 max_dofn=           1
 lamda(istep)=  2.151706328975246E-005 lamda_iter=  2.151709607637176E-005
 iiter=          30 lamda_iter=  2.151706328975246E-005
 max_dofn=           1
 lamda(istep)=  2.151703594932178E-005 lamda_iter=  2.151706328975246E-005
 iiter=          31 lamda_iter=  2.151703594932178E-005
 max_dofn=           1
 lamda(istep)=  2.151701315035422E-005 lamda_iter=  2.151703594932178E-005
 iiter=          32 lamda_iter=  2.151701315035422E-005
 max_dofn=           1
 lamda(istep)=  2.151699413843052E-005 lamda_iter=  2.151701315035422E-005
 iiter=          33 lamda_iter=  2.151699413843052E-005
 max_dofn=           1
 lamda(istep)=  2.151697828447159E-005 lamda_iter=  2.151699413843052E-005
 iiter=          34 lamda_iter=  2.151697828447159E-005
 max_dofn=           1
 lamda(istep)=  2.151696506389929E-005 lamda_iter=  2.151697828447159E-005
 iiter=          35 lamda_iter=  2.151696506389929E-005
 max_dofn=           1
 lamda(istep)=  2.151695403928943E-005 lamda_iter=  2.151696506389929E-005
 iiter=          36 lamda_iter=  2.151695403928943E-005
 max_dofn=           1
 lamda(istep)=  2.151694484587944E-005 lamda_iter=  2.151695403928943E-005
 iiter=          37 lamda_iter=  2.151694484587944E-005
 max_dofn=           1
 lamda(istep)=  2.151693717949264E-005 lamda_iter=  2.151694484587944E-005
 iiter=          38 lamda_iter=  2.151693717949264E-005
 max_dofn=           1
 lamda(istep)=  2.151693078648878E-005 lamda_iter=  2.151693717949264E-005
 iiter=          39 lamda_iter=  2.151693078648878E-005
 max_dofn=           1
 lamda(istep)=  2.151692545536043E-005 lamda_iter=  2.151693078648878E-005
 iiter=          40 lamda_iter=  2.151692545536043E-005
 max_dofn=           1
 lamda(istep)=  2.151692100972057E-005 lamda_iter=  2.151692545536043E-005
 iiter=          41 lamda_iter=  2.151692100972057E-005
 max_dofn=           1
 lamda(istep)=  2.151691730249369E-005 lamda_iter=  2.151692100972057E-005
 iiter=          42 lamda_iter=  2.151691730249369E-005
 max_dofn=           1
 lamda(istep)=  2.151691421102825E-005 lamda_iter=  2.151691730249369E-005
 iiter=          43 lamda_iter=  2.151691421102825E-005
 max_dofn=           1
 lamda(istep)=  2.151691163305084E-005 lamda_iter=  2.151691421102825E-005
 iiter=          44 lamda_iter=  2.151691163305084E-005
 max_dofn=           1
 lamda(istep)=  2.151690948326722E-005 lamda_iter=  2.151691163305084E-005
 iiter=          45 lamda_iter=  2.151690948326722E-005
 max_dofn=           1
 lamda(istep)=  2.151690769055221E-005 lamda_iter=  2.151690948326722E-005
 iiter=          46 lamda_iter=  2.151690769055221E-005
 max_dofn=           1
 lamda(istep)=  2.151690619560774E-005 lamda_iter=  2.151690769055221E-005
 iiter=          47 lamda_iter=  2.151690619560774E-005
 max_dofn=           1
 lamda(istep)=  2.151690494896303E-005 lamda_iter=  2.151690619560774E-005
 iiter=          48 lamda_iter=  2.151690494896303E-005
 max_dofn=           1
 lamda(istep)=  2.151690390939008E-005 lamda_iter=  2.151690494896303E-005
 iiter=          49 lamda_iter=  2.151690390939008E-005
 max_dofn=           1
 lamda(istep)=  2.151690304247596E-005 lamda_iter=  2.151690390939008E-005
 iiter=          50 lamda_iter=  2.151690304247596E-005
 max_dofn=           1
 lamda(istep)=  2.151690231956185E-005 lamda_iter=  2.151690304247596E-005
 iiter=          51 lamda_iter=  2.151690231956185E-005
 max_dofn=           1
 lamda(istep)=  2.151690171671919E-005 lamda_iter=  2.151690231956185E-005
 iiter=          52 lamda_iter=  2.151690171671919E-005
 max_dofn=           1
 lamda(istep)=  2.151690121400580E-005 lamda_iter=  2.151690171671919E-005
 iiter=          53 lamda_iter=  2.151690121400580E-005
 max_dofn=           1
 lamda(istep)=  2.151690079478919E-005 lamda_iter=  2.151690121400580E-005
 iiter=          54 lamda_iter=  2.151690079478919E-005
 max_dofn=           1
 lamda(istep)=  2.151690044520663E-005 lamda_iter=  2.151690079478919E-005
 iiter=          55 lamda_iter=  2.151690044520663E-005
 max_dofn=           1
 lamda(istep)=  2.151690015368614E-005 lamda_iter=  2.151690044520663E-005
 iiter=          56 lamda_iter=  2.151690015368614E-005
 max_dofn=           1
 lamda(istep)=  2.151689991058650E-005 lamda_iter=  2.151690015368614E-005
 iiter=          57 lamda_iter=  2.151689991058650E-005
 max_dofn=           1
 lamda(istep)=  2.151689970786542E-005 lamda_iter=  2.151689991058650E-005
 iiter=          58 lamda_iter=  2.151689970786542E-005
 max_dofn=           1
 lamda(istep)=  2.151689953881594E-005 lamda_iter=  2.151689970786542E-005
 iiter=          59 lamda_iter=  2.151689953881594E-005
 max_dofn=           1
 lamda(istep)=  2.151689939784239E-005 lamda_iter=  2.151689953881594E-005
 iiter=          60 lamda_iter=  2.151689939784239E-005
 max_dofn=           1
 lamda(istep)=  2.151689928028743E-005 lamda_iter=  2.151689939784239E-005
 iiter=          61 lamda_iter=  2.151689928028743E-005
 max_dofn=           1
 lamda(istep)=  2.151689918225715E-005 lamda_iter=  2.151689928028743E-005
 iiter=          62 lamda_iter=  2.151689918225715E-005
 max_dofn=           1
 lamda(istep)=  2.151689910050682E-005 lamda_iter=  2.151689918225715E-005
 iiter=          63 lamda_iter=  2.151689910050682E-005
 max_dofn=           1
 lamda(istep)=  2.151689903233779E-005 lamda_iter=  2.151689910050682E-005
 iiter=          64 lamda_iter=  2.151689903233779E-005
 max_dofn=           1
 lamda(istep)=  2.151689897549007E-005 lamda_iter=  2.151689903233779E-005
 iiter=          65 lamda_iter=  2.151689897549007E-005
 max_dofn=           1
 lamda(istep)=  2.151689892808445E-005 lamda_iter=  2.151689897549007E-005
 iiter=          66 lamda_iter=  2.151689892808445E-005
 max_dofn=           1
 lamda(istep)=  2.151689888855119E-005 lamda_iter=  2.151689892808445E-005
 iiter=          67 lamda_iter=  2.151689888855119E-005
 max_dofn=           1
 lamda(istep)=  2.151689885558853E-005 lamda_iter=  2.151689888855119E-005
 iiter=          68 lamda_iter=  2.151689885558853E-005
 max_dofn=           1
 lamda(istep)=  2.151689882809832E-005 lamda_iter=  2.151689885558853E-005
 iiter=          69 lamda_iter=  2.151689882809832E-005
 max_dofn=           1
 lamda(istep)=  2.151689880517431E-005 lamda_iter=  2.151689882809832E-005
 iiter=          70 lamda_iter=  2.151689880517431E-005
 max_dofn=           1
 lamda(istep)=  2.151689878605649E-005 lamda_iter=  2.151689880517431E-005
 iiter=          71 lamda_iter=  2.151689878605649E-005
 max_dofn=           1
 lamda(istep)=  2.151689877011547E-005 lamda_iter=  2.151689878605649E-005
 iiter=          72 lamda_iter=  2.151689877011547E-005
 max_dofn=           1
 lamda(istep)=  2.151689875682229E-005 lamda_iter=  2.151689877011547E-005
 iiter=          73 lamda_iter=  2.151689875682229E-005
 max_dofn=           1
 lamda(istep)=  2.151689874573942E-005 lamda_iter=  2.151689875682229E-005
 iiter=          74 lamda_iter=  2.151689874573942E-005
 max_dofn=           1
 lamda(istep)=  2.151689873649244E-005 lamda_iter=  2.151689874573942E-005
 iiter=          75 lamda_iter=  2.151689873649244E-005
 max_dofn=           1
 lamda(istep)=  2.151689872878414E-005 lamda_iter=  2.151689873649244E-005
 iiter=          76 lamda_iter=  2.151689872878414E-005
 max_dofn=           1
 lamda(istep)=  2.151689872235470E-005 lamda_iter=  2.151689872878414E-005
 iiter=          77 lamda_iter=  2.151689872235470E-005
 max_dofn=           1
 lamda(istep)=  2.151689871699788E-005 lamda_iter=  2.151689872235470E-005
 iiter=          78 lamda_iter=  2.151689871699788E-005
 max_dofn=           1
 lamda(istep)=  2.151689871252053E-005 lamda_iter=  2.151689871699788E-005
 iiter=          79 lamda_iter=  2.151689871252053E-005
 max_dofn=           1
 lamda(istep)=  2.151689870879696E-005 lamda_iter=  2.151689871252053E-005
 iiter=          80 lamda_iter=  2.151689870879696E-005
 max_dofn=           1
 lamda(istep)=  2.151689870568890E-005 lamda_iter=  2.151689870879696E-005
 iiter=          81 lamda_iter=  2.151689870568890E-005
 max_dofn=           1
 lamda(istep)=  2.151689870309652E-005 lamda_iter=  2.151689870568890E-005
 iiter=          82 lamda_iter=  2.151689870309652E-005
 max_dofn=           1
 lamda(istep)=  2.151689870093511E-005 lamda_iter=  2.151689870309652E-005
 iiter=          83 lamda_iter=  2.151689870093511E-005
 max_dofn=           1
 lamda(istep)=  2.151689869913157E-005 lamda_iter=  2.151689870093511E-005
 iiter=          84 lamda_iter=  2.151689869913157E-005
 max_dofn=           1
 lamda(istep)=  2.151689869762818E-005 lamda_iter=  2.151689869913157E-005
 iiter=          85 lamda_iter=  2.151689869762818E-005
 max_dofn=           1
 lamda(istep)=  2.151689869637520E-005 lamda_iter=  2.151689869762818E-005
 iiter=          86 lamda_iter=  2.151689869637520E-005
 max_dofn=           1
 lamda(istep)=  2.151689869532742E-005 lamda_iter=  2.151689869637520E-005
 iiter=          87 lamda_iter=  2.151689869532742E-005
 max_dofn=           1
 lamda(istep)=  2.151689869445885E-005 lamda_iter=  2.151689869532742E-005
 iiter=          88 lamda_iter=  2.151689869445885E-005
 max_dofn=           1
 lamda(istep)=  2.151689869373110E-005 lamda_iter=  2.151689869445885E-005
 iiter=          89 lamda_iter=  2.151689869373110E-005
 max_dofn=           1
 lamda(istep)=  2.151689869312416E-005 lamda_iter=  2.151689869373110E-005
 iiter=          90 lamda_iter=  2.151689869312416E-005
 max_dofn=           1
 lamda(istep)=  2.151689869261854E-005 lamda_iter=  2.151689869312416E-005
 iiter=          91 lamda_iter=  2.151689869261854E-005
 max_dofn=           1
 lamda(istep)=  2.151689869219892E-005 lamda_iter=  2.151689869261854E-005
 iiter=          92 lamda_iter=  2.151689869219892E-005
 max_dofn=           1
 lamda(istep)=  2.151689869184360E-005 lamda_iter=  2.151689869219892E-005
 iiter=          93 lamda_iter=  2.151689869184360E-005
 max_dofn=           1
 lamda(istep)=  2.151689869155485E-005 lamda_iter=  2.151689869184360E-005
 iiter=          94 lamda_iter=  2.151689869155485E-005
 max_dofn=           1
 lamda(istep)=  2.151689869130739E-005 lamda_iter=  2.151689869155485E-005
 iiter=          95 lamda_iter=  2.151689869130739E-005
 max_dofn=           1
 lamda(istep)=  2.151689869110521E-005 lamda_iter=  2.151689869130739E-005
 iiter=          96 lamda_iter=  2.151689869110521E-005
 max_dofn=           1
 lamda(istep)=  2.151689869093460E-005 lamda_iter=  2.151689869110521E-005
 iiter=          97 lamda_iter=  2.151689869093460E-005
 max_dofn=           1
 lamda(istep)=  2.151689869079206E-005 lamda_iter=  2.151689869093460E-005
 iiter=          98 lamda_iter=  2.151689869079206E-005
 max_dofn=           1
 lamda(istep)=  2.151689869067514E-005 lamda_iter=  2.151689869079206E-005
 iiter=          99 lamda_iter=  2.151689869067514E-005
 max_dofn=           1
 lamda(istep)=  2.151689869057606E-005 lamda_iter=  2.151689869067514E-005
 iiter=         100 lamda_iter=  2.151689869057606E-005
 max_dofn=           1
 lamda(istep)=  2.151689869049276E-005 lamda_iter=  2.151689869057606E-005
 iiter=         101 lamda_iter=  2.151689869049276E-005
 max_dofn=           1
 lamda(istep)=  2.151689869042474E-005 lamda_iter=  2.151689869049276E-005
 iiter=         102 lamda_iter=  2.151689869042474E-005
 max_dofn=           1
 lamda(istep)=  2.151689869036887E-005 lamda_iter=  2.151689869042474E-005
 iiter=         103 lamda_iter=  2.151689869036887E-005
 max_dofn=           1
 lamda(istep)=  2.151689869032022E-005 lamda_iter=  2.151689869036887E-005
 iiter=         104 lamda_iter=  2.151689869032022E-005
 max_dofn=           1
 lamda(istep)=  2.151689869028116E-005 lamda_iter=  2.151689869032022E-005
 iiter=         105 lamda_iter=  2.151689869028116E-005
 max_dofn=           1
 lamda(istep)=  2.151689869024637E-005 lamda_iter=  2.151689869028116E-005
 iiter=         106 lamda_iter=  2.151689869024637E-005
 max_dofn=           1
 lamda(istep)=  2.151689869022137E-005 lamda_iter=  2.151689869024637E-005
 iiter=         107 lamda_iter=  2.151689869022137E-005
 max_dofn=           1
 lamda(istep)=  2.151689869019619E-005 lamda_iter=  2.151689869022137E-005
 iiter=         108 lamda_iter=  2.151689869019619E-005
 max_dofn=           1
 lamda(istep)=  2.151689869017761E-005 lamda_iter=  2.151689869019619E-005
 ***********RESTART FILE IS UPDATED!*******
 time: 09:48:54
 time: 09:48:53
