 time: 23:48:24
 time: 23:48:24
 Input the problem name?
 NPOIN                                                                          
  
        3920        3920        3777           2           3           3
           0 GIDR                  0.000000000000000E+000           0
           0           0           0           0       99999
 NINIT                                                                          
  
           0           0           0           1           0           0
           0           0           0           0           0 
 FIX                                                          0           0
           0           0           0           0           0
 outinpunit=          37 outindunit=          54
 TYPE_PROBLEM                                                                   
  
 E                                                 
 PARDISO                                           
 LOAD                                                         5           0
           0           0
 type_layer1                                                                    
  
 NMASS                                                                          
  
           1           1           1           1           0           0
           1           0           1           0           0
 nfreeflownode                                                                  
  
 NTSMAT                                                                         
  
         999         999           0           0           0
 beeta1,beeta2,theta1=  0.500000000000000       0.250000000000000     
   1.00000000000000     
 equvs_process(1:ngroup)                                                        
  
 appear_level(1:ngroup)                                                         
  
 APPEAR_PROCESS                                                                 
  
 appear_process=           1           1           0
 MATNO_PROCESS                                                                  
  
 iblks=           0 ngroup=           3 matno=           1           2
           3
 force_process=           1           1           1
 uinitial=           0
 1-ILINKS(I0                                                                    
  
 1-tLINKS(I0                                                                    
  
 text1=
 1-NGROUP--GROUP                                                                
  
 (3)                                                                            
  
 igroup=           1
 name=Q4        
 igroup=           2
 name=Q4        
 igroup=           3
 name=Q4        
 tne=        3777
 text_tension_joint=
 tension_joint                                                                  
  
 text_tension_contact=
 contact_joint                                                                  
  
 ground_inf=           0 /100=           0
 nblks=           1
 Input runblks, =?
 time: 23:48:24
 MATERIAL                                                                       
  
 NAME                                                                           
  
 FIRST:NAME---MECHANICAL                                                        
  
 FOR                                                                            
  
 NUMBER                                                                         
  
 FOR                                                                            
  
 FOR                                                                            
  
 FOR                                                                            
  
 CAMCLAY                                                                        
  
 FOR                                                                            
  
 jmat=           1
 MECHANICAL                    SOLID                                    1
 ELASTIC_ISOTROPIC                2500.00000000000        1.00000000000000     
   1.00000000000000        25000000000.0000       0.167000000000000     
  1.000000000000000E-005           0           0           0
 jmat=           2
 MECHANICAL                    SOLID                                    2
 ELASTIC_ISOTROPIC               0.000000000000000E+000   1.00000000000000     
   1.00000000000000        10000000000.0000       0.180000000000000     
  1.000000000000000E-005           0           0           0
 jmat=           3
 MECHANICAL                    SOLID                                    3
 ELASTIC_ISOTROPIC               0.000000000000000E+000   1.00000000000000     
   1.00000000000000        10000000000.0000       0.180000000000000     
  1.000000000000000E-005           0           0           0
 ngaps                                                                          
  
 ngaps=           0
 nrcsteel                                                                       
  
 nrcsteel=           0
 nwcpipe                                                                        
  
 nwcpipe=           0
 nifsgroup 
 nifsgroup=           0
 nabsgroup 
 nabsfgroup=           0
 nabssgroup
 nabssgroup=           0
 ifsnedge                                                                       
                      
 ifsnedge=           0
 lblks=           0  blks_new=           1
 lincs=           0  nincs=           0
 lblks=           0  blks_new=           1
 Bparameter=           0
 lblks=           0 lincs=           0 ttime=  0.000000000000000E+000
 ntime=           2 LINEAR                         0           2
 ok waterlevel
 nplgroup=           0
 nedge=           0
 iblks=           1 lineload=           9
 iblks=           1
 time: 23:48:24
 a1
 ifixset=           1 type_abc=
 FIX                                               
 ifixset=           2 type_abc=
 FIX                                               
 outind=           0
 edge_load_group     
 edge_load_group=           0 delgroup=           0
 gray=   9.81000000000000       0.000000000000000E+000  -1.00000000000000     
  0.000000000000000E+000  -1.00000000000000     
 tcurv=           1           1           1
 ecwpipe=           0 iblks=           1 lblks+1=           1
 ecwpipe=           0 iblks=           1 lblks+1=           1
 总的散热面
 ntedge=           0
 algo_pipe=
 npipe,algo_pipe=           0           3
 linet=           8
 time: 23:48:24
 mtype                           
          -2           4           0
 isdefault                       
           0
 time: 23:48:24
 time: 23:48:24
 response_spectrum
   time depend     iincs=           1
 istep=           1
 outinp=           0
 Reordering completed ... 
 Factorization completed ... 
 max_dofn=           1
 lamda(istep)=  2.976219266939124E-003 lamda_iter=  0.000000000000000E+000
 iiter=           1 lamda_iter=  2.976219266939124E-003
 max_dofn=           1
 lamda(istep)=  1.576632733983907E-003 lamda_iter=  2.976219266939124E-003
 iiter=           2 lamda_iter=  1.576632733983907E-003
 max_dofn=           1
 lamda(istep)=  1.431730502923146E-003 lamda_iter=  1.576632733983907E-003
 iiter=           3 lamda_iter=  1.431730502923146E-003
 max_dofn=           1
 lamda(istep)=  1.409280830476540E-003 lamda_iter=  1.431730502923146E-003
 iiter=           4 lamda_iter=  1.409280830476540E-003
 max_dofn=           1
 lamda(istep)=  1.405736998456179E-003 lamda_iter=  1.409280830476540E-003
 iiter=           5 lamda_iter=  1.405736998456179E-003
 max_dofn=           1
 lamda(istep)=  1.405182162238111E-003 lamda_iter=  1.405736998456179E-003
 iiter=           6 lamda_iter=  1.405182162238111E-003
 max_dofn=           1
 lamda(istep)=  1.405095484058790E-003 lamda_iter=  1.405182162238111E-003
 iiter=           7 lamda_iter=  1.405095484058790E-003
 max_dofn=           1
 lamda(istep)=  1.405081900798051E-003 lamda_iter=  1.405095484058790E-003
 iiter=           8 lamda_iter=  1.405081900798051E-003
 max_dofn=           1
 lamda(istep)=  1.405079758356769E-003 lamda_iter=  1.405081900798051E-003
 iiter=           9 lamda_iter=  1.405079758356769E-003
 max_dofn=           1
 lamda(istep)=  1.405079417300718E-003 lamda_iter=  1.405079758356769E-003
 iiter=          10 lamda_iter=  1.405079417300718E-003
 max_dofn=           1
 lamda(istep)=  1.405079362349678E-003 lamda_iter=  1.405079417300718E-003
 iiter=          11 lamda_iter=  1.405079362349678E-003
 max_dofn=           1
 lamda(istep)=  1.405079353361818E-003 lamda_iter=  1.405079362349678E-003
 iiter=          12 lamda_iter=  1.405079353361818E-003
 max_dofn=           1
 lamda(istep)=  1.405079351862819E-003 lamda_iter=  1.405079353361818E-003
 iiter=          13 lamda_iter=  1.405079351862819E-003
 max_dofn=           1
 lamda(istep)=  1.405079351608921E-003 lamda_iter=  1.405079351862819E-003
 iiter=          14 lamda_iter=  1.405079351608921E-003
 max_dofn=           1
 lamda(istep)=  1.405079351563532E-003 lamda_iter=  1.405079351608921E-003
 iiter=          15 lamda_iter=  1.405079351563532E-003
 max_dofn=           1
 lamda(istep)=  1.405079351556051E-003 lamda_iter=  1.405079351563532E-003
 iiter=          16 lamda_iter=  1.405079351556051E-003
 max_dofn=           1
 lamda(istep)=  1.405079351555014E-003 lamda_iter=  1.405079351556051E-003
 ***********RESTART FILE IS UPDATED!*******
 istep=           2
 outinp=           0
 max_dofn=           1
 lamda(istep)=  1.343760172578534E-015 lamda_iter=  1.405079351556051E-003
 iiter=           1 lamda_iter=  1.343760172578534E-015
 max_dofn=           1
 lamda(istep)=  2.876231057613401E-004 lamda_iter=  1.343760172578534E-015
 iiter=           2 lamda_iter=  2.876231057613401E-004
 max_dofn=           1
 lamda(istep)=  2.986339207972441E-004 lamda_iter=  2.876231057613401E-004
 iiter=           3 lamda_iter=  2.986339207972441E-004
 max_dofn=           1
 lamda(istep)=  2.982578143713364E-004 lamda_iter=  2.986339207972441E-004
 iiter=           4 lamda_iter=  2.982578143713364E-004
 max_dofn=           1
 lamda(istep)=  2.980176572627039E-004 lamda_iter=  2.982578143713364E-004
 iiter=           5 lamda_iter=  2.980176572627039E-004
 max_dofn=           1
 lamda(istep)=  2.978562700060973E-004 lamda_iter=  2.980176572627039E-004
 iiter=           6 lamda_iter=  2.978562700060973E-004
 max_dofn=           1
 lamda(istep)=  2.977426623275010E-004 lamda_iter=  2.978562700060973E-004
 iiter=           7 lamda_iter=  2.977426623275010E-004
 max_dofn=           1
 lamda(istep)=  2.976612549612224E-004 lamda_iter=  2.977426623275010E-004
 iiter=           8 lamda_iter=  2.976612549612224E-004
 max_dofn=           1
 lamda(istep)=  2.976025603414543E-004 lamda_iter=  2.976612549612224E-004
 iiter=           9 lamda_iter=  2.976025603414543E-004
 max_dofn=           1
 lamda(istep)=  2.975601478663630E-004 lamda_iter=  2.976025603414543E-004
 iiter=          10 lamda_iter=  2.975601478663630E-004
 max_dofn=           1
 lamda(istep)=  2.975294736900543E-004 lamda_iter=  2.975601478663630E-004
 iiter=          11 lamda_iter=  2.975294736900543E-004
 max_dofn=           1
 lamda(istep)=  2.975072798460878E-004 lamda_iter=  2.975294736900543E-004
 iiter=          12 lamda_iter=  2.975072798460878E-004
 max_dofn=           1
 lamda(istep)=  2.974912181191980E-004 lamda_iter=  2.975072798460878E-004
 iiter=          13 lamda_iter=  2.974912181191980E-004
 max_dofn=           1
 lamda(istep)=  2.974795925314619E-004 lamda_iter=  2.974912181191980E-004
 iiter=          14 lamda_iter=  2.974795925314619E-004
 max_dofn=           1
 lamda(istep)=  2.974711770253836E-004 lamda_iter=  2.974795925314619E-004
 iiter=          15 lamda_iter=  2.974711770253836E-004
 max_dofn=           1
 lamda(istep)=  2.974650848064433E-004 lamda_iter=  2.974711770253836E-004
 iiter=          16 lamda_iter=  2.974650848064433E-004
 max_dofn=           1
 lamda(istep)=  2.974606742623328E-004 lamda_iter=  2.974650848064433E-004
 iiter=          17 lamda_iter=  2.974606742623328E-004
 max_dofn=           1
 lamda(istep)=  2.974574810762779E-004 lamda_iter=  2.974606742623328E-004
 iiter=          18 lamda_iter=  2.974574810762779E-004
 max_dofn=           1
 lamda(istep)=  2.974551691849457E-004 lamda_iter=  2.974574810762779E-004
 iiter=          19 lamda_iter=  2.974551691849457E-004
 max_dofn=           1
 lamda(istep)=  2.974534953268329E-004 lamda_iter=  2.974551691849457E-004
 iiter=          20 lamda_iter=  2.974534953268329E-004
 max_dofn=           1
 lamda(istep)=  2.974522834019885E-004 lamda_iter=  2.974534953268329E-004
 iiter=          21 lamda_iter=  2.974522834019885E-004
 max_dofn=           1
 lamda(istep)=  2.974514059225291E-004 lamda_iter=  2.974522834019885E-004
 iiter=          22 lamda_iter=  2.974514059225291E-004
 max_dofn=           1
 lamda(istep)=  2.974507705897551E-004 lamda_iter=  2.974514059225291E-004
 iiter=          23 lamda_iter=  2.974507705897551E-004
 max_dofn=           1
 lamda(istep)=  2.974503105792095E-004 lamda_iter=  2.974507705897551E-004
 iiter=          24 lamda_iter=  2.974503105792095E-004
 max_dofn=           1
 lamda(istep)=  2.974499775088864E-004 lamda_iter=  2.974503105792095E-004
 iiter=          25 lamda_iter=  2.974499775088864E-004
 max_dofn=           1
 lamda(istep)=  2.974497363489529E-004 lamda_iter=  2.974499775088864E-004
 iiter=          26 lamda_iter=  2.974497363489529E-004
 max_dofn=           1
 lamda(istep)=  2.974495617364246E-004 lamda_iter=  2.974497363489529E-004
 iiter=          27 lamda_iter=  2.974495617364246E-004
 max_dofn=           1
 lamda(istep)=  2.974494353076644E-004 lamda_iter=  2.974495617364246E-004
 iiter=          28 lamda_iter=  2.974494353076644E-004
 max_dofn=           1
 lamda(istep)=  2.974493437662915E-004 lamda_iter=  2.974494353076644E-004
 iiter=          29 lamda_iter=  2.974493437662915E-004
 max_dofn=           1
 lamda(istep)=  2.974492774853544E-004 lamda_iter=  2.974493437662915E-004
 iiter=          30 lamda_iter=  2.974492774853544E-004
 max_dofn=           1
 lamda(istep)=  2.974492294943037E-004 lamda_iter=  2.974492774853544E-004
 iiter=          31 lamda_iter=  2.974492294943037E-004
 max_dofn=           1
 lamda(istep)=  2.974491947461152E-004 lamda_iter=  2.974492294943037E-004
 iiter=          32 lamda_iter=  2.974491947461152E-004
 max_dofn=           1
 lamda(istep)=  2.974491695864653E-004 lamda_iter=  2.974491947461152E-004
 iiter=          33 lamda_iter=  2.974491695864653E-004
 max_dofn=           1
 lamda(istep)=  2.974491513694924E-004 lamda_iter=  2.974491695864653E-004
 iiter=          34 lamda_iter=  2.974491513694924E-004
 max_dofn=           1
 lamda(istep)=  2.974491381793807E-004 lamda_iter=  2.974491513694924E-004
 iiter=          35 lamda_iter=  2.974491381793807E-004
 max_dofn=           1
 lamda(istep)=  2.974491286289994E-004 lamda_iter=  2.974491381793807E-004
 iiter=          36 lamda_iter=  2.974491286289994E-004
 max_dofn=           1
 lamda(istep)=  2.974491217139948E-004 lamda_iter=  2.974491286289994E-004
 iiter=          37 lamda_iter=  2.974491217139948E-004
 max_dofn=           1
 lamda(istep)=  2.974491167071088E-004 lamda_iter=  2.974491217139948E-004
 iiter=          38 lamda_iter=  2.974491167071088E-004
 max_dofn=           1
 lamda(istep)=  2.974491130818753E-004 lamda_iter=  2.974491167071088E-004
 iiter=          39 lamda_iter=  2.974491130818753E-004
 max_dofn=           1
 lamda(istep)=  2.974491104570155E-004 lamda_iter=  2.974491130818753E-004
 iiter=          40 lamda_iter=  2.974491104570155E-004
 max_dofn=           1
 lamda(istep)=  2.974491085564361E-004 lamda_iter=  2.974491104570155E-004
 iiter=          41 lamda_iter=  2.974491085564361E-004
 max_dofn=           1
 lamda(istep)=  2.974491071802991E-004 lamda_iter=  2.974491085564361E-004
 iiter=          42 lamda_iter=  2.974491071802991E-004
 max_dofn=           1
 lamda(istep)=  2.974491061839265E-004 lamda_iter=  2.974491071802991E-004
 iiter=          43 lamda_iter=  2.974491061839265E-004
 max_dofn=           1
 lamda(istep)=  2.974491054625021E-004 lamda_iter=  2.974491061839265E-004
 iiter=          44 lamda_iter=  2.974491054625021E-004
 max_dofn=           1
 lamda(istep)=  2.974491049401311E-004 lamda_iter=  2.974491054625021E-004
 iiter=          45 lamda_iter=  2.974491049401311E-004
 max_dofn=           1
 lamda(istep)=  2.974491045619240E-004 lamda_iter=  2.974491049401311E-004
 iiter=          46 lamda_iter=  2.974491045619240E-004
 max_dofn=           1
 lamda(istep)=  2.974491042880740E-004 lamda_iter=  2.974491045619240E-004
 iiter=          47 lamda_iter=  2.974491042880740E-004
 max_dofn=           1
 lamda(istep)=  2.974491040897709E-004 lamda_iter=  2.974491042880740E-004
 iiter=          48 lamda_iter=  2.974491040897709E-004
 max_dofn=           1
 lamda(istep)=  2.974491039462363E-004 lamda_iter=  2.974491040897709E-004
 iiter=          49 lamda_iter=  2.974491039462363E-004
 max_dofn=           1
 lamda(istep)=  2.974491038422483E-004 lamda_iter=  2.974491039462363E-004
 iiter=          50 lamda_iter=  2.974491038422483E-004
 max_dofn=           1
 lamda(istep)=  2.974491037670241E-004 lamda_iter=  2.974491038422483E-004
 iiter=          51 lamda_iter=  2.974491037670241E-004
 max_dofn=           1
 lamda(istep)=  2.974491037124703E-004 lamda_iter=  2.974491037670241E-004
 iiter=          52 lamda_iter=  2.974491037124703E-004
 max_dofn=           1
 lamda(istep)=  2.974491036730429E-004 lamda_iter=  2.974491037124703E-004
 iiter=          53 lamda_iter=  2.974491036730429E-004
 max_dofn=           1
 lamda(istep)=  2.974491036444737E-004 lamda_iter=  2.974491036730429E-004
 iiter=          54 lamda_iter=  2.974491036444737E-004
 max_dofn=           1
 lamda(istep)=  2.974491036237728E-004 lamda_iter=  2.974491036444737E-004
 iiter=          55 lamda_iter=  2.974491036237728E-004
 max_dofn=           1
 lamda(istep)=  2.974491036087978E-004 lamda_iter=  2.974491036237728E-004
 iiter=          56 lamda_iter=  2.974491036087978E-004
 max_dofn=           1
 lamda(istep)=  2.974491035979758E-004 lamda_iter=  2.974491036087978E-004
 iiter=          57 lamda_iter=  2.974491035979758E-004
 max_dofn=           1
 lamda(istep)=  2.974491035900936E-004 lamda_iter=  2.974491035979758E-004
 iiter=          58 lamda_iter=  2.974491035900936E-004
 max_dofn=           1
 lamda(istep)=  2.974491035844127E-004 lamda_iter=  2.974491035900936E-004
 iiter=          59 lamda_iter=  2.974491035844127E-004
 max_dofn=           1
 lamda(istep)=  2.974491035802890E-004 lamda_iter=  2.974491035844127E-004
 iiter=          60 lamda_iter=  2.974491035802890E-004
 max_dofn=           1
 lamda(istep)=  2.974491035773449E-004 lamda_iter=  2.974491035802890E-004
 iiter=          61 lamda_iter=  2.974491035773449E-004
 max_dofn=           1
 lamda(istep)=  2.974491035751591E-004 lamda_iter=  2.974491035773449E-004
 iiter=          62 lamda_iter=  2.974491035751591E-004
 max_dofn=           1
 lamda(istep)=  2.974491035735827E-004 lamda_iter=  2.974491035751591E-004
 iiter=          63 lamda_iter=  2.974491035735827E-004
 max_dofn=           1
 lamda(istep)=  2.974491035724864E-004 lamda_iter=  2.974491035735827E-004
 iiter=          64 lamda_iter=  2.974491035724864E-004
 max_dofn=           1
 lamda(istep)=  2.974491035716409E-004 lamda_iter=  2.974491035724864E-004
 iiter=          65 lamda_iter=  2.974491035716409E-004
 max_dofn=           1
 lamda(istep)=  2.974491035710697E-004 lamda_iter=  2.974491035716409E-004
 iiter=          66 lamda_iter=  2.974491035710697E-004
 max_dofn=           1
 lamda(istep)=  2.974491035706169E-004 lamda_iter=  2.974491035710697E-004
 iiter=          67 lamda_iter=  2.974491035706169E-004
 max_dofn=           1
 lamda(istep)=  2.974491035703026E-004 lamda_iter=  2.974491035706169E-004
 iiter=          68 lamda_iter=  2.974491035703026E-004
 max_dofn=           1
 lamda(istep)=  2.974491035700816E-004 lamda_iter=  2.974491035703026E-004
 ***********RESTART FILE IS UPDATED!*******
 istep=           3
 outinp=           0
 max_dofn=           1
 lamda(istep)=  1.482593954831198E-015 lamda_iter=  2.974491035703026E-004
 iiter=           1 lamda_iter=  1.482593954831198E-015
 max_dofn=           1
 lamda(istep)=  2.139035155215459E-004 lamda_iter=  1.482593954831198E-015
 iiter=           2 lamda_iter=  2.139035155215459E-004
 max_dofn=           1
 lamda(istep)=  2.153376788130925E-004 lamda_iter=  2.139035155215459E-004
 iiter=           3 lamda_iter=  2.153376788130925E-004
 max_dofn=           1
 lamda(istep)=  2.153613592551096E-004 lamda_iter=  2.153376788130925E-004
 iiter=           4 lamda_iter=  2.153613592551096E-004
 max_dofn=           1
 lamda(istep)=  2.153674454275041E-004 lamda_iter=  2.153613592551096E-004
 iiter=           5 lamda_iter=  2.153674454275041E-004
 max_dofn=           1
 lamda(istep)=  2.153691542382064E-004 lamda_iter=  2.153674454275041E-004
 iiter=           6 lamda_iter=  2.153691542382064E-004
 max_dofn=           1
 lamda(istep)=  2.153696631754244E-004 lamda_iter=  2.153691542382064E-004
 iiter=           7 lamda_iter=  2.153696631754244E-004
 max_dofn=           1
 lamda(istep)=  2.153698188160652E-004 lamda_iter=  2.153696631754244E-004
 iiter=           8 lamda_iter=  2.153698188160652E-004
 max_dofn=           1
 lamda(istep)=  2.153698669131412E-004 lamda_iter=  2.153698188160652E-004
 iiter=           9 lamda_iter=  2.153698669131412E-004
 max_dofn=           1
 lamda(istep)=  2.153698818349265E-004 lamda_iter=  2.153698669131412E-004
 iiter=          10 lamda_iter=  2.153698818349265E-004
 max_dofn=           1
 lamda(istep)=  2.153698864710357E-004 lamda_iter=  2.153698818349265E-004
 iiter=          11 lamda_iter=  2.153698864710357E-004
 max_dofn=           1
 lamda(istep)=  2.153698879122145E-004 lamda_iter=  2.153698864710357E-004
 iiter=          12 lamda_iter=  2.153698879122145E-004
 max_dofn=           1
 lamda(istep)=  2.153698883602199E-004 lamda_iter=  2.153698879122145E-004
 iiter=          13 lamda_iter=  2.153698883602199E-004
 max_dofn=           1
 lamda(istep)=  2.153698884995714E-004 lamda_iter=  2.153698883602199E-004
 iiter=          14 lamda_iter=  2.153698884995714E-004
 max_dofn=           1
 lamda(istep)=  2.153698885429478E-004 lamda_iter=  2.153698884995714E-004
 iiter=          15 lamda_iter=  2.153698885429478E-004
 max_dofn=           1
 lamda(istep)=  2.153698885563953E-004 lamda_iter=  2.153698885429478E-004
 iiter=          16 lamda_iter=  2.153698885563953E-004
 max_dofn=           1
 lamda(istep)=  2.153698885606205E-004 lamda_iter=  2.153698885563953E-004
 iiter=          17 lamda_iter=  2.153698885606205E-004
 max_dofn=           1
 lamda(istep)=  2.153698885618346E-004 lamda_iter=  2.153698885606205E-004
 iiter=          18 lamda_iter=  2.153698885618346E-004
 max_dofn=           1
 lamda(istep)=  2.153698885622900E-004 lamda_iter=  2.153698885618346E-004
 iiter=          19 lamda_iter=  2.153698885622900E-004
 max_dofn=           1
 lamda(istep)=  2.153698885624358E-004 lamda_iter=  2.153698885622900E-004
 ***********RESTART FILE IS UPDATED!*******
 istep=           4
 outinp=           0
 max_dofn=           1
 lamda(istep)=  4.044074103370932E-017 lamda_iter=  2.153698885622900E-004
 iiter=           1 lamda_iter=  4.044074103370932E-017
 max_dofn=           1
 lamda(istep)=  3.632913662138846E-005 lamda_iter=  4.044074103370932E-017
 iiter=           2 lamda_iter=  3.632913662138846E-005
 max_dofn=           1
 lamda(istep)=  6.673667005450684E-005 lamda_iter=  3.632913662138846E-005
 iiter=           3 lamda_iter=  6.673667005450684E-005
 max_dofn=           1
 lamda(istep)=  6.688473289122440E-005 lamda_iter=  6.673667005450684E-005
 iiter=           4 lamda_iter=  6.688473289122440E-005
 max_dofn=           1
 lamda(istep)=  6.693957717923117E-005 lamda_iter=  6.688473289122440E-005
 iiter=           5 lamda_iter=  6.693957717923117E-005
 max_dofn=           1
 lamda(istep)=  6.695877765946084E-005 lamda_iter=  6.693957717923117E-005
 iiter=           6 lamda_iter=  6.695877765946084E-005
 max_dofn=           1
 lamda(istep)=  6.696554142440750E-005 lamda_iter=  6.695877765946084E-005
 iiter=           7 lamda_iter=  6.696554142440750E-005
 max_dofn=           1
 lamda(istep)=  6.696794171798065E-005 lamda_iter=  6.696554142440750E-005
 iiter=           8 lamda_iter=  6.696794171798065E-005
 max_dofn=           1
 lamda(istep)=  6.696879705280454E-005 lamda_iter=  6.696794171798065E-005
 iiter=           9 lamda_iter=  6.696879705280454E-005
 max_dofn=           1
 lamda(istep)=  6.696910248496924E-005 lamda_iter=  6.696879705280454E-005
 iiter=          10 lamda_iter=  6.696910248496924E-005
 max_dofn=           1
 lamda(istep)=  6.696921166861321E-005 lamda_iter=  6.696910248496924E-005
 iiter=          11 lamda_iter=  6.696921166861321E-005
 max_dofn=           1
 lamda(istep)=  6.696925072163886E-005 lamda_iter=  6.696921166861321E-005
 iiter=          12 lamda_iter=  6.696925072163886E-005
 max_dofn=           1
 lamda(istep)=  6.696926469519812E-005 lamda_iter=  6.696925072163886E-005
 iiter=          13 lamda_iter=  6.696926469519812E-005
 max_dofn=           1
 lamda(istep)=  6.696926969632536E-005 lamda_iter=  6.696926469519812E-005
 iiter=          14 lamda_iter=  6.696926969632536E-005
 max_dofn=           1
 lamda(istep)=  6.696927148645983E-005 lamda_iter=  6.696926969632536E-005
 iiter=          15 lamda_iter=  6.696927148645983E-005
 max_dofn=           1
 lamda(istep)=  6.696927212734900E-005 lamda_iter=  6.696927148645983E-005
 iiter=          16 lamda_iter=  6.696927212734900E-005
 max_dofn=           1
 lamda(istep)=  6.696927235689282E-005 lamda_iter=  6.696927212734900E-005
 iiter=          17 lamda_iter=  6.696927235689282E-005
 max_dofn=           1
 lamda(istep)=  6.696927243901558E-005 lamda_iter=  6.696927235689282E-005
 iiter=          18 lamda_iter=  6.696927243901558E-005
 max_dofn=           1
 lamda(istep)=  6.696927246845122E-005 lamda_iter=  6.696927243901558E-005
 iiter=          19 lamda_iter=  6.696927246845122E-005
 max_dofn=           1
 lamda(istep)=  6.696927247901415E-005 lamda_iter=  6.696927246845122E-005
 iiter=          20 lamda_iter=  6.696927247901415E-005
 max_dofn=           1
 lamda(istep)=  6.696927248277762E-005 lamda_iter=  6.696927247901415E-005
 iiter=          21 lamda_iter=  6.696927248277762E-005
 max_dofn=           1
 lamda(istep)=  6.696927248414983E-005 lamda_iter=  6.696927248277762E-005
 iiter=          22 lamda_iter=  6.696927248414983E-005
 max_dofn=           1
 lamda(istep)=  6.696927248458144E-005 lamda_iter=  6.696927248414983E-005
 iiter=          23 lamda_iter=  6.696927248458144E-005
 max_dofn=           1
 lamda(istep)=  6.696927248478464E-005 lamda_iter=  6.696927248458144E-005
 iiter=          24 lamda_iter=  6.696927248478464E-005
 max_dofn=           1
 lamda(istep)=  6.696927248482760E-005 lamda_iter=  6.696927248478464E-005
 ***********RESTART FILE IS UPDATED!*******
 istep=           5
 outinp=           0
 max_dofn=           1
 lamda(istep)=  5.290906601729262E-017 lamda_iter=  6.696927248478464E-005
 iiter=           1 lamda_iter=  5.290906601729262E-017
 max_dofn=           1
 lamda(istep)=  5.668999417768827E-006 lamda_iter=  5.290906601729262E-017
 iiter=           2 lamda_iter=  5.668999417768827E-006
 max_dofn=           1
 lamda(istep)=  2.399715241393074E-005 lamda_iter=  5.668999417768827E-006
 iiter=           3 lamda_iter=  2.399715241393074E-005
 max_dofn=           1
 lamda(istep)=  2.399214520977407E-005 lamda_iter=  2.399715241393074E-005
 iiter=           4 lamda_iter=  2.399214520977407E-005
 max_dofn=           1
 lamda(istep)=  2.399191149450987E-005 lamda_iter=  2.399214520977407E-005
 iiter=           5 lamda_iter=  2.399191149450987E-005
 max_dofn=           1
 lamda(istep)=  2.399222792088273E-005 lamda_iter=  2.399191149450987E-005
 iiter=           6 lamda_iter=  2.399222792088273E-005
 max_dofn=           1
 lamda(istep)=  2.399262390035917E-005 lamda_iter=  2.399222792088273E-005
 iiter=           7 lamda_iter=  2.399262390035917E-005
 max_dofn=           1
 lamda(istep)=  2.399300737437147E-005 lamda_iter=  2.399262390035917E-005
 iiter=           8 lamda_iter=  2.399300737437147E-005
 max_dofn=           1
 lamda(istep)=  2.399335639704978E-005 lamda_iter=  2.399300737437147E-005
 iiter=           9 lamda_iter=  2.399335639704978E-005
 max_dofn=           1
 lamda(istep)=  2.399366639135788E-005 lamda_iter=  2.399335639704978E-005
 iiter=          10 lamda_iter=  2.399366639135788E-005
 max_dofn=           1
 lamda(istep)=  2.399393842263407E-005 lamda_iter=  2.399366639135788E-005
 iiter=          11 lamda_iter=  2.399393842263407E-005
 max_dofn=           1
 lamda(istep)=  2.399417560570585E-005 lamda_iter=  2.399393842263407E-005
 iiter=          12 lamda_iter=  2.399417560570585E-005
 max_dofn=           1
 lamda(istep)=  2.399438167780489E-005 lamda_iter=  2.399417560570585E-005
 iiter=          13 lamda_iter=  2.399438167780489E-005
 max_dofn=           1
 lamda(istep)=  2.399456037543433E-005 lamda_iter=  2.399438167780489E-005
 iiter=          14 lamda_iter=  2.399456037543433E-005
 max_dofn=           1
 lamda(istep)=  2.399471517278895E-005 lamda_iter=  2.399456037543433E-005
 iiter=          15 lamda_iter=  2.399471517278895E-005
 max_dofn=           1
 lamda(istep)=  2.399484919025354E-005 lamda_iter=  2.399471517278895E-005
 iiter=          16 lamda_iter=  2.399484919025354E-005
 max_dofn=           1
 lamda(istep)=  2.399496518155683E-005 lamda_iter=  2.399484919025354E-005
 iiter=          17 lamda_iter=  2.399496518155683E-005
 max_dofn=           1
 lamda(istep)=  2.399506555449344E-005 lamda_iter=  2.399496518155683E-005
 iiter=          18 lamda_iter=  2.399506555449344E-005
 max_dofn=           1
 lamda(istep)=  2.399515240400980E-005 lamda_iter=  2.399506555449344E-005
 iiter=          19 lamda_iter=  2.399515240400980E-005
 max_dofn=           1
 lamda(istep)=  2.399522754829819E-005 lamda_iter=  2.399515240400980E-005
 iiter=          20 lamda_iter=  2.399522754829819E-005
 max_dofn=           1
 lamda(istep)=  2.399529256293833E-005 lamda_iter=  2.399522754829819E-005
 iiter=          21 lamda_iter=  2.399529256293833E-005
 max_dofn=           1
 lamda(istep)=  2.399534881246466E-005 lamda_iter=  2.399529256293833E-005
 iiter=          22 lamda_iter=  2.399534881246466E-005
 max_dofn=           1
 lamda(istep)=  2.399539747796311E-005 lamda_iter=  2.399534881246466E-005
 iiter=          23 lamda_iter=  2.399539747796311E-005
 max_dofn=           1
 lamda(istep)=  2.399543958167140E-005 lamda_iter=  2.399539747796311E-005
 iiter=          24 lamda_iter=  2.399543958167140E-005
 max_dofn=           1
 lamda(istep)=  2.399547600815364E-005 lamda_iter=  2.399543958167140E-005
 iiter=          25 lamda_iter=  2.399547600815364E-005
 max_dofn=           1
 lamda(istep)=  2.399550752275611E-005 lamda_iter=  2.399547600815364E-005
 iiter=          26 lamda_iter=  2.399550752275611E-005
 max_dofn=           1
 lamda(istep)=  2.399553478777039E-005 lamda_iter=  2.399550752275611E-005
 iiter=          27 lamda_iter=  2.399553478777039E-005
 max_dofn=           1
 lamda(istep)=  2.399555837612088E-005 lamda_iter=  2.399553478777039E-005
 iiter=          28 lamda_iter=  2.399555837612088E-005
 max_dofn=           1
 lamda(istep)=  2.399557878358148E-005 lamda_iter=  2.399555837612088E-005
 iiter=          29 lamda_iter=  2.399557878358148E-005
 max_dofn=           1
 lamda(istep)=  2.399559643905391E-005 lamda_iter=  2.399557878358148E-005
 iiter=          30 lamda_iter=  2.399559643905391E-005
 max_dofn=           1
 lamda(istep)=  2.399561171365345E-005 lamda_iter=  2.399559643905391E-005
 iiter=          31 lamda_iter=  2.399561171365345E-005
 max_dofn=           1
 lamda(istep)=  2.399562492837038E-005 lamda_iter=  2.399561171365345E-005
 iiter=          32 lamda_iter=  2.399562492837038E-005
 max_dofn=           1
 lamda(istep)=  2.399563636103536E-005 lamda_iter=  2.399562492837038E-005
 iiter=          33 lamda_iter=  2.399563636103536E-005
 max_dofn=           1
 lamda(istep)=  2.399564625191067E-005 lamda_iter=  2.399563636103536E-005
 iiter=          34 lamda_iter=  2.399564625191067E-005
 max_dofn=           1
 lamda(istep)=  2.399565480894652E-005 lamda_iter=  2.399564625191067E-005
 iiter=          35 lamda_iter=  2.399565480894652E-005
 max_dofn=           1
 lamda(istep)=  2.399566221199843E-005 lamda_iter=  2.399565480894652E-005
 iiter=          36 lamda_iter=  2.399566221199843E-005
 max_dofn=           1
 lamda(istep)=  2.399566861667815E-005 lamda_iter=  2.399566221199843E-005
 iiter=          37 lamda_iter=  2.399566861667815E-005
 max_dofn=           1
 lamda(istep)=  2.399567415762684E-005 lamda_iter=  2.399566861667815E-005
 iiter=          38 lamda_iter=  2.399567415762684E-005
 max_dofn=           1
 lamda(istep)=  2.399567895133567E-005 lamda_iter=  2.399567415762684E-005
 iiter=          39 lamda_iter=  2.399567895133567E-005
 max_dofn=           1
 lamda(istep)=  2.399568309856197E-005 lamda_iter=  2.399567895133567E-005
 iiter=          40 lamda_iter=  2.399568309856197E-005
 max_dofn=           1
 lamda(istep)=  2.399568668649934E-005 lamda_iter=  2.399568309856197E-005
 iiter=          41 lamda_iter=  2.399568668649934E-005
 max_dofn=           1
 lamda(istep)=  2.399568979055741E-005 lamda_iter=  2.399568668649934E-005
 iiter=          42 lamda_iter=  2.399568979055741E-005
 max_dofn=           1
 lamda(istep)=  2.399569247600693E-005 lamda_iter=  2.399568979055741E-005
 iiter=          43 lamda_iter=  2.399569247600693E-005
 max_dofn=           1
 lamda(istep)=  2.399569479929438E-005 lamda_iter=  2.399569247600693E-005
 iiter=          44 lamda_iter=  2.399569479929438E-005
 max_dofn=           1
 lamda(istep)=  2.399569680925273E-005 lamda_iter=  2.399569479929438E-005
 iiter=          45 lamda_iter=  2.399569680925273E-005
 max_dofn=           1
 lamda(istep)=  2.399569854815410E-005 lamda_iter=  2.399569680925273E-005
 iiter=          46 lamda_iter=  2.399569854815410E-005
 max_dofn=           1
 lamda(istep)=  2.399570005254580E-005 lamda_iter=  2.399569854815410E-005
 iiter=          47 lamda_iter=  2.399570005254580E-005
 max_dofn=           1
 lamda(istep)=  2.399570135404552E-005 lamda_iter=  2.399570005254580E-005
 iiter=          48 lamda_iter=  2.399570135404552E-005
 max_dofn=           1
 lamda(istep)=  2.399570248002728E-005 lamda_iter=  2.399570135404552E-005
 iiter=          49 lamda_iter=  2.399570248002728E-005
 max_dofn=           1
 lamda(istep)=  2.399570345416532E-005 lamda_iter=  2.399570248002728E-005
 iiter=          50 lamda_iter=  2.399570345416532E-005
 max_dofn=           1
 lamda(istep)=  2.399570429692047E-005 lamda_iter=  2.399570345416532E-005
 iiter=          51 lamda_iter=  2.399570429692047E-005
 max_dofn=           1
 lamda(istep)=  2.399570502600998E-005 lamda_iter=  2.399570429692047E-005
 iiter=          52 lamda_iter=  2.399570502600998E-005
 max_dofn=           1
 lamda(istep)=  2.399570565679124E-005 lamda_iter=  2.399570502600998E-005
 iiter=          53 lamda_iter=  2.399570565679124E-005
 max_dofn=           1
 lamda(istep)=  2.399570620250333E-005 lamda_iter=  2.399570565679124E-005
 iiter=          54 lamda_iter=  2.399570620250333E-005
 max_dofn=           1
 lamda(istep)=  2.399570667460247E-005 lamda_iter=  2.399570620250333E-005
 iiter=          55 lamda_iter=  2.399570667460247E-005
 max_dofn=           1
 lamda(istep)=  2.399570708304438E-005 lamda_iter=  2.399570667460247E-005
 iiter=          56 lamda_iter=  2.399570708304438E-005
 max_dofn=           1
 lamda(istep)=  2.399570743641907E-005 lamda_iter=  2.399570708304438E-005
 iiter=          57 lamda_iter=  2.399570743641907E-005
 max_dofn=           1
 lamda(istep)=  2.399570774212466E-005 lamda_iter=  2.399570743641907E-005
 iiter=          58 lamda_iter=  2.399570774212466E-005
 max_dofn=           1
 lamda(istep)=  2.399570800658129E-005 lamda_iter=  2.399570774212466E-005
 iiter=          59 lamda_iter=  2.399570800658129E-005
 max_dofn=           1
 lamda(istep)=  2.399570823539221E-005 lamda_iter=  2.399570800658129E-005
 iiter=          60 lamda_iter=  2.399570823539221E-005
 max_dofn=           1
 lamda(istep)=  2.399570843335304E-005 lamda_iter=  2.399570823539221E-005
 iiter=          61 lamda_iter=  2.399570843335304E-005
 max_dofn=           1
 lamda(istep)=  2.399570860460775E-005 lamda_iter=  2.399570843335304E-005
 iiter=          62 lamda_iter=  2.399570860460775E-005
 max_dofn=           1
 lamda(istep)=  2.399570875275833E-005 lamda_iter=  2.399570860460775E-005
 iiter=          63 lamda_iter=  2.399570875275833E-005
 max_dofn=           1
 lamda(istep)=  2.399570888094106E-005 lamda_iter=  2.399570875275833E-005
 iiter=          64 lamda_iter=  2.399570888094106E-005
 max_dofn=           1
 lamda(istep)=  2.399570899183578E-005 lamda_iter=  2.399570888094106E-005
 iiter=          65 lamda_iter=  2.399570899183578E-005
 max_dofn=           1
 lamda(istep)=  2.399570908776627E-005 lamda_iter=  2.399570899183578E-005
 iiter=          66 lamda_iter=  2.399570908776627E-005
 max_dofn=           1
 lamda(istep)=  2.399570917076399E-005 lamda_iter=  2.399570908776627E-005
 iiter=          67 lamda_iter=  2.399570917076399E-005
 max_dofn=           1
 lamda(istep)=  2.399570924257262E-005 lamda_iter=  2.399570917076399E-005
 iiter=          68 lamda_iter=  2.399570924257262E-005
 max_dofn=           1
 lamda(istep)=  2.399570930469191E-005 lamda_iter=  2.399570924257262E-005
 iiter=          69 lamda_iter=  2.399570930469191E-005
 max_dofn=           1
 lamda(istep)=  2.399570935844287E-005 lamda_iter=  2.399570930469191E-005
 iiter=          70 lamda_iter=  2.399570935844287E-005
 max_dofn=           1
 lamda(istep)=  2.399570940492283E-005 lamda_iter=  2.399570935844287E-005
 iiter=          71 lamda_iter=  2.399570940492283E-005
 max_dofn=           1
 lamda(istep)=  2.399570944515811E-005 lamda_iter=  2.399570940492283E-005
 iiter=          72 lamda_iter=  2.399570944515811E-005
 max_dofn=           1
 lamda(istep)=  2.399570947996127E-005 lamda_iter=  2.399570944515811E-005
 iiter=          73 lamda_iter=  2.399570947996127E-005
 max_dofn=           1
 lamda(istep)=  2.399570951006086E-005 lamda_iter=  2.399570947996127E-005
 iiter=          74 lamda_iter=  2.399570951006086E-005
 max_dofn=           1
 lamda(istep)=  2.399570953610742E-005 lamda_iter=  2.399570951006086E-005
 iiter=          75 lamda_iter=  2.399570953610742E-005
 max_dofn=           1
 lamda(istep)=  2.399570955864790E-005 lamda_iter=  2.399570953610742E-005
 iiter=          76 lamda_iter=  2.399570955864790E-005
 max_dofn=           1
 lamda(istep)=  2.399570957813600E-005 lamda_iter=  2.399570955864790E-005
 iiter=          77 lamda_iter=  2.399570957813600E-005
 max_dofn=           1
 lamda(istep)=  2.399570959500511E-005 lamda_iter=  2.399570957813600E-005
 iiter=          78 lamda_iter=  2.399570959500511E-005
 max_dofn=           1
 lamda(istep)=  2.399570960959830E-005 lamda_iter=  2.399570959500511E-005
 iiter=          79 lamda_iter=  2.399570960959830E-005
 max_dofn=           1
 lamda(istep)=  2.399570962222282E-005 lamda_iter=  2.399570960959830E-005
 iiter=          80 lamda_iter=  2.399570962222282E-005
 max_dofn=           1
 lamda(istep)=  2.399570963314540E-005 lamda_iter=  2.399570962222282E-005
 iiter=          81 lamda_iter=  2.399570963314540E-005
 max_dofn=           1
 lamda(istep)=  2.399570964257470E-005 lamda_iter=  2.399570963314540E-005
 iiter=          82 lamda_iter=  2.399570964257470E-005
 max_dofn=           1
 lamda(istep)=  2.399570965076515E-005 lamda_iter=  2.399570964257470E-005
 iiter=          83 lamda_iter=  2.399570965076515E-005
 max_dofn=           1
 lamda(istep)=  2.399570965783489E-005 lamda_iter=  2.399570965076515E-005
 iiter=          84 lamda_iter=  2.399570965783489E-005
 max_dofn=           1
 lamda(istep)=  2.399570966395196E-005 lamda_iter=  2.399570965783489E-005
 iiter=          85 lamda_iter=  2.399570966395196E-005
 max_dofn=           1
 lamda(istep)=  2.399570966925416E-005 lamda_iter=  2.399570966395196E-005
 iiter=          86 lamda_iter=  2.399570966925416E-005
 max_dofn=           1
 lamda(istep)=  2.399570967381526E-005 lamda_iter=  2.399570966925416E-005
 iiter=          87 lamda_iter=  2.399570967381526E-005
 max_dofn=           1
 lamda(istep)=  2.399570967778879E-005 lamda_iter=  2.399570967381526E-005
 iiter=          88 lamda_iter=  2.399570967778879E-005
 max_dofn=           1
 lamda(istep)=  2.399570968121031E-005 lamda_iter=  2.399570967778879E-005
 iiter=          89 lamda_iter=  2.399570968121031E-005
 max_dofn=           1
 lamda(istep)=  2.399570968418322E-005 lamda_iter=  2.399570968121031E-005
 iiter=          90 lamda_iter=  2.399570968418322E-005
 max_dofn=           1
 lamda(istep)=  2.399570968674369E-005 lamda_iter=  2.399570968418322E-005
 iiter=          91 lamda_iter=  2.399570968674369E-005
 max_dofn=           1
 lamda(istep)=  2.399570968896372E-005 lamda_iter=  2.399570968674369E-005
 iiter=          92 lamda_iter=  2.399570968896372E-005
 max_dofn=           1
 lamda(istep)=  2.399570969087993E-005 lamda_iter=  2.399570968896372E-005
 iiter=          93 lamda_iter=  2.399570969087993E-005
 max_dofn=           1
 lamda(istep)=  2.399570969254579E-005 lamda_iter=  2.399570969087993E-005
 iiter=          94 lamda_iter=  2.399570969254579E-005
 max_dofn=           1
 lamda(istep)=  2.399570969398153E-005 lamda_iter=  2.399570969254579E-005
 iiter=          95 lamda_iter=  2.399570969398153E-005
 max_dofn=           1
 lamda(istep)=  2.399570969522254E-005 lamda_iter=  2.399570969398153E-005
 iiter=          96 lamda_iter=  2.399570969522254E-005
 max_dofn=           1
 lamda(istep)=  2.399570969630039E-005 lamda_iter=  2.399570969522254E-005
 iiter=          97 lamda_iter=  2.399570969630039E-005
 max_dofn=           1
 lamda(istep)=  2.399570969723354E-005 lamda_iter=  2.399570969630039E-005
 iiter=          98 lamda_iter=  2.399570969723354E-005
 max_dofn=           1
 lamda(istep)=  2.399570969802752E-005 lamda_iter=  2.399570969723354E-005
 iiter=          99 lamda_iter=  2.399570969802752E-005
 max_dofn=           1
 lamda(istep)=  2.399570969872368E-005 lamda_iter=  2.399570969802752E-005
 iiter=         100 lamda_iter=  2.399570969872368E-005
 max_dofn=           1
 lamda(istep)=  2.399570969935076E-005 lamda_iter=  2.399570969872368E-005
 iiter=         101 lamda_iter=  2.399570969935076E-005
 max_dofn=           1
 lamda(istep)=  2.399570969984259E-005 lamda_iter=  2.399570969935076E-005
 iiter=         102 lamda_iter=  2.399570969984259E-005
 max_dofn=           1
 lamda(istep)=  2.399570970031450E-005 lamda_iter=  2.399570969984259E-005
 iiter=         103 lamda_iter=  2.399570970031450E-005
 max_dofn=           1
 lamda(istep)=  2.399570970070281E-005 lamda_iter=  2.399570970031450E-005
 iiter=         104 lamda_iter=  2.399570970070281E-005
 max_dofn=           1
 lamda(istep)=  2.399570970102129E-005 lamda_iter=  2.399570970070281E-005
 iiter=         105 lamda_iter=  2.399570970102129E-005
 max_dofn=           1
 lamda(istep)=  2.399570970132453E-005 lamda_iter=  2.399570970102129E-005
 iiter=         106 lamda_iter=  2.399570970132453E-005
 max_dofn=           1
 lamda(istep)=  2.399570970158192E-005 lamda_iter=  2.399570970132453E-005
 iiter=         107 lamda_iter=  2.399570970158192E-005
 max_dofn=           1
 lamda(istep)=  2.399570970179452E-005 lamda_iter=  2.399570970158192E-005
 iiter=         108 lamda_iter=  2.399570970179452E-005
 max_dofn=           1
 lamda(istep)=  2.399570970198586E-005 lamda_iter=  2.399570970179452E-005
 iiter=         109 lamda_iter=  2.399570970198586E-005
 max_dofn=           1
 lamda(istep)=  2.399570970215052E-005 lamda_iter=  2.399570970198586E-005
 iiter=         110 lamda_iter=  2.399570970215052E-005
 max_dofn=           1
 lamda(istep)=  2.399570970229198E-005 lamda_iter=  2.399570970215052E-005
 iiter=         111 lamda_iter=  2.399570970229198E-005
 max_dofn=           1
 lamda(istep)=  2.399570970242108E-005 lamda_iter=  2.399570970229198E-005
 iiter=         112 lamda_iter=  2.399570970242108E-005
 max_dofn=           1
 lamda(istep)=  2.399570970250707E-005 lamda_iter=  2.399570970242108E-005
 iiter=         113 lamda_iter=  2.399570970250707E-005
 max_dofn=           1
 lamda(istep)=  2.399570970262089E-005 lamda_iter=  2.399570970250707E-005
 iiter=         114 lamda_iter=  2.399570970262089E-005
 max_dofn=           1
 lamda(istep)=  2.399570970268939E-005 lamda_iter=  2.399570970262089E-005
 iiter=         115 lamda_iter=  2.399570970268939E-005
 max_dofn=           1
 lamda(istep)=  2.399570970275691E-005 lamda_iter=  2.399570970268939E-005
 iiter=         116 lamda_iter=  2.399570970275691E-005
 max_dofn=           1
 lamda(istep)=  2.399570970282027E-005 lamda_iter=  2.399570970275691E-005
 iiter=         117 lamda_iter=  2.399570970282027E-005
 max_dofn=           1
 lamda(istep)=  2.399570970286598E-005 lamda_iter=  2.399570970282027E-005
 iiter=         118 lamda_iter=  2.399570970286598E-005
 max_dofn=           1
 lamda(istep)=  2.399570970291518E-005 lamda_iter=  2.399570970286598E-005
 iiter=         119 lamda_iter=  2.399570970291518E-005
 max_dofn=           1
 lamda(istep)=  2.399570970295173E-005 lamda_iter=  2.399570970291518E-005
 iiter=         120 lamda_iter=  2.399570970295173E-005
 max_dofn=           1
 lamda(istep)=  2.399570970298502E-005 lamda_iter=  2.399570970295173E-005
 iiter=         121 lamda_iter=  2.399570970298502E-005
 max_dofn=           1
 lamda(istep)=  2.399570970301380E-005 lamda_iter=  2.399570970298502E-005
 iiter=         122 lamda_iter=  2.399570970301380E-005
 max_dofn=           1
 lamda(istep)=  2.399570970303754E-005 lamda_iter=  2.399570970301380E-005
 ***********RESTART FILE IS UPDATED!*******
 time: 23:48:26
