=== Found config.json in . ===
  3 groups, 3 materials, type=E

=== Running pipeline ===
=== HSTAR FEM Pipeline ===
Job dir: .

--- Step 2: Generating input files ---
OK: 12 files generated: ['1.glb', '1.mat', '1.LOA', '1.man', '1.sol', '1.flavia.msh', '1.ftr', '1.opr', '1.nrt', '1.tem', '1.ifs', 'inp']

--- Step 3: Running solver ---
Sandbox: jailed (bwrap)
Exit code: 0
RESTART count: 5
Crash: False

--- Step 4: Parsing results ---
Block 1: 2185 nodes (2185 active)
  Ux: -6.873 ~ 1000.000 mm
  Uy: -101.773 ~ 276.624 mm
  Nodal force / reaction (2185 nodes):
    x: 0.000E+00 ~ 0.000E+00  y: 0.000E+00 ~ 0.000E+00  N
    Σx=0.000E+00  Σy=0.000E+00  N
  Stress (2185 gauss points, 4 components):
    Sxx: -6.885E+07 ~ 5.801E+07 Pa
    Syy: -1.081E+08 ~ 1.739E+08 Pa
Block 2: 2185 nodes (2185 active)
  Ux: -30.617 ~ 227.757 mm
  Uy: -1000.000 ~ 0.000 mm
  Nodal force / reaction (2185 nodes):
    x: 0.000E+00 ~ 0.000E+00  y: 0.000E+00 ~ 0.000E+00  N
    Σx=0.000E+00  Σy=0.000E+00  N
  Stress (2185 gauss points, 4 components):
    Sxx: -1.942E+08 ~ 2.880E+07 Pa
    Syy: -4.191E+08 ~ 2.835E+06 Pa
Block 3: 2185 nodes (2185 active)
  Ux: -391.154 ~ 1000.000 mm
  Uy: -250.256 ~ 362.249 mm
  Nodal force / reaction (2185 nodes):
    x: 0.000E+00 ~ 0.000E+00  y: 0.000E+00 ~ 0.000E+00  N
    Σx=0.000E+00  Σy=0.000E+00  N
  Stress (2185 gauss points, 4 components):
    Sxx: -1.104E+08 ~ 8.305E+07 Pa
    Syy: -2.920E+08 ~ 3.521E+08 Pa
Block 4: 2185 nodes (2185 active)
  Ux: -344.486 ~ 1000.000 mm
  Uy: -287.295 ~ 445.345 mm
  Nodal force / reaction (2185 nodes):
    x: 0.000E+00 ~ 0.000E+00  y: 0.000E+00 ~ 0.000E+00  N
    Σx=0.000E+00  Σy=0.000E+00  N
  Stress (2185 gauss points, 4 components):
    Sxx: -1.750E+08 ~ 8.814E+07 Pa
    Syy: -6.962E+08 ~ 8.383E+08 Pa
Block 5: 2185 nodes (2185 active)
  Ux: -198.859 ~ 310.426 mm
  Uy: -1000.000 ~ 591.357 mm
  Nodal force / reaction (2185 nodes):
    x: 0.000E+00 ~ 0.000E+00  y: 0.000E+00 ~ 0.000E+00  N
    Σx=0.000E+00  Σy=0.000E+00  N
  Stress (2185 gauss points, 4 components):
    Sxx: -2.305E+08 ~ 1.484E+08 Pa
    Syy: -1.281E+09 ~ 3.197E+08 Pa
  Modal frequencies (5 modes from 1.chk):
    Mode 1: ω=2.5109E+01 rad/s, f=3.9962 Hz, T=2.5024E-01 s
    Mode 2: ω=5.5137E+01 rad/s, f=8.7754 Hz, T=1.1396E-01 s
    Mode 3: ω=7.2061E+01 rad/s, f=11.4690 Hz, T=8.7192E-02 s
    Mode 4: ω=1.3988E+02 rad/s, f=22.2630 Hz, T=4.4918E-02 s
    Mode 5: ω=2.1558E+02 rad/s, f=34.3110 Hz, T=2.9145E-02 s

--- Step 5: Converting to VTP ---
Mesh: 2185 nodes, 2080 elements, 3 groups
Results: 15 data blocks
Steps (blocks): 5
  → result_b1.vtp
  → result_b2.vtp
  → result_b3.vtp
  → result_b4.vtp
  → result_b5.vtp
VTP files: ['result_b1.vtp', 'result_b2.vtp', 'result_b3.vtp', 'result_b4.vtp', 'result_b5.vtp']

已生成可视化文件：result_b1.vtp, result_b2.vtp, result_b3.vtp, result_b4.vtp, result_b5.vtp
BC overlay: bc_overlay.vtp

=== Pipeline complete ===
