=== Found config.json in . ===
  1 groups, 1 materials, type=S

=== Running pipeline ===
=== HSTAR FEM Pipeline ===
Job dir: .

--- Step 2: Generating input files ---
  AUTO: Filled __MESH__ nelgroup for 1 groups from mesh data
OK: 12 files generated: ['1.glb', '1.mat', '1.LOA', '1.man', '1.sol', '1.flavia.msh', '1.ftr', '1.opr', '1.nrt', '1.tem', '1.ifs', 'inp']

--- Step 3: Running solver ---
Sandbox: jailed (bwrap)
Exit code: 0
RESTART count: 24
Crash: False

--- Step 4: Parsing results ---
  Pore pressure (651 nodes):
    p: -5.262E+05 ~ 5.323E+05 Pa
  Water head (2543 nodes):
    H: 0.000 ~ 56.390 m
  Pore pressure (651 nodes):
    p: -5.262E+05 ~ 5.323E+05 Pa
  Water head (2543 nodes):
    H: 0.000 ~ 56.390 m
  Pore pressure (651 nodes):
    p: -5.262E+05 ~ 5.323E+05 Pa
  Water head (2543 nodes):
    H: 0.000 ~ 56.390 m
  Pore pressure (651 nodes):
    p: -5.262E+05 ~ 5.323E+05 Pa
  Water head (2543 nodes):
    H: 0.000 ~ 56.390 m
  Pore pressure (651 nodes):
    p: -5.262E+05 ~ 5.323E+05 Pa
  Water head (2543 nodes):
    H: 0.000 ~ 56.390 m
  Pore pressure (651 nodes):
    p: -5.262E+05 ~ 5.323E+05 Pa
  Water head (2543 nodes):
    H: 0.000 ~ 56.390 m
  Pore pressure (651 nodes):
    p: -5.262E+05 ~ 5.323E+05 Pa
  Water head (2543 nodes):
    H: 0.000 ~ 56.390 m
  Pore pressure (651 nodes):
    p: -5.262E+05 ~ 5.323E+05 Pa
  Water head (2543 nodes):
    H: 0.000 ~ 56.390 m
  Pore pressure (651 nodes):
    p: -5.262E+05 ~ 5.323E+05 Pa
  Water head (2543 nodes):
    H: 0.000 ~ 56.390 m
  Pore pressure (651 nodes):
    p: -5.262E+05 ~ 5.323E+05 Pa
  Water head (2543 nodes):
    H: 0.000 ~ 56.390 m
  Pore pressure (651 nodes):
    p: -5.262E+05 ~ 5.323E+05 Pa
  Water head (2543 nodes):
    H: 0.000 ~ 56.390 m
  Pore pressure (651 nodes):
    p: -5.262E+05 ~ 5.323E+05 Pa
  Water head (2543 nodes):
    H: 0.000 ~ 56.390 m
  Pore pressure (651 nodes):
    p: -5.262E+05 ~ 5.323E+05 Pa
  Water head (2543 nodes):
    H: 0.000 ~ 56.390 m
  Pore pressure (651 nodes):
    p: -5.262E+05 ~ 5.323E+05 Pa
  Water head (2543 nodes):
    H: 0.000 ~ 56.390 m
  Pore pressure (651 nodes):
    p: -5.262E+05 ~ 5.323E+05 Pa
  Water head (2543 nodes):
    H: 0.000 ~ 56.390 m
  Pore pressure (651 nodes):
    p: -5.262E+05 ~ 5.323E+05 Pa
  Water head (2543 nodes):
    H: 0.000 ~ 56.390 m
  Pore pressure (651 nodes):
    p: -5.262E+05 ~ 5.323E+05 Pa
  Water head (2543 nodes):
    H: 0.000 ~ 56.390 m
  Pore pressure (651 nodes):
    p: -5.262E+05 ~ 5.323E+05 Pa
  Water head (2543 nodes):
    H: 0.000 ~ 56.390 m
  Pore pressure (651 nodes):
    p: -5.262E+05 ~ 5.323E+05 Pa
  Water head (2543 nodes):
    H: 0.000 ~ 56.390 m
  Pore pressure (651 nodes):
    p: -5.262E+05 ~ 5.323E+05 Pa
  Water head (2543 nodes):
    H: 0.000 ~ 56.390 m
  Pore pressure (651 nodes):
    p: -5.262E+05 ~ 5.323E+05 Pa
  Water head (2543 nodes):
    H: 0.000 ~ 56.390 m
  Pore pressure (651 nodes):
    p: -5.262E+05 ~ 5.323E+05 Pa
  Water head (2543 nodes):
    H: 0.000 ~ 56.390 m
  Pore pressure (651 nodes):
    p: -5.262E+05 ~ 5.323E+05 Pa
  Water head (2543 nodes):
    H: 0.000 ~ 56.390 m
  Pore pressure (651 nodes):
    p: -5.262E+05 ~ 5.323E+05 Pa
  Water head (2543 nodes):
    H: 0.000 ~ 56.390 m

--- Step 5: Converting to VTP ---
Mesh: 651 nodes, 600 elements, 1 groups
Results: 48 data blocks
Steps (blocks): 24
  → result_b1.vtp
  → result_b2.vtp
  → result_b3.vtp
  → result_b4.vtp
  → result_b5.vtp
  → result_b6.vtp
  → result_b7.vtp
  → result_b8.vtp
  → result_b9.vtp
  → result_b10.vtp
  → result_b11.vtp
  → result_b12.vtp
  → result_b13.vtp
  → result_b14.vtp
  → result_b15.vtp
  → result_b16.vtp
  → result_b17.vtp
  → result_b18.vtp
  → result_b19.vtp
  → result_b20.vtp
  → result_b21.vtp
  → result_b22.vtp
  → result_b23.vtp
  → result_b24.vtp
VTP files: ['result_b1.vtp', 'result_b2.vtp', 'result_b3.vtp', 'result_b4.vtp', 'result_b5.vtp', 'result_b6.vtp', 'result_b7.vtp', 'result_b8.vtp', 'result_b9.vtp', 'result_b10.vtp', 'result_b11.vtp', 'result_b12.vtp', 'result_b13.vtp', 'result_b14.vtp', 'result_b15.vtp', 'result_b16.vtp', 'result_b17.vtp', 'result_b18.vtp', 'result_b19.vtp', 'result_b20.vtp', 'result_b21.vtp', 'result_b22.vtp', 'result_b23.vtp', 'result_b24.vtp']

已生成可视化文件：result_b1.vtp, result_b2.vtp, result_b3.vtp, result_b4.vtp, result_b5.vtp, result_b6.vtp, result_b7.vtp, result_b8.vtp, result_b9.vtp, result_b10.vtp, result_b11.vtp, result_b12.vtp, result_b13.vtp, result_b14.vtp, result_b15.vtp, result_b16.vtp, result_b17.vtp, result_b18.vtp, result_b19.vtp, result_b20.vtp, result_b21.vtp, result_b22.vtp, result_b23.vtp, result_b24.vtp

=== Pipeline complete ===
