 ================================================
   Easy_HSTAR - Finite Element Analysis
 ================================================
 
 Reading: 1.toml
  Read 2543 nodes
  Read 2430 elements
 =============================================
  HSTAR Problem Summary
 =============================================
  Version     :            1
  Problem name: 1
  Type        : F
  Dimensions  :            2
  Nodes       :         2543
  Elements    :         2430
  Materials   :            5
  Groups      :            5
  Max DOF/node:            2
  Blocks      :            1
  Links       :            0
  Solver      : PARDISO
  Load type   : LOAD
  Output      : GIDR
 
  Analysis blocks:
   Block   1 type=time_dependent nincs=     1
 
  Materials:
   Mat   1 name=Dam concrete type=MECHANICAL
   Mat   2 name=Foundation rock type=MECHANICAL
   Mat   3 name=Far field type=MECHANICAL
   Mat   4 name=Joint layer 1 type=MECHANICAL
   Mat   5 name=Joint layer 2 type=MECHANICAL
 =============================================
 validate_problem: all checks passed
 
 Input OK. Starting analysis...
  ndimn=2, npoin=2543, ntotv=5086
  iffix: free=4962, BC=124, inactive=0
  Neq = 4962
  NNZ = 86636
  Total mass =   2.6819E+08
  Rayleigh damping (per group):
    Group 1: alfa= 0.000E+00 beta= 0.000E+00
    Group 2: alfa= 0.000E+00 beta= 0.000E+00
    Group 3: alfa= 0.000E+00 beta= 0.000E+00
    Group 4: alfa= 0.000E+00 beta= 0.000E+00
    Group 5: alfa= 0.000E+00 beta= 0.000E+00
  K_damp NNZ sum =  0.000E+00
 ERROR: CSR entry not found: row=        1385  col=        1473
 ERROR: CSR entry not found: row=        1385  col=        1474
 ERROR: CSR entry not found: row=        1386  col=        1473
 ERROR: CSR entry not found: row=        1386  col=        1474
 ERROR: CSR entry not found: row=        1473  col=        1385
 ERROR: CSR entry not found: row=        1473  col=        1386
 ERROR: CSR entry not found: row=        1474  col=        1385
 ERROR: CSR entry not found: row=        1474  col=        1386
 ERROR: CSR entry not found: row=        1289  col=        1385
 ERROR: CSR entry not found: row=        1289  col=        1386
 ERROR: CSR entry not found: row=        1290  col=        1385
 ERROR: CSR entry not found: row=        1290  col=        1386
 ERROR: CSR entry not found: row=        1385  col=        1289
 ERROR: CSR entry not found: row=        1385  col=        1290
 ERROR: CSR entry not found: row=        1386  col=        1289
 ERROR: CSR entry not found: row=        1386  col=        1290
 ERROR: CSR entry not found: row=        1117  col=        1201
 ERROR: CSR entry not found: row=        1117  col=        1202
 ERROR: CSR entry not found: row=        1118  col=        1201
 ERROR: CSR entry not found: row=        1118  col=        1202
 ERROR: CSR entry not found: row=        1201  col=        1117
 ERROR: CSR entry not found: row=        1201  col=        1118
 ERROR: CSR entry not found: row=        1202  col=        1117
 ERROR: CSR entry not found: row=        1202  col=        1118
 ERROR: CSR entry not found: row=        1031  col=        1117
 ERROR: CSR entry not found: row=        1031  col=        1118
 ERROR: CSR entry not found: row=        1032  col=        1117
 ERROR: CSR entry not found: row=        1032  col=        1118
 ERROR: CSR entry not found: row=        1117  col=        1031
 ERROR: CSR entry not found: row=        1117  col=        1032
 ERROR: CSR entry not found: row=        1118  col=        1031
 ERROR: CSR entry not found: row=        1118  col=        1032
 ERROR: CSR entry not found: row=         879  col=         955
 ERROR: CSR entry not found: row=         879  col=         956
 ERROR: CSR entry not found: row=         880  col=         955
 ERROR: CSR entry not found: row=         880  col=         956
 ERROR: CSR entry not found: row=         955  col=         879
 ERROR: CSR entry not found: row=         955  col=         880
 ERROR: CSR entry not found: row=         956  col=         879
 ERROR: CSR entry not found: row=         956  col=         880
 ERROR: CSR entry not found: row=         805  col=         879
 ERROR: CSR entry not found: row=         805  col=         880
 ERROR: CSR entry not found: row=         806  col=         879
 ERROR: CSR entry not found: row=         806  col=         880
 ERROR: CSR entry not found: row=         879  col=         805
 ERROR: CSR entry not found: row=         879  col=         806
 ERROR: CSR entry not found: row=         880  col=         805
 ERROR: CSR entry not found: row=         880  col=         806
 ERROR: CSR entry not found: row=         729  col=         805
 ERROR: CSR entry not found: row=         729  col=         806
 ERROR: CSR entry not found: row=         730  col=         805
 ERROR: CSR entry not found: row=         730  col=         806
 ERROR: CSR entry not found: row=         805  col=         729
 ERROR: CSR entry not found: row=         805  col=         730
 ERROR: CSR entry not found: row=         806  col=         729
 ERROR: CSR entry not found: row=         806  col=         730
 ERROR: CSR entry not found: row=         665  col=         729
 ERROR: CSR entry not found: row=         665  col=         730
 ERROR: CSR entry not found: row=         666  col=         729
 ERROR: CSR entry not found: row=         666  col=         730
 ERROR: CSR entry not found: row=         729  col=         665
 ERROR: CSR entry not found: row=         729  col=         666
 ERROR: CSR entry not found: row=         730  col=         665
 ERROR: CSR entry not found: row=         730  col=         666
 ERROR: CSR entry not found: row=         597  col=         665
 ERROR: CSR entry not found: row=         597  col=         666
 ERROR: CSR entry not found: row=         598  col=         665
 ERROR: CSR entry not found: row=         598  col=         666
 ERROR: CSR entry not found: row=         665  col=         597
 ERROR: CSR entry not found: row=         665  col=         598
 ERROR: CSR entry not found: row=         666  col=         597
 ERROR: CSR entry not found: row=         666  col=         598
 ERROR: CSR entry not found: row=         539  col=         597
 ERROR: CSR entry not found: row=         539  col=         598
 ERROR: CSR entry not found: row=         540  col=         597
 ERROR: CSR entry not found: row=         540  col=         598
 ERROR: CSR entry not found: row=         597  col=         539
 ERROR: CSR entry not found: row=         597  col=         540
 ERROR: CSR entry not found: row=         598  col=         539
 ERROR: CSR entry not found: row=         598  col=         540
 ERROR: CSR entry not found: row=         475  col=         539
 ERROR: CSR entry not found: row=         475  col=         540
 ERROR: CSR entry not found: row=         476  col=         539
 ERROR: CSR entry not found: row=         476  col=         540
 ERROR: CSR entry not found: row=         539  col=         475
 ERROR: CSR entry not found: row=         539  col=         476
 ERROR: CSR entry not found: row=         540  col=         475
 ERROR: CSR entry not found: row=         540  col=         476
 ERROR: CSR entry not found: row=         425  col=         475
 ERROR: CSR entry not found: row=         425  col=         476
 ERROR: CSR entry not found: row=         426  col=         475
 ERROR: CSR entry not found: row=         426  col=         476
 ERROR: CSR entry not found: row=         475  col=         425
 ERROR: CSR entry not found: row=         475  col=         426
 ERROR: CSR entry not found: row=         476  col=         425
 ERROR: CSR entry not found: row=         476  col=         426
 ERROR: CSR entry not found: row=         369  col=         425
 ERROR: CSR entry not found: row=         369  col=         426
 ERROR: CSR entry not found: row=         370  col=         425
 ERROR: CSR entry not found: row=         370  col=         426
 ERROR: CSR entry not found: row=         425  col=         369
 ERROR: CSR entry not found: row=         425  col=         370
 ERROR: CSR entry not found: row=         426  col=         369
 ERROR: CSR entry not found: row=         426  col=         370
 ERROR: CSR entry not found: row=         323  col=         369
 ERROR: CSR entry not found: row=         323  col=         370
 ERROR: CSR entry not found: row=         324  col=         369
 ERROR: CSR entry not found: row=         324  col=         370
 ERROR: CSR entry not found: row=         369  col=         323
 ERROR: CSR entry not found: row=         369  col=         324
 ERROR: CSR entry not found: row=         370  col=         323
 ERROR: CSR entry not found: row=         370  col=         324
 ERROR: CSR entry not found: row=         275  col=         323
 ERROR: CSR entry not found: row=         275  col=         324
 ERROR: CSR entry not found: row=         276  col=         323
 ERROR: CSR entry not found: row=         276  col=         324
 ERROR: CSR entry not found: row=         323  col=         275
 ERROR: CSR entry not found: row=         323  col=         276
 ERROR: CSR entry not found: row=         324  col=         275
 ERROR: CSR entry not found: row=         324  col=         276
 ERROR: CSR entry not found: row=         237  col=         275
 ERROR: CSR entry not found: row=         237  col=         276
 ERROR: CSR entry not found: row=         238  col=         275
 ERROR: CSR entry not found: row=         238  col=         276
 ERROR: CSR entry not found: row=         275  col=         237
 ERROR: CSR entry not found: row=         275  col=         238
 ERROR: CSR entry not found: row=         276  col=         237
 ERROR: CSR entry not found: row=         276  col=         238
 ERROR: CSR entry not found: row=         193  col=         237
 ERROR: CSR entry not found: row=         193  col=         238
 ERROR: CSR entry not found: row=         194  col=         237
 ERROR: CSR entry not found: row=         194  col=         238
 ERROR: CSR entry not found: row=         237  col=         193
 ERROR: CSR entry not found: row=         237  col=         194
 ERROR: CSR entry not found: row=         238  col=         193
 ERROR: CSR entry not found: row=         238  col=         194
 ERROR: CSR entry not found: row=         157  col=         193
 ERROR: CSR entry not found: row=         157  col=         194
 ERROR: CSR entry not found: row=         158  col=         193
 ERROR: CSR entry not found: row=         158  col=         194
 ERROR: CSR entry not found: row=         193  col=         157
 ERROR: CSR entry not found: row=         193  col=         158
 ERROR: CSR entry not found: row=         194  col=         157
 ERROR: CSR entry not found: row=         194  col=         158
 ERROR: CSR entry not found: row=         125  col=         157
 ERROR: CSR entry not found: row=         125  col=         158
 ERROR: CSR entry not found: row=         126  col=         157
 ERROR: CSR entry not found: row=         126  col=         158
 ERROR: CSR entry not found: row=         157  col=         125
 ERROR: CSR entry not found: row=         157  col=         126
 ERROR: CSR entry not found: row=         158  col=         125
 ERROR: CSR entry not found: row=         158  col=         126
 ERROR: CSR entry not found: row=         101  col=         125
 ERROR: CSR entry not found: row=         101  col=         126
 ERROR: CSR entry not found: row=         102  col=         125
 ERROR: CSR entry not found: row=         102  col=         126
 ERROR: CSR entry not found: row=         125  col=         101
 ERROR: CSR entry not found: row=         125  col=         102
 ERROR: CSR entry not found: row=         126  col=         101
 ERROR: CSR entry not found: row=         126  col=         102
 ERROR: CSR entry not found: row=          73  col=         101
 ERROR: CSR entry not found: row=          73  col=         102
 ERROR: CSR entry not found: row=          74  col=         101
 ERROR: CSR entry not found: row=          74  col=         102
 ERROR: CSR entry not found: row=         101  col=          73
 ERROR: CSR entry not found: row=         101  col=          74
 ERROR: CSR entry not found: row=         102  col=          73
 ERROR: CSR entry not found: row=         102  col=          74
 ERROR: CSR entry not found: row=          11  col=          23
 ERROR: CSR entry not found: row=          11  col=          24
 ERROR: CSR entry not found: row=          12  col=          23
 ERROR: CSR entry not found: row=          12  col=          24
 ERROR: CSR entry not found: row=          23  col=          11
 ERROR: CSR entry not found: row=          23  col=          12
 ERROR: CSR entry not found: row=          24  col=          11
 ERROR: CSR entry not found: row=          24  col=          12
 ERROR: CSR entry not found: row=           5  col=          11
 ERROR: CSR entry not found: row=           5  col=          12
 ERROR: CSR entry not found: row=           6  col=          11
 ERROR: CSR entry not found: row=           6  col=          12
 ERROR: CSR entry not found: row=          11  col=           5
 ERROR: CSR entry not found: row=          11  col=           6
 ERROR: CSR entry not found: row=          12  col=           5
 ERROR: CSR entry not found: row=          12  col=           6
 ERROR: CSR entry not found: row=        3315  col=        3311
 ERROR: CSR entry not found: row=        3315  col=        3312
 ERROR: CSR entry not found: row=        3316  col=        3311
 ERROR: CSR entry not found: row=        3316  col=        3312
 ERROR: CSR entry not found: row=        3311  col=        3315
 ERROR: CSR entry not found: row=        3311  col=        3316
 ERROR: CSR entry not found: row=        3312  col=        3315
 ERROR: CSR entry not found: row=        3312  col=        3316
 ERROR: CSR entry not found: row=        3321  col=        3315
 ERROR: CSR entry not found: row=        3321  col=        3316
 ERROR: CSR entry not found: row=        3322  col=        3315
 ERROR: CSR entry not found: row=        3322  col=        3316
 ERROR: CSR entry not found: row=        3315  col=        3321
 ERROR: CSR entry not found: row=        3315  col=        3322
 ERROR: CSR entry not found: row=        3316  col=        3321
 ERROR: CSR entry not found: row=        3316  col=        3322
 ERROR: CSR entry not found: row=        3329  col=        3321
 ERROR: CSR entry not found: row=        3329  col=        3322
 ERROR: CSR entry not found: row=        3330  col=        3321
 ERROR: CSR entry not found: row=        3330  col=        3322
 ERROR: CSR entry not found: row=        3321  col=        3329
 ERROR: CSR entry not found: row=        3321  col=        3330
 ERROR: CSR entry not found: row=        3322  col=        3329
 ERROR: CSR entry not found: row=        3322  col=        3330
 ERROR: CSR entry not found: row=        3337  col=        3329
 ERROR: CSR entry not found: row=        3337  col=        3330
 ERROR: CSR entry not found: row=        3338  col=        3329
 ERROR: CSR entry not found: row=        3338  col=        3330
 ERROR: CSR entry not found: row=        3329  col=        3337
 ERROR: CSR entry not found: row=        3329  col=        3338
 ERROR: CSR entry not found: row=        3330  col=        3337
 ERROR: CSR entry not found: row=        3330  col=        3338
 ERROR: CSR entry not found: row=        3357  col=        3337
 ERROR: CSR entry not found: row=        3357  col=        3338
 ERROR: CSR entry not found: row=        3358  col=        3337
 ERROR: CSR entry not found: row=        3358  col=        3338
 ERROR: CSR entry not found: row=        3337  col=        3357
 ERROR: CSR entry not found: row=        3337  col=        3358
 ERROR: CSR entry not found: row=        3338  col=        3357
 ERROR: CSR entry not found: row=        3338  col=        3358
 ERROR: CSR entry not found: row=        3375  col=        3357
 ERROR: CSR entry not found: row=        3375  col=        3358
 ERROR: CSR entry not found: row=        3376  col=        3357
 ERROR: CSR entry not found: row=        3376  col=        3358
 ERROR: CSR entry not found: row=        3357  col=        3375
 ERROR: CSR entry not found: row=        3357  col=        3376
 ERROR: CSR entry not found: row=        3358  col=        3375
 ERROR: CSR entry not found: row=        3358  col=        3376
 ERROR: CSR entry not found: row=        3397  col=        3375
 ERROR: CSR entry not found: row=        3397  col=        3376
 ERROR: CSR entry not found: row=        3398  col=        3375
 ERROR: CSR entry not found: row=        3398  col=        3376
 ERROR: CSR entry not found: row=        3375  col=        3397
 ERROR: CSR entry not found: row=        3375  col=        3398
 ERROR: CSR entry not found: row=        3376  col=        3397
 ERROR: CSR entry not found: row=        3376  col=        3398
 ERROR: CSR entry not found: row=        3417  col=        3397
 ERROR: CSR entry not found: row=        3417  col=        3398
 ERROR: CSR entry not found: row=        3418  col=        3397
 ERROR: CSR entry not found: row=        3418  col=        3398
 ERROR: CSR entry not found: row=        3397  col=        3417
 ERROR: CSR entry not found: row=        3397  col=        3418
 ERROR: CSR entry not found: row=        3398  col=        3417
 ERROR: CSR entry not found: row=        3398  col=        3418
 ERROR: CSR entry not found: row=        3437  col=        3417
 ERROR: CSR entry not found: row=        3437  col=        3418
 ERROR: CSR entry not found: row=        3438  col=        3417
 ERROR: CSR entry not found: row=        3438  col=        3418
 ERROR: CSR entry not found: row=        3417  col=        3437
 ERROR: CSR entry not found: row=        3417  col=        3438
 ERROR: CSR entry not found: row=        3418  col=        3437
 ERROR: CSR entry not found: row=        3418  col=        3438
 ERROR: CSR entry not found: row=        3469  col=        3437
 ERROR: CSR entry not found: row=        3469  col=        3438
 ERROR: CSR entry not found: row=        3470  col=        3437
 ERROR: CSR entry not found: row=        3470  col=        3438
 ERROR: CSR entry not found: row=        3437  col=        3469
 ERROR: CSR entry not found: row=        3437  col=        3470
 ERROR: CSR entry not found: row=        3438  col=        3469
 ERROR: CSR entry not found: row=        3438  col=        3470
 ERROR: CSR entry not found: row=        3501  col=        3469
 ERROR: CSR entry not found: row=        3501  col=        3470
 ERROR: CSR entry not found: row=        3502  col=        3469
 ERROR: CSR entry not found: row=        3502  col=        3470
 ERROR: CSR entry not found: row=        3469  col=        3501
 ERROR: CSR entry not found: row=        3469  col=        3502
 ERROR: CSR entry not found: row=        3470  col=        3501
 ERROR: CSR entry not found: row=        3470  col=        3502
 ERROR: CSR entry not found: row=        3533  col=        3501
 ERROR: CSR entry not found: row=        3533  col=        3502
 ERROR: CSR entry not found: row=        3534  col=        3501
 ERROR: CSR entry not found: row=        3534  col=        3502
 ERROR: CSR entry not found: row=        3501  col=        3533
 ERROR: CSR entry not found: row=        3501  col=        3534
 ERROR: CSR entry not found: row=        3502  col=        3533
 ERROR: CSR entry not found: row=        3502  col=        3534
 ERROR: CSR entry not found: row=        3563  col=        3533
 ERROR: CSR entry not found: row=        3563  col=        3534
 ERROR: CSR entry not found: row=        3564  col=        3533
 ERROR: CSR entry not found: row=        3564  col=        3534
 ERROR: CSR entry not found: row=        3533  col=        3563
 ERROR: CSR entry not found: row=        3533  col=        3564
 ERROR: CSR entry not found: row=        3534  col=        3563
 ERROR: CSR entry not found: row=        3534  col=        3564
 ERROR: CSR entry not found: row=        3597  col=        3563
 ERROR: CSR entry not found: row=        3597  col=        3564
 ERROR: CSR entry not found: row=        3598  col=        3563
 ERROR: CSR entry not found: row=        3598  col=        3564
 ERROR: CSR entry not found: row=        3563  col=        3597
 ERROR: CSR entry not found: row=        3563  col=        3598
 ERROR: CSR entry not found: row=        3564  col=        3597
 ERROR: CSR entry not found: row=        3564  col=        3598
 ERROR: CSR entry not found: row=        3637  col=        3597
 ERROR: CSR entry not found: row=        3637  col=        3598
 ERROR: CSR entry not found: row=        3638  col=        3597
 ERROR: CSR entry not found: row=        3638  col=        3598
 ERROR: CSR entry not found: row=        3597  col=        3637
 ERROR: CSR entry not found: row=        3597  col=        3638
 ERROR: CSR entry not found: row=        3598  col=        3637
 ERROR: CSR entry not found: row=        3598  col=        3638
 ERROR: CSR entry not found: row=        3731  col=        3679
 ERROR: CSR entry not found: row=        3731  col=        3680
 ERROR: CSR entry not found: row=        3732  col=        3679
 ERROR: CSR entry not found: row=        3732  col=        3680
 ERROR: CSR entry not found: row=        3679  col=        3731
 ERROR: CSR entry not found: row=        3679  col=        3732
 ERROR: CSR entry not found: row=        3680  col=        3731
 ERROR: CSR entry not found: row=        3680  col=        3732
 ERROR: CSR entry not found: row=        3795  col=        3731
 ERROR: CSR entry not found: row=        3795  col=        3732
 ERROR: CSR entry not found: row=        3796  col=        3731
 ERROR: CSR entry not found: row=        3796  col=        3732
 ERROR: CSR entry not found: row=        3731  col=        3795
 ERROR: CSR entry not found: row=        3731  col=        3796
 ERROR: CSR entry not found: row=        3732  col=        3795
 ERROR: CSR entry not found: row=        3732  col=        3796
 ERROR: CSR entry not found: row=        3887  col=        3795
 ERROR: CSR entry not found: row=        3887  col=        3796
 ERROR: CSR entry not found: row=        3888  col=        3795
 ERROR: CSR entry not found: row=        3888  col=        3796
 ERROR: CSR entry not found: row=        3795  col=        3887
 ERROR: CSR entry not found: row=        3795  col=        3888
 ERROR: CSR entry not found: row=        3796  col=        3887
 ERROR: CSR entry not found: row=        3796  col=        3888
 ERROR: CSR entry not found: row=        3981  col=        3887
 ERROR: CSR entry not found: row=        3981  col=        3888
 ERROR: CSR entry not found: row=        3982  col=        3887
 ERROR: CSR entry not found: row=        3982  col=        3888
 ERROR: CSR entry not found: row=        3887  col=        3981
 ERROR: CSR entry not found: row=        3887  col=        3982
 ERROR: CSR entry not found: row=        3888  col=        3981
 ERROR: CSR entry not found: row=        3888  col=        3982
 ERROR: CSR entry not found: row=        4079  col=        3981
 ERROR: CSR entry not found: row=        4079  col=        3982
 ERROR: CSR entry not found: row=        4080  col=        3981
 ERROR: CSR entry not found: row=        4080  col=        3982
 ERROR: CSR entry not found: row=        3981  col=        4079
 ERROR: CSR entry not found: row=        3981  col=        4080
 ERROR: CSR entry not found: row=        3982  col=        4079
 ERROR: CSR entry not found: row=        3982  col=        4080
 ERROR: CSR entry not found: row=        4149  col=        4079
 ERROR: CSR entry not found: row=        4149  col=        4080
 ERROR: CSR entry not found: row=        4150  col=        4079
 ERROR: CSR entry not found: row=        4150  col=        4080
 ERROR: CSR entry not found: row=        4079  col=        4149
 ERROR: CSR entry not found: row=        4079  col=        4150
 ERROR: CSR entry not found: row=        4080  col=        4149
 ERROR: CSR entry not found: row=        4080  col=        4150
 ERROR: CSR entry not found: row=        4205  col=        4149
 ERROR: CSR entry not found: row=        4205  col=        4150
 ERROR: CSR entry not found: row=        4206  col=        4149
 ERROR: CSR entry not found: row=        4206  col=        4150
 ERROR: CSR entry not found: row=        4149  col=        4205
 ERROR: CSR entry not found: row=        4149  col=        4206
 ERROR: CSR entry not found: row=        4150  col=        4205
 ERROR: CSR entry not found: row=        4150  col=        4206
 ERROR: CSR entry not found: row=        4309  col=        4259
 ERROR: CSR entry not found: row=        4309  col=        4260
 ERROR: CSR entry not found: row=        4310  col=        4259
 ERROR: CSR entry not found: row=        4310  col=        4260
 ERROR: CSR entry not found: row=        4259  col=        4309
 ERROR: CSR entry not found: row=        4259  col=        4310
 ERROR: CSR entry not found: row=        4260  col=        4309
 ERROR: CSR entry not found: row=        4260  col=        4310
 ERROR: CSR entry not found: row=        4363  col=        4309
 ERROR: CSR entry not found: row=        4363  col=        4310
 ERROR: CSR entry not found: row=        4364  col=        4309
 ERROR: CSR entry not found: row=        4364  col=        4310
 ERROR: CSR entry not found: row=        4309  col=        4363
 ERROR: CSR entry not found: row=        4309  col=        4364
 ERROR: CSR entry not found: row=        4310  col=        4363
 ERROR: CSR entry not found: row=        4310  col=        4364
 ERROR: CSR entry not found: row=        4413  col=        4363
 ERROR: CSR entry not found: row=        4413  col=        4364
 ERROR: CSR entry not found: row=        4414  col=        4363
 ERROR: CSR entry not found: row=        4414  col=        4364
 ERROR: CSR entry not found: row=        4363  col=        4413
 ERROR: CSR entry not found: row=        4363  col=        4414
 ERROR: CSR entry not found: row=        4364  col=        4413
 ERROR: CSR entry not found: row=        4364  col=        4414
 ERROR: CSR entry not found: row=        4519  col=        4469
 ERROR: CSR entry not found: row=        4519  col=        4470
 ERROR: CSR entry not found: row=        4520  col=        4469
 ERROR: CSR entry not found: row=        4520  col=        4470
 ERROR: CSR entry not found: row=        4469  col=        4519
 ERROR: CSR entry not found: row=        4469  col=        4520
 ERROR: CSR entry not found: row=        4470  col=        4519
 ERROR: CSR entry not found: row=        4470  col=        4520
 ERROR: CSR entry not found: row=        4573  col=        4519
 ERROR: CSR entry not found: row=        4573  col=        4520
 ERROR: CSR entry not found: row=        4574  col=        4519
 ERROR: CSR entry not found: row=        4574  col=        4520
 ERROR: CSR entry not found: row=        4519  col=        4573
 ERROR: CSR entry not found: row=        4519  col=        4574
 ERROR: CSR entry not found: row=        4520  col=        4573
 ERROR: CSR entry not found: row=        4520  col=        4574
 ERROR: CSR entry not found: row=         599  col=         603
 ERROR: CSR entry not found: row=         599  col=         604
 ERROR: CSR entry not found: row=         600  col=         603
 ERROR: CSR entry not found: row=         600  col=         604
 ERROR: CSR entry not found: row=         603  col=         599
 ERROR: CSR entry not found: row=         603  col=         600
 ERROR: CSR entry not found: row=         604  col=         599
 ERROR: CSR entry not found: row=         604  col=         600
 ERROR: CSR entry not found: row=         547  col=         549
 ERROR: CSR entry not found: row=         547  col=         550
 ERROR: CSR entry not found: row=         548  col=         549
 ERROR: CSR entry not found: row=         548  col=         550
 ERROR: CSR entry not found: row=         549  col=         547
 ERROR: CSR entry not found: row=         549  col=         548
 ERROR: CSR entry not found: row=         550  col=         547
 ERROR: CSR entry not found: row=         550  col=         548
 ERROR: CSR entry not found: row=         493  col=         499
 ERROR: CSR entry not found: row=         493  col=         500
 ERROR: CSR entry not found: row=         494  col=         499
 ERROR: CSR entry not found: row=         494  col=         500
 ERROR: CSR entry not found: row=         499  col=         493
 ERROR: CSR entry not found: row=         499  col=         494
 ERROR: CSR entry not found: row=         500  col=         493
 ERROR: CSR entry not found: row=         500  col=         494
 ERROR: CSR entry not found: row=         439  col=         443
 ERROR: CSR entry not found: row=         439  col=         444
 ERROR: CSR entry not found: row=         440  col=         443
 ERROR: CSR entry not found: row=         440  col=         444
 ERROR: CSR entry not found: row=         443  col=         439
 ERROR: CSR entry not found: row=         443  col=         440
 ERROR: CSR entry not found: row=         444  col=         439
 ERROR: CSR entry not found: row=         444  col=         440
 ERROR: CSR entry not found: row=         391  col=         395
 ERROR: CSR entry not found: row=         391  col=         396
 ERROR: CSR entry not found: row=         392  col=         395
 ERROR: CSR entry not found: row=         392  col=         396
 ERROR: CSR entry not found: row=         395  col=         391
 ERROR: CSR entry not found: row=         395  col=         392
 ERROR: CSR entry not found: row=         396  col=         391
 ERROR: CSR entry not found: row=         396  col=         392
 ERROR: CSR entry not found: row=         347  col=         349
 ERROR: CSR entry not found: row=         347  col=         350
 ERROR: CSR entry not found: row=         348  col=         349
 ERROR: CSR entry not found: row=         348  col=         350
 ERROR: CSR entry not found: row=         349  col=         347
 ERROR: CSR entry not found: row=         349  col=         348
 ERROR: CSR entry not found: row=         350  col=         347
 ERROR: CSR entry not found: row=         350  col=         348
 ERROR: CSR entry not found: row=         301  col=         303
 ERROR: CSR entry not found: row=         301  col=         304
 ERROR: CSR entry not found: row=         302  col=         303
 ERROR: CSR entry not found: row=         302  col=         304
 ERROR: CSR entry not found: row=         303  col=         301
 ERROR: CSR entry not found: row=         303  col=         302
 ERROR: CSR entry not found: row=         304  col=         301
 ERROR: CSR entry not found: row=         304  col=         302
 ERROR: CSR entry not found: row=         263  col=         265
 ERROR: CSR entry not found: row=         263  col=         266
 ERROR: CSR entry not found: row=         264  col=         265
 ERROR: CSR entry not found: row=         264  col=         266
 ERROR: CSR entry not found: row=         265  col=         263
 ERROR: CSR entry not found: row=         265  col=         264
 ERROR: CSR entry not found: row=         266  col=         263
 ERROR: CSR entry not found: row=         266  col=         264
 ERROR: CSR entry not found: row=         225  col=         229
 ERROR: CSR entry not found: row=         225  col=         230
 ERROR: CSR entry not found: row=         226  col=         229
 ERROR: CSR entry not found: row=         226  col=         230
 ERROR: CSR entry not found: row=         229  col=         225
 ERROR: CSR entry not found: row=         229  col=         226
 ERROR: CSR entry not found: row=         230  col=         225
 ERROR: CSR entry not found: row=         230  col=         226
 ERROR: CSR entry not found: row=         189  col=         191
 ERROR: CSR entry not found: row=         189  col=         192
 ERROR: CSR entry not found: row=         190  col=         191
 ERROR: CSR entry not found: row=         190  col=         192
 ERROR: CSR entry not found: row=         191  col=         189
 ERROR: CSR entry not found: row=         191  col=         190
 ERROR: CSR entry not found: row=         192  col=         189
 ERROR: CSR entry not found: row=         192  col=         190
 ERROR: CSR entry not found: row=         159  col=         165
 ERROR: CSR entry not found: row=         159  col=         166
 ERROR: CSR entry not found: row=         160  col=         165
 ERROR: CSR entry not found: row=         160  col=         166
 ERROR: CSR entry not found: row=         165  col=         159
 ERROR: CSR entry not found: row=         165  col=         160
 ERROR: CSR entry not found: row=         166  col=         159
 ERROR: CSR entry not found: row=         166  col=         160
 ERROR: CSR entry not found: row=         133  col=         135
 ERROR: CSR entry not found: row=         133  col=         136
 ERROR: CSR entry not found: row=         134  col=         135
 ERROR: CSR entry not found: row=         134  col=         136
 ERROR: CSR entry not found: row=         135  col=         133
 ERROR: CSR entry not found: row=         135  col=         134
 ERROR: CSR entry not found: row=         136  col=         133
 ERROR: CSR entry not found: row=         136  col=         134
 ERROR: CSR entry not found: row=         105  col=         109
 ERROR: CSR entry not found: row=         105  col=         110
 ERROR: CSR entry not found: row=         106  col=         109
 ERROR: CSR entry not found: row=         106  col=         110
 ERROR: CSR entry not found: row=         109  col=         105
 ERROR: CSR entry not found: row=         109  col=         106
 ERROR: CSR entry not found: row=         110  col=         105
 ERROR: CSR entry not found: row=         110  col=         106
 ERROR: CSR entry not found: row=          85  col=          87
 ERROR: CSR entry not found: row=          85  col=          88
 ERROR: CSR entry not found: row=          86  col=          87
 ERROR: CSR entry not found: row=          86  col=          88
 ERROR: CSR entry not found: row=          87  col=          85
 ERROR: CSR entry not found: row=          87  col=          86
 ERROR: CSR entry not found: row=          88  col=          85
 ERROR: CSR entry not found: row=          88  col=          86
 ERROR: CSR entry not found: row=          63  col=          67
 ERROR: CSR entry not found: row=          63  col=          68
 ERROR: CSR entry not found: row=          64  col=          67
 ERROR: CSR entry not found: row=          64  col=          68
 ERROR: CSR entry not found: row=          67  col=          63
 ERROR: CSR entry not found: row=          67  col=          64
 ERROR: CSR entry not found: row=          68  col=          63
 ERROR: CSR entry not found: row=          68  col=          64
 ERROR: CSR entry not found: row=          31  col=          33
 ERROR: CSR entry not found: row=          31  col=          34
 ERROR: CSR entry not found: row=          32  col=          33
 ERROR: CSR entry not found: row=          32  col=          34
 ERROR: CSR entry not found: row=          33  col=          31
 ERROR: CSR entry not found: row=          33  col=          32
 ERROR: CSR entry not found: row=          34  col=          31
 ERROR: CSR entry not found: row=          34  col=          32
 ERROR: CSR entry not found: row=           9  col=          13
 ERROR: CSR entry not found: row=           9  col=          14
 ERROR: CSR entry not found: row=          10  col=          13
 ERROR: CSR entry not found: row=          10  col=          14
 ERROR: CSR entry not found: row=          13  col=           9
 ERROR: CSR entry not found: row=          13  col=          10
 ERROR: CSR entry not found: row=          14  col=           9
 ERROR: CSR entry not found: row=          14  col=          10
 ERROR: CSR entry not found: row=        3183  col=        3311
 ERROR: CSR entry not found: row=        3183  col=        3312
 ERROR: CSR entry not found: row=        3184  col=        3311
 ERROR: CSR entry not found: row=        3184  col=        3312
 ERROR: CSR entry not found: row=        3311  col=        3183
 ERROR: CSR entry not found: row=        3311  col=        3184
 ERROR: CSR entry not found: row=        3312  col=        3183
 ERROR: CSR entry not found: row=        3312  col=        3184
 ERROR: CSR entry not found: row=        3053  col=        3183
 ERROR: CSR entry not found: row=        3053  col=        3184
 ERROR: CSR entry not found: row=        3054  col=        3183
 ERROR: CSR entry not found: row=        3054  col=        3184
 ERROR: CSR entry not found: row=        3183  col=        3053
 ERROR: CSR entry not found: row=        3183  col=        3054
 ERROR: CSR entry not found: row=        3184  col=        3053
 ERROR: CSR entry not found: row=        3184  col=        3054
 ERROR: CSR entry not found: row=        2931  col=        3053
 ERROR: CSR entry not found: row=        2931  col=        3054
 ERROR: CSR entry not found: row=        2932  col=        3053
 ERROR: CSR entry not found: row=        2932  col=        3054
 ERROR: CSR entry not found: row=        3053  col=        2931
 ERROR: CSR entry not found: row=        3053  col=        2932
 ERROR: CSR entry not found: row=        3054  col=        2931
 ERROR: CSR entry not found: row=        3054  col=        2932
 ERROR: CSR entry not found: row=        2815  col=        2931
 ERROR: CSR entry not found: row=        2815  col=        2932
 ERROR: CSR entry not found: row=        2816  col=        2931
 ERROR: CSR entry not found: row=        2816  col=        2932
 ERROR: CSR entry not found: row=        2931  col=        2815
 ERROR: CSR entry not found: row=        2931  col=        2816
 ERROR: CSR entry not found: row=        2932  col=        2815
 ERROR: CSR entry not found: row=        2932  col=        2816
 ERROR: CSR entry not found: row=        2699  col=        2815
 ERROR: CSR entry not found: row=        2699  col=        2816
 ERROR: CSR entry not found: row=        2700  col=        2815
 ERROR: CSR entry not found: row=        2700  col=        2816
 ERROR: CSR entry not found: row=        2815  col=        2699
 ERROR: CSR entry not found: row=        2815  col=        2700
 ERROR: CSR entry not found: row=        2816  col=        2699
 ERROR: CSR entry not found: row=        2816  col=        2700
 ERROR: CSR entry not found: row=        2589  col=        2699
 ERROR: CSR entry not found: row=        2589  col=        2700
 ERROR: CSR entry not found: row=        2590  col=        2699
 ERROR: CSR entry not found: row=        2590  col=        2700
 ERROR: CSR entry not found: row=        2699  col=        2589
 ERROR: CSR entry not found: row=        2699  col=        2590
 ERROR: CSR entry not found: row=        2700  col=        2589
 ERROR: CSR entry not found: row=        2700  col=        2590
 ERROR: CSR entry not found: row=        2489  col=        2589
 ERROR: CSR entry not found: row=        2489  col=        2590
 ERROR: CSR entry not found: row=        2490  col=        2589
 ERROR: CSR entry not found: row=        2490  col=        2590
 ERROR: CSR entry not found: row=        2589  col=        2489
 ERROR: CSR entry not found: row=        2589  col=        2490
 ERROR: CSR entry not found: row=        2590  col=        2489
 ERROR: CSR entry not found: row=        2590  col=        2490
 ERROR: CSR entry not found: row=        2385  col=        2489
 ERROR: CSR entry not found: row=        2385  col=        2490
 ERROR: CSR entry not found: row=        2386  col=        2489
 ERROR: CSR entry not found: row=        2386  col=        2490
 ERROR: CSR entry not found: row=        2489  col=        2385
 ERROR: CSR entry not found: row=        2489  col=        2386
 ERROR: CSR entry not found: row=        2490  col=        2385
 ERROR: CSR entry not found: row=        2490  col=        2386
 ERROR: CSR entry not found: row=        2293  col=        2385
 ERROR: CSR entry not found: row=        2293  col=        2386
 ERROR: CSR entry not found: row=        2294  col=        2385
 ERROR: CSR entry not found: row=        2294  col=        2386
 ERROR: CSR entry not found: row=        2385  col=        2293
 ERROR: CSR entry not found: row=        2385  col=        2294
 ERROR: CSR entry not found: row=        2386  col=        2293
 ERROR: CSR entry not found: row=        2386  col=        2294
 ERROR: CSR entry not found: row=        2213  col=        2293
 ERROR: CSR entry not found: row=        2213  col=        2294
 ERROR: CSR entry not found: row=        2214  col=        2293
 ERROR: CSR entry not found: row=        2214  col=        2294
 ERROR: CSR entry not found: row=        2293  col=        2213
 ERROR: CSR entry not found: row=        2293  col=        2214
 ERROR: CSR entry not found: row=        2294  col=        2213
 ERROR: CSR entry not found: row=        2294  col=        2214
 ERROR: CSR entry not found: row=        2131  col=        2213
 ERROR: CSR entry not found: row=        2131  col=        2214
 ERROR: CSR entry not found: row=        2132  col=        2213
 ERROR: CSR entry not found: row=        2132  col=        2214
 ERROR: CSR entry not found: row=        2213  col=        2131
 ERROR: CSR entry not found: row=        2213  col=        2132
 ERROR: CSR entry not found: row=        2214  col=        2131
 ERROR: CSR entry not found: row=        2214  col=        2132
 ERROR: CSR entry not found: row=        2051  col=        2131
 ERROR: CSR entry not found: row=        2051  col=        2132
 ERROR: CSR entry not found: row=        2052  col=        2131
 ERROR: CSR entry not found: row=        2052  col=        2132
 ERROR: CSR entry not found: row=        2131  col=        2051
 ERROR: CSR entry not found: row=        2131  col=        2052
 ERROR: CSR entry not found: row=        2132  col=        2051
 ERROR: CSR entry not found: row=        2132  col=        2052
 ERROR: CSR entry not found: row=        1981  col=        2051
 ERROR: CSR entry not found: row=        1981  col=        2052
 ERROR: CSR entry not found: row=        1982  col=        2051
 ERROR: CSR entry not found: row=        1982  col=        2052
 ERROR: CSR entry not found: row=        2051  col=        1981
 ERROR: CSR entry not found: row=        2051  col=        1982
 ERROR: CSR entry not found: row=        2052  col=        1981
 ERROR: CSR entry not found: row=        2052  col=        1982
 ERROR: CSR entry not found: row=        1911  col=        1981
 ERROR: CSR entry not found: row=        1911  col=        1982
 ERROR: CSR entry not found: row=        1912  col=        1981
 ERROR: CSR entry not found: row=        1912  col=        1982
 ERROR: CSR entry not found: row=        1981  col=        1911
 ERROR: CSR entry not found: row=        1981  col=        1912
 ERROR: CSR entry not found: row=        1982  col=        1911
 ERROR: CSR entry not found: row=        1982  col=        1912
 ERROR: CSR entry not found: row=        1835  col=        1911
 ERROR: CSR entry not found: row=        1835  col=        1912
 ERROR: CSR entry not found: row=        1836  col=        1911
 ERROR: CSR entry not found: row=        1836  col=        1912
 ERROR: CSR entry not found: row=        1911  col=        1835
 ERROR: CSR entry not found: row=        1911  col=        1836
 ERROR: CSR entry not found: row=        1912  col=        1835
 ERROR: CSR entry not found: row=        1912  col=        1836
 ERROR: CSR entry not found: row=        1755  col=        1835
 ERROR: CSR entry not found: row=        1755  col=        1836
 ERROR: CSR entry not found: row=        1756  col=        1835
 ERROR: CSR entry not found: row=        1756  col=        1836
 ERROR: CSR entry not found: row=        1835  col=        1755
 ERROR: CSR entry not found: row=        1835  col=        1756
 ERROR: CSR entry not found: row=        1836  col=        1755
 ERROR: CSR entry not found: row=        1836  col=        1756
 ERROR: CSR entry not found: row=        1675  col=        1755
 ERROR: CSR entry not found: row=        1675  col=        1756
 ERROR: CSR entry not found: row=        1676  col=        1755
 ERROR: CSR entry not found: row=        1676  col=        1756
 ERROR: CSR entry not found: row=        1755  col=        1675
 ERROR: CSR entry not found: row=        1755  col=        1676
 ERROR: CSR entry not found: row=        1756  col=        1675
 ERROR: CSR entry not found: row=        1756  col=        1676
 ERROR: CSR entry not found: row=        1589  col=        1675
 ERROR: CSR entry not found: row=        1589  col=        1676
 ERROR: CSR entry not found: row=        1590  col=        1675
 ERROR: CSR entry not found: row=        1590  col=        1676
 ERROR: CSR entry not found: row=        1675  col=        1589
 ERROR: CSR entry not found: row=        1675  col=        1590
 ERROR: CSR entry not found: row=        1676  col=        1589
 ERROR: CSR entry not found: row=        1676  col=        1590
 ERROR: CSR entry not found: row=        1501  col=        1589
 ERROR: CSR entry not found: row=        1501  col=        1590
 ERROR: CSR entry not found: row=        1502  col=        1589
 ERROR: CSR entry not found: row=        1502  col=        1590
 ERROR: CSR entry not found: row=        1589  col=        1501
 ERROR: CSR entry not found: row=        1589  col=        1502
 ERROR: CSR entry not found: row=        1590  col=        1501
 ERROR: CSR entry not found: row=        1590  col=        1502
 ERROR: CSR entry not found: row=        1407  col=        1501
 ERROR: CSR entry not found: row=        1407  col=        1502
 ERROR: CSR entry not found: row=        1408  col=        1501
 ERROR: CSR entry not found: row=        1408  col=        1502
 ERROR: CSR entry not found: row=        1501  col=        1407
 ERROR: CSR entry not found: row=        1501  col=        1408
 ERROR: CSR entry not found: row=        1502  col=        1407
 ERROR: CSR entry not found: row=        1502  col=        1408
 ERROR: CSR entry not found: row=        1407  col=        1411
 ERROR: CSR entry not found: row=        1407  col=        1412
 ERROR: CSR entry not found: row=        1408  col=        1411
 ERROR: CSR entry not found: row=        1408  col=        1412
 ERROR: CSR entry not found: row=        1411  col=        1407
 ERROR: CSR entry not found: row=        1411  col=        1408
 ERROR: CSR entry not found: row=        1412  col=        1407
 ERROR: CSR entry not found: row=        1412  col=        1408
 ERROR: CSR entry not found: row=        1319  col=        1321
 ERROR: CSR entry not found: row=        1319  col=        1322
 ERROR: CSR entry not found: row=        1320  col=        1321
 ERROR: CSR entry not found: row=        1320  col=        1322
 ERROR: CSR entry not found: row=        1321  col=        1319
 ERROR: CSR entry not found: row=        1321  col=        1320
 ERROR: CSR entry not found: row=        1322  col=        1319
 ERROR: CSR entry not found: row=        1322  col=        1320
 ERROR: CSR entry not found: row=        1227  col=        1229
 ERROR: CSR entry not found: row=        1227  col=        1230
 ERROR: CSR entry not found: row=        1228  col=        1229
 ERROR: CSR entry not found: row=        1228  col=        1230
 ERROR: CSR entry not found: row=        1229  col=        1227
 ERROR: CSR entry not found: row=        1229  col=        1228
 ERROR: CSR entry not found: row=        1230  col=        1227
 ERROR: CSR entry not found: row=        1230  col=        1228
 ERROR: CSR entry not found: row=        1137  col=        1141
 ERROR: CSR entry not found: row=        1137  col=        1142
 ERROR: CSR entry not found: row=        1138  col=        1141
 ERROR: CSR entry not found: row=        1138  col=        1142
 ERROR: CSR entry not found: row=        1141  col=        1137
 ERROR: CSR entry not found: row=        1141  col=        1138
 ERROR: CSR entry not found: row=        1142  col=        1137
 ERROR: CSR entry not found: row=        1142  col=        1138
 ERROR: CSR entry not found: row=        1051  col=        1055
 ERROR: CSR entry not found: row=        1051  col=        1056
 ERROR: CSR entry not found: row=        1052  col=        1055
 ERROR: CSR entry not found: row=        1052  col=        1056
 ERROR: CSR entry not found: row=        1055  col=        1051
 ERROR: CSR entry not found: row=        1055  col=        1052
 ERROR: CSR entry not found: row=        1056  col=        1051
 ERROR: CSR entry not found: row=        1056  col=        1052
 ERROR: CSR entry not found: row=         969  col=         973
 ERROR: CSR entry not found: row=         969  col=         974
 ERROR: CSR entry not found: row=         970  col=         973
 ERROR: CSR entry not found: row=         970  col=         974
 ERROR: CSR entry not found: row=         973  col=         969
 ERROR: CSR entry not found: row=         973  col=         970
 ERROR: CSR entry not found: row=         974  col=         969
 ERROR: CSR entry not found: row=         974  col=         970
 ERROR: CSR entry not found: row=         889  col=         893
 ERROR: CSR entry not found: row=         889  col=         894
 ERROR: CSR entry not found: row=         890  col=         893
 ERROR: CSR entry not found: row=         890  col=         894
 ERROR: CSR entry not found: row=         893  col=         889
 ERROR: CSR entry not found: row=         893  col=         890
 ERROR: CSR entry not found: row=         894  col=         889
 ERROR: CSR entry not found: row=         894  col=         890
 ERROR: CSR entry not found: row=         817  col=         819
 ERROR: CSR entry not found: row=         817  col=         820
 ERROR: CSR entry not found: row=         818  col=         819
 ERROR: CSR entry not found: row=         818  col=         820
 ERROR: CSR entry not found: row=         819  col=         817
 ERROR: CSR entry not found: row=         819  col=         818
 ERROR: CSR entry not found: row=         820  col=         817
 ERROR: CSR entry not found: row=         820  col=         818
 ERROR: CSR entry not found: row=         735  col=         743
 ERROR: CSR entry not found: row=         735  col=         744
 ERROR: CSR entry not found: row=         736  col=         743
 ERROR: CSR entry not found: row=         736  col=         744
 ERROR: CSR entry not found: row=         743  col=         735
 ERROR: CSR entry not found: row=         743  col=         736
 ERROR: CSR entry not found: row=         744  col=         735
 ERROR: CSR entry not found: row=         744  col=         736
 ERROR: CSR entry not found: row=         671  col=         675
 ERROR: CSR entry not found: row=         671  col=         676
 ERROR: CSR entry not found: row=         672  col=         675
 ERROR: CSR entry not found: row=         672  col=         676
 ERROR: CSR entry not found: row=         675  col=         671
 ERROR: CSR entry not found: row=         675  col=         672
 ERROR: CSR entry not found: row=         676  col=         671
 ERROR: CSR entry not found: row=         676  col=         672
  VIE absorb:    110 edges, C_sum =  7.307E+09
  M_damp sum =  0.000E+00
  Newmark: beta1=  0.5000 beta2=  0.2500 dt= 0.02000
  Time steps: 500 steps
  Step     1  t=    0.0200  R_force= 1.000E+00  R_disp= 1.000E+00  R_energy= 1.000E+00
  Step     2  t=    0.0400  R_force= 7.914E-01  R_disp= 7.914E-01  R_energy= 3.755E+00
  Step    50  t=    1.0000  R_force= 1.191E-03  R_disp= 1.191E-03  R_energy= 1.267E-01
  VTU: 1_easy_t000050.vtu
  Step   100  t=    2.0000  R_force= 1.004E-04  R_disp= 1.004E-04  R_energy= 1.054E-03
  VTU: 1_easy_t000100.vtu
  Step   150  t=    3.0000  R_force= 3.605E-05  R_disp= 3.605E-05  R_energy= 8.960E-05
  VTU: 1_easy_t000150.vtu
  Step   200  t=    4.0000  R_force= 2.129E-05  R_disp= 2.129E-05  R_energy= 8.124E-05
  VTU: 1_easy_t000200.vtu
  Step   250  t=    5.0000  R_force= 1.533E-05  R_disp= 1.533E-05  R_energy= 7.310E-05
  VTU: 1_easy_t000250.vtu
  Step   300  t=    6.0000  R_force= 1.115E-05  R_disp= 1.115E-05  R_energy= 2.819E-05
  VTU: 1_easy_t000300.vtu
  Step   350  t=    7.0000  R_force= 8.677E-06  R_disp= 8.677E-06  R_energy= 1.119E-05
  VTU: 1_easy_t000350.vtu
  Step   400  t=    8.0000  R_force= 7.230E-06  R_disp= 7.230E-06  R_energy= 4.521E-06
  VTU: 1_easy_t000400.vtu
  Step   450  t=    9.0000  R_force= 6.748E-06  R_disp= 6.748E-06  R_energy= 7.174E-06
  VTU: 1_easy_t000450.vtu
  Step   500  t=   10.0000  R_force= 5.824E-06  R_disp= 5.824E-06  R_energy= 1.227E-05
  VTU: 1_easy_t000500.vtu
  PVD: ./1_easy.pvd (10 steps)
  Results: ./1_easy.flavia.res
 Dynamic analysis completed.
 
 Analysis completed successfully.
