 time: 16:00:16
 time: 16:00:16
 Input the problem name?
 NPOIN                                                                          
  
        2543        2543        2430           2           1           5
           0 GIDR                  0.000000000000000E+000           0
           0           0           0           0       99999
 NINIT                                                                          
  
           0           0           0           1           0           0
           0           0           0           0           0 
 FIX                                                          0           0
           0           0           0           0           0
 outinpunit=          37 outindunit=          54
 TYPE_PROBLEM                                                                   
  
 Q                                                 
 PROFILE                                           
 LOAD                                                         5           0
           0           0
 type_layer1                                                                    
  
 NMASS                                                                          
  
         999         999         999         999         999           0
         999           0         999           0           0
 nfreeflownode                                                                  
  
 NTSMAT                                                                         
  
         999         999           0           0           0
forrtl: severe (59): list-directed I/O syntax error, unit 29, file D:\Projects\HSTAR_Next\HSTAR_TestData\cases\train12_seepage_steady\1.ftr
Image              PC                Routine            Line        Source             
hstar.exe          00007FF69BD2C9CA  Unknown               Unknown  Unknown
hstar.exe          00007FF69B73E2F4  Unknown               Unknown  Unknown
hstar.exe          00007FF69BB93EAB  Unknown               Unknown  Unknown
hstar.exe          00007FF69BD4947B  Unknown               Unknown  Unknown
hstar.exe          00007FF6A0B19170  Unknown               Unknown  Unknown
KERNEL32.DLL       00007FF9F162E8D7  Unknown               Unknown  Unknown
ntdll.dll          00007FF9F2DEC53C  Unknown               Unknown  Unknown
