 time: 23:48:26
 time: 23:48:26
 Input the problem name?
 NPOIN                                                                          
  
        3920        3920        3777           2           3           3
           0 GIDR                  0.000000000000000E+000           0
           0           0           0           0       99999
 NINIT                                                                          
  
           0           0           0           1           0           0
           0           0           0           0           0 
 FIX                                                          0           0
           0           0           0           0           0
 outinpunit=          37 outindunit=          54
 TYPE_PROBLEM                                                                   
  
 E                                                 
 PARDISO                                           
 LOAD                                                         5           0
           0           0
 type_layer1                                                                    
  
 NMASS                                                                          
  
           1           1           1           1           0           0
           1           0           1           0           0
 nfreeflownode                                                                  
  
 NTSMAT                                                                         
  
         999         999           0           0           0
 beeta1,beeta2,theta1=  0.500000000000000       0.250000000000000     
   1.00000000000000     
 equvs_process(1:ngroup)                                                        
  
 appear_level(1:ngroup)                                                         
  
 APPEAR_PROCESS                                                                 
  
 appear_process=           1           1           0
 MATNO_PROCESS                                                                  
  
 iblks=           0 ngroup=           3 matno=           1           2
           3
 force_process=           1           1           1
 uinitial=           0
 1-ILINKS(I0                                                                    
  
 1-tLINKS(I0                                                                    
  
 text1=
 1-NGROUP--GROUP                                                                
  
 (3)                                                                            
  
 igroup=           1
 name=Q4        
 igroup=           2
 name=Q4        
 igroup=           3
 name=Q4        
 tne=        3777
 text_tension_joint=
 tension_joint                                                                  
  
 text_tension_contact=
 contact_joint                                                                  
  
 ground_inf=           0 /100=           0
 nblks=           1
 Input runblks, =?
 time: 23:48:26
 MATERIAL                                                                       
  
 NAME                                                                           
  
 FIRST:NAME---MECHANICAL                                                        
  
 FOR                                                                            
  
 NUMBER                                                                         
  
 FOR                                                                            
  
 FOR                                                                            
  
 FOR                                                                            
  
 CAMCLAY                                                                        
  
 FOR                                                                            
  
 jmat=           1
 MECHANICAL                    SOLID                                    1
 ELASTIC_ISOTROPIC                2500.00000000000        1.00000000000000     
   1.00000000000000        25000000000.0000       0.167000000000000     
  1.000000000000000E-005           0           0           0
 jmat=           2
 MECHANICAL                    SOLID                                    2
 ELASTIC_ISOTROPIC               0.000000000000000E+000   1.00000000000000     
   1.00000000000000        10000000000.0000       0.180000000000000     
  1.000000000000000E-005           0           0           0
 jmat=           3
 MECHANICAL                    SOLID                                    3
 ELASTIC_ISOTROPIC               0.000000000000000E+000   1.00000000000000     
   1.00000000000000        10000000000.0000       0.180000000000000     
  1.000000000000000E-005           0           0           0
 ngaps                                                                          
  
 ngaps=           0
 nrcsteel                                                                       
  
 nrcsteel=           0
 nwcpipe                                                                        
  
 nwcpipe=           0
 nifsgroup 
 nifsgroup=           0
 nabsgroup 
 nabsfgroup=           0
 nabssgroup
 nabssgroup=           0
 ifsnedge                                                                       
                      
 ifsnedge=           0
 lblks=           0  blks_new=           1
 lincs=           0  nincs=           0
 lblks=           0  blks_new=           1
 Bparameter=           0
 lblks=           0 lincs=           0 ttime=  0.000000000000000E+000
 ntime=           2 LINEAR                         0           2
 ok waterlevel
 nplgroup=           0
 nedge=           0
 iblks=           1 lineload=           9
 iblks=           1
 time: 23:48:26
 a1
 ifixset=           1 type_abc=
 FIX                                               
 ifixset=           2 type_abc=
 FIX                                               
 ifixset=           3 type_abc=
 FIX                                               
 outind=           0
 edge_load_group     
 edge_load_group=           0 delgroup=           0
 gray=   9.81000000000000       0.000000000000000E+000  -1.00000000000000     
  0.000000000000000E+000  -1.00000000000000     
 tcurv=           1           1           1
 ecwpipe=           0 iblks=           1 lblks+1=           1
 ecwpipe=           0 iblks=           1 lblks+1=           1
 总的散热面
 ntedge=           0
 algo_pipe=
 npipe,algo_pipe=           0           3
 linet=           8
 time: 23:48:26
 mtype                           
          -2           4           0
 isdefault                       
           0
 time: 23:48:26
 time: 23:48:26
 response_spectrum
   time depend     iincs=           1
 istep=           1
 outinp=           0
 Reordering completed ... 
 Factorization completed ... 
 max_dofn=           1
 lamda(istep)=  2.955086306707012E-003 lamda_iter=  0.000000000000000E+000
 iiter=           1 lamda_iter=  2.955086306707012E-003
 max_dofn=           1
 lamda(istep)=  1.565755076680619E-003 lamda_iter=  2.955086306707012E-003
 iiter=           2 lamda_iter=  1.565755076680619E-003
 max_dofn=           1
 lamda(istep)=  1.421984099860375E-003 lamda_iter=  1.565755076680619E-003
 iiter=           3 lamda_iter=  1.421984099860375E-003
 max_dofn=           1
 lamda(istep)=  1.399775355142265E-003 lamda_iter=  1.421984099860375E-003
 iiter=           4 lamda_iter=  1.399775355142265E-003
 max_dofn=           1
 lamda(istep)=  1.396289414240789E-003 lamda_iter=  1.399775355142265E-003
 iiter=           5 lamda_iter=  1.396289414240789E-003
 max_dofn=           1
 lamda(istep)=  1.395748413933540E-003 lamda_iter=  1.396289414240789E-003
 iiter=           6 lamda_iter=  1.395748413933540E-003
 max_dofn=           1
 lamda(istep)=  1.395664951151423E-003 lamda_iter=  1.395748413933540E-003
 iiter=           7 lamda_iter=  1.395664951151423E-003
 max_dofn=           1
 lamda(istep)=  1.395652096852124E-003 lamda_iter=  1.395664951151423E-003
 iiter=           8 lamda_iter=  1.395652096852124E-003
 max_dofn=           1
 lamda(istep)=  1.395650116653486E-003 lamda_iter=  1.395652096852124E-003
 iiter=           9 lamda_iter=  1.395650116653486E-003
 max_dofn=           1
 lamda(istep)=  1.395649811229640E-003 lamda_iter=  1.395650116653486E-003
 iiter=          10 lamda_iter=  1.395649811229640E-003
 max_dofn=           1
 lamda(istep)=  1.395649764029817E-003 lamda_iter=  1.395649811229640E-003
 iiter=          11 lamda_iter=  1.395649764029817E-003
 max_dofn=           1
 lamda(istep)=  1.395649756714313E-003 lamda_iter=  1.395649764029817E-003
 iiter=          12 lamda_iter=  1.395649756714313E-003
 max_dofn=           1
 lamda(istep)=  1.395649755575940E-003 lamda_iter=  1.395649756714313E-003
 iiter=          13 lamda_iter=  1.395649755575940E-003
 max_dofn=           1
 lamda(istep)=  1.395649755399320E-003 lamda_iter=  1.395649755575940E-003
 iiter=          14 lamda_iter=  1.395649755399320E-003
 max_dofn=           1
 lamda(istep)=  1.395649755371116E-003 lamda_iter=  1.395649755399320E-003
 iiter=          15 lamda_iter=  1.395649755371116E-003
 max_dofn=           1
 lamda(istep)=  1.395649755366836E-003 lamda_iter=  1.395649755371116E-003
 iiter=          16 lamda_iter=  1.395649755366836E-003
 max_dofn=           1
 lamda(istep)=  1.395649755365560E-003 lamda_iter=  1.395649755366836E-003
 ***********RESTART FILE IS UPDATED!*******
 istep=           2
 outinp=           0
 max_dofn=           1
 lamda(istep)=  1.336279177588384E-015 lamda_iter=  1.395649755366836E-003
 iiter=           1 lamda_iter=  1.336279177588384E-015
 max_dofn=           1
 lamda(istep)=  3.152344188500455E-004 lamda_iter=  1.336279177588384E-015
 iiter=           2 lamda_iter=  3.152344188500455E-004
 max_dofn=           1
 lamda(istep)=  2.965549330328731E-004 lamda_iter=  3.152344188500455E-004
 iiter=           3 lamda_iter=  2.965549330328731E-004
 max_dofn=           1
 lamda(istep)=  2.968136880032475E-004 lamda_iter=  2.965549330328731E-004
 iiter=           4 lamda_iter=  2.968136880032475E-004
 max_dofn=           1
 lamda(istep)=  2.968414038738493E-004 lamda_iter=  2.968136880032475E-004
 iiter=           5 lamda_iter=  2.968414038738493E-004
 max_dofn=           1
 lamda(istep)=  2.968313653951947E-004 lamda_iter=  2.968414038738493E-004
 iiter=           6 lamda_iter=  2.968313653951947E-004
 max_dofn=           1
 lamda(istep)=  2.968178279394886E-004 lamda_iter=  2.968313653951947E-004
 iiter=           7 lamda_iter=  2.968178279394886E-004
 max_dofn=           1
 lamda(istep)=  2.968066837773035E-004 lamda_iter=  2.968178279394886E-004
 iiter=           8 lamda_iter=  2.968066837773035E-004
 max_dofn=           1
 lamda(istep)=  2.967983389037052E-004 lamda_iter=  2.968066837773035E-004
 iiter=           9 lamda_iter=  2.967983389037052E-004
 max_dofn=           1
 lamda(istep)=  2.967922515649913E-004 lamda_iter=  2.967983389037052E-004
 iiter=          10 lamda_iter=  2.967922515649913E-004
 max_dofn=           1
 lamda(istep)=  2.967878457558975E-004 lamda_iter=  2.967922515649913E-004
 iiter=          11 lamda_iter=  2.967878457558975E-004
 max_dofn=           1
 lamda(istep)=  2.967846646336695E-004 lamda_iter=  2.967878457558975E-004
 iiter=          12 lamda_iter=  2.967846646336695E-004
 max_dofn=           1
 lamda(istep)=  2.967823694535066E-004 lamda_iter=  2.967846646336695E-004
 iiter=          13 lamda_iter=  2.967823694535066E-004
 max_dofn=           1
 lamda(istep)=  2.967807138416121E-004 lamda_iter=  2.967823694535066E-004
 iiter=          14 lamda_iter=  2.967807138416121E-004
 max_dofn=           1
 lamda(istep)=  2.967795196499271E-004 lamda_iter=  2.967807138416121E-004
 iiter=          15 lamda_iter=  2.967795196499271E-004
 max_dofn=           1
 lamda(istep)=  2.967786582918823E-004 lamda_iter=  2.967795196499271E-004
 iiter=          16 lamda_iter=  2.967786582918823E-004
 max_dofn=           1
 lamda(istep)=  2.967780370034565E-004 lamda_iter=  2.967786582918823E-004
 iiter=          17 lamda_iter=  2.967780370034565E-004
 max_dofn=           1
 lamda(istep)=  2.967775888734422E-004 lamda_iter=  2.967780370034565E-004
 iiter=          18 lamda_iter=  2.967775888734422E-004
 max_dofn=           1
 lamda(istep)=  2.967772656401813E-004 lamda_iter=  2.967775888734422E-004
 iiter=          19 lamda_iter=  2.967772656401813E-004
 max_dofn=           1
 lamda(istep)=  2.967770324935691E-004 lamda_iter=  2.967772656401813E-004
 iiter=          20 lamda_iter=  2.967770324935691E-004
 max_dofn=           1
 lamda(istep)=  2.967768643257423E-004 lamda_iter=  2.967770324935691E-004
 iiter=          21 lamda_iter=  2.967768643257423E-004
 max_dofn=           1
 lamda(istep)=  2.967767430267190E-004 lamda_iter=  2.967768643257423E-004
 iiter=          22 lamda_iter=  2.967767430267190E-004
 max_dofn=           1
 lamda(istep)=  2.967766555339346E-004 lamda_iter=  2.967767430267190E-004
 iiter=          23 lamda_iter=  2.967766555339346E-004
 max_dofn=           1
 lamda(istep)=  2.967765924255289E-004 lamda_iter=  2.967766555339346E-004
 iiter=          24 lamda_iter=  2.967765924255289E-004
 max_dofn=           1
 lamda(istep)=  2.967765469054952E-004 lamda_iter=  2.967765924255289E-004
 iiter=          25 lamda_iter=  2.967765469054952E-004
 max_dofn=           1
 lamda(istep)=  2.967765140718950E-004 lamda_iter=  2.967765469054952E-004
 iiter=          26 lamda_iter=  2.967765140718950E-004
 max_dofn=           1
 lamda(istep)=  2.967764903890616E-004 lamda_iter=  2.967765140718950E-004
 iiter=          27 lamda_iter=  2.967764903890616E-004
 max_dofn=           1
 lamda(istep)=  2.967764733066328E-004 lamda_iter=  2.967764903890616E-004
 iiter=          28 lamda_iter=  2.967764733066328E-004
 max_dofn=           1
 lamda(istep)=  2.967764609850902E-004 lamda_iter=  2.967764733066328E-004
 iiter=          29 lamda_iter=  2.967764609850902E-004
 max_dofn=           1
 lamda(istep)=  2.967764520975754E-004 lamda_iter=  2.967764609850902E-004
 iiter=          30 lamda_iter=  2.967764520975754E-004
 max_dofn=           1
 lamda(istep)=  2.967764456870002E-004 lamda_iter=  2.967764520975754E-004
 iiter=          31 lamda_iter=  2.967764456870002E-004
 max_dofn=           1
 lamda(istep)=  2.967764410630120E-004 lamda_iter=  2.967764456870002E-004
 iiter=          32 lamda_iter=  2.967764410630120E-004
 max_dofn=           1
 lamda(istep)=  2.967764377278048E-004 lamda_iter=  2.967764410630120E-004
 iiter=          33 lamda_iter=  2.967764377278048E-004
 max_dofn=           1
 lamda(istep)=  2.967764353220484E-004 lamda_iter=  2.967764377278048E-004
 iiter=          34 lamda_iter=  2.967764353220484E-004
 max_dofn=           1
 lamda(istep)=  2.967764335868290E-004 lamda_iter=  2.967764353220484E-004
 iiter=          35 lamda_iter=  2.967764335868290E-004
 max_dofn=           1
 lamda(istep)=  2.967764323351903E-004 lamda_iter=  2.967764335868290E-004
 iiter=          36 lamda_iter=  2.967764323351903E-004
 max_dofn=           1
 lamda(istep)=  2.967764314324033E-004 lamda_iter=  2.967764323351903E-004
 iiter=          37 lamda_iter=  2.967764314324033E-004
 max_dofn=           1
 lamda(istep)=  2.967764307812102E-004 lamda_iter=  2.967764314324033E-004
 iiter=          38 lamda_iter=  2.967764307812102E-004
 max_dofn=           1
 lamda(istep)=  2.967764303115109E-004 lamda_iter=  2.967764307812102E-004
 iiter=          39 lamda_iter=  2.967764303115109E-004
 max_dofn=           1
 lamda(istep)=  2.967764299726784E-004 lamda_iter=  2.967764303115109E-004
 iiter=          40 lamda_iter=  2.967764299726784E-004
 max_dofn=           1
 lamda(istep)=  2.967764297283232E-004 lamda_iter=  2.967764299726784E-004
 iiter=          41 lamda_iter=  2.967764297283232E-004
 max_dofn=           1
 lamda(istep)=  2.967764295520692E-004 lamda_iter=  2.967764297283232E-004
 iiter=          42 lamda_iter=  2.967764295520692E-004
 max_dofn=           1
 lamda(istep)=  2.967764294249056E-004 lamda_iter=  2.967764295520692E-004
 iiter=          43 lamda_iter=  2.967764294249056E-004
 max_dofn=           1
 lamda(istep)=  2.967764293332153E-004 lamda_iter=  2.967764294249056E-004
 iiter=          44 lamda_iter=  2.967764293332153E-004
 max_dofn=           1
 lamda(istep)=  2.967764292670568E-004 lamda_iter=  2.967764293332153E-004
 iiter=          45 lamda_iter=  2.967764292670568E-004
 max_dofn=           1
 lamda(istep)=  2.967764292193613E-004 lamda_iter=  2.967764292670568E-004
 iiter=          46 lamda_iter=  2.967764292193613E-004
 max_dofn=           1
 lamda(istep)=  2.967764291849242E-004 lamda_iter=  2.967764292193613E-004
 iiter=          47 lamda_iter=  2.967764291849242E-004
 max_dofn=           1
 lamda(istep)=  2.967764291601212E-004 lamda_iter=  2.967764291849242E-004
 iiter=          48 lamda_iter=  2.967764291601212E-004
 max_dofn=           1
 lamda(istep)=  2.967764291422041E-004 lamda_iter=  2.967764291601212E-004
 iiter=          49 lamda_iter=  2.967764291422041E-004
 max_dofn=           1
 lamda(istep)=  2.967764291292847E-004 lamda_iter=  2.967764291422041E-004
 iiter=          50 lamda_iter=  2.967764291292847E-004
 max_dofn=           1
 lamda(istep)=  2.967764291199782E-004 lamda_iter=  2.967764291292847E-004
 iiter=          51 lamda_iter=  2.967764291199782E-004
 max_dofn=           1
 lamda(istep)=  2.967764291132398E-004 lamda_iter=  2.967764291199782E-004
 iiter=          52 lamda_iter=  2.967764291132398E-004
 max_dofn=           1
 lamda(istep)=  2.967764291084012E-004 lamda_iter=  2.967764291132398E-004
 iiter=          53 lamda_iter=  2.967764291084012E-004
 max_dofn=           1
 lamda(istep)=  2.967764291049355E-004 lamda_iter=  2.967764291084012E-004
 iiter=          54 lamda_iter=  2.967764291049355E-004
 max_dofn=           1
 lamda(istep)=  2.967764291023807E-004 lamda_iter=  2.967764291049355E-004
 iiter=          55 lamda_iter=  2.967764291023807E-004
 max_dofn=           1
 lamda(istep)=  2.967764291005663E-004 lamda_iter=  2.967764291023807E-004
 iiter=          56 lamda_iter=  2.967764291005663E-004
 max_dofn=           1
 lamda(istep)=  2.967764290992620E-004 lamda_iter=  2.967764291005663E-004
 iiter=          57 lamda_iter=  2.967764290992620E-004
 max_dofn=           1
 lamda(istep)=  2.967764290982885E-004 lamda_iter=  2.967764290992620E-004
 iiter=          58 lamda_iter=  2.967764290982885E-004
 max_dofn=           1
 lamda(istep)=  2.967764290976491E-004 lamda_iter=  2.967764290982885E-004
 iiter=          59 lamda_iter=  2.967764290976491E-004
 max_dofn=           1
 lamda(istep)=  2.967764290971312E-004 lamda_iter=  2.967764290976491E-004
 iiter=          60 lamda_iter=  2.967764290971312E-004
 max_dofn=           1
 lamda(istep)=  2.967764290967845E-004 lamda_iter=  2.967764290971312E-004
 iiter=          61 lamda_iter=  2.967764290967845E-004
 max_dofn=           1
 lamda(istep)=  2.967764290965223E-004 lamda_iter=  2.967764290967845E-004
 ***********RESTART FILE IS UPDATED!*******
 istep=           3
 outinp=           0
 max_dofn=           1
 lamda(istep)=  1.686710895669355E-015 lamda_iter=  2.967764290967845E-004
 iiter=           1 lamda_iter=  1.686710895669355E-015
 max_dofn=           1
 lamda(istep)=  2.107139794585345E-004 lamda_iter=  1.686710895669355E-015
 iiter=           2 lamda_iter=  2.107139794585345E-004
 max_dofn=           1
 lamda(istep)=  2.140262644959949E-004 lamda_iter=  2.107139794585345E-004
 iiter=           3 lamda_iter=  2.140262644959949E-004
 max_dofn=           1
 lamda(istep)=  2.140525636936373E-004 lamda_iter=  2.140262644959949E-004
 iiter=           4 lamda_iter=  2.140525636936373E-004
 max_dofn=           1
 lamda(istep)=  2.140610204617718E-004 lamda_iter=  2.140525636936373E-004
 iiter=           5 lamda_iter=  2.140610204617718E-004
 max_dofn=           1
 lamda(istep)=  2.140636488700279E-004 lamda_iter=  2.140610204617718E-004
 iiter=           6 lamda_iter=  2.140636488700279E-004
 max_dofn=           1
 lamda(istep)=  2.140644660159215E-004 lamda_iter=  2.140636488700279E-004
 iiter=           7 lamda_iter=  2.140644660159215E-004
 max_dofn=           1
 lamda(istep)=  2.140647206049715E-004 lamda_iter=  2.140644660159215E-004
 iiter=           8 lamda_iter=  2.140647206049715E-004
 max_dofn=           1
 lamda(istep)=  2.140648000114553E-004 lamda_iter=  2.140647206049715E-004
 iiter=           9 lamda_iter=  2.140648000114553E-004
 max_dofn=           1
 lamda(istep)=  2.140648247895705E-004 lamda_iter=  2.140648000114553E-004
 iiter=          10 lamda_iter=  2.140648247895705E-004
 max_dofn=           1
 lamda(istep)=  2.140648325225734E-004 lamda_iter=  2.140648247895705E-004
 iiter=          11 lamda_iter=  2.140648325225734E-004
 max_dofn=           1
 lamda(istep)=  2.140648349360194E-004 lamda_iter=  2.140648325225734E-004
 iiter=          12 lamda_iter=  2.140648349360194E-004
 max_dofn=           1
 lamda(istep)=  2.140648356894069E-004 lamda_iter=  2.140648349360194E-004
 iiter=          13 lamda_iter=  2.140648356894069E-004
 max_dofn=           1
 lamda(istep)=  2.140648359244678E-004 lamda_iter=  2.140648356894069E-004
 iiter=          14 lamda_iter=  2.140648359244678E-004
 max_dofn=           1
 lamda(istep)=  2.140648359980273E-004 lamda_iter=  2.140648359244678E-004
 iiter=          15 lamda_iter=  2.140648359980273E-004
 max_dofn=           1
 lamda(istep)=  2.140648360209616E-004 lamda_iter=  2.140648359980273E-004
 iiter=          16 lamda_iter=  2.140648360209616E-004
 max_dofn=           1
 lamda(istep)=  2.140648360278162E-004 lamda_iter=  2.140648360209616E-004
 iiter=          17 lamda_iter=  2.140648360278162E-004
 max_dofn=           1
 lamda(istep)=  2.140648360302234E-004 lamda_iter=  2.140648360278162E-004
 iiter=          18 lamda_iter=  2.140648360302234E-004
 max_dofn=           1
 lamda(istep)=  2.140648360309742E-004 lamda_iter=  2.140648360302234E-004
 iiter=          19 lamda_iter=  2.140648360309742E-004
 max_dofn=           1
 lamda(istep)=  2.140648360310988E-004 lamda_iter=  2.140648360309742E-004
 ***********RESTART FILE IS UPDATED!*******
 istep=           4
 outinp=           0
 max_dofn=           1
 lamda(istep)=  8.570618173497913E-017 lamda_iter=  2.140648360309742E-004
 iiter=           1 lamda_iter=  8.570618173497913E-017
 max_dofn=           1
 lamda(istep)=  2.370589517566407E-005 lamda_iter=  8.570618173497913E-017
 iiter=           2 lamda_iter=  2.370589517566407E-005
 max_dofn=           1
 lamda(istep)=  6.705846543966075E-005 lamda_iter=  2.370589517566407E-005
 iiter=           3 lamda_iter=  6.705846543966075E-005
 max_dofn=           1
 lamda(istep)=  6.688175894384432E-005 lamda_iter=  6.705846543966075E-005
 iiter=           4 lamda_iter=  6.688175894384432E-005
 max_dofn=           1
 lamda(istep)=  6.683566027087345E-005 lamda_iter=  6.688175894384432E-005
 iiter=           5 lamda_iter=  6.683566027087345E-005
 max_dofn=           1
 lamda(istep)=  6.682141237704316E-005 lamda_iter=  6.683566027087345E-005
 iiter=           6 lamda_iter=  6.682141237704316E-005
 max_dofn=           1
 lamda(istep)=  6.681661236318019E-005 lamda_iter=  6.682141237704316E-005
 iiter=           7 lamda_iter=  6.681661236318019E-005
 max_dofn=           1
 lamda(istep)=  6.681493218053768E-005 lamda_iter=  6.681661236318019E-005
 iiter=           8 lamda_iter=  6.681493218053768E-005
 max_dofn=           1
 lamda(istep)=  6.681433425756481E-005 lamda_iter=  6.681493218053768E-005
 iiter=           9 lamda_iter=  6.681433425756481E-005
 max_dofn=           1
 lamda(istep)=  6.681411998878531E-005 lamda_iter=  6.681433425756481E-005
 iiter=          10 lamda_iter=  6.681411998878531E-005
 max_dofn=           1
 lamda(istep)=  6.681404298868115E-005 lamda_iter=  6.681411998878531E-005
 iiter=          11 lamda_iter=  6.681404298868115E-005
 max_dofn=           1
 lamda(istep)=  6.681401528982592E-005 lamda_iter=  6.681404298868115E-005
 iiter=          12 lamda_iter=  6.681401528982592E-005
 max_dofn=           1
 lamda(istep)=  6.681400532341027E-005 lamda_iter=  6.681401528982592E-005
 iiter=          13 lamda_iter=  6.681400532341027E-005
 max_dofn=           1
 lamda(istep)=  6.681400173758215E-005 lamda_iter=  6.681400532341027E-005
 iiter=          14 lamda_iter=  6.681400173758215E-005
 max_dofn=           1
 lamda(istep)=  6.681400044771824E-005 lamda_iter=  6.681400173758215E-005
 iiter=          15 lamda_iter=  6.681400044771824E-005
 max_dofn=           1
 lamda(istep)=  6.681399998379381E-005 lamda_iter=  6.681400044771824E-005
 iiter=          16 lamda_iter=  6.681399998379381E-005
 max_dofn=           1
 lamda(istep)=  6.681399981699733E-005 lamda_iter=  6.681399998379381E-005
 iiter=          17 lamda_iter=  6.681399981699733E-005
 max_dofn=           1
 lamda(istep)=  6.681399975701135E-005 lamda_iter=  6.681399981699733E-005
 iiter=          18 lamda_iter=  6.681399975701135E-005
 max_dofn=           1
 lamda(istep)=  6.681399973547611E-005 lamda_iter=  6.681399975701135E-005
 iiter=          19 lamda_iter=  6.681399973547611E-005
 max_dofn=           1
 lamda(istep)=  6.681399972769596E-005 lamda_iter=  6.681399973547611E-005
 iiter=          20 lamda_iter=  6.681399972769596E-005
 max_dofn=           1
 lamda(istep)=  6.681399972494904E-005 lamda_iter=  6.681399972769596E-005
 iiter=          21 lamda_iter=  6.681399972494904E-005
 max_dofn=           1
 lamda(istep)=  6.681399972393807E-005 lamda_iter=  6.681399972494904E-005
 iiter=          22 lamda_iter=  6.681399972393807E-005
 max_dofn=           1
 lamda(istep)=  6.681399972356352E-005 lamda_iter=  6.681399972393807E-005
 iiter=          23 lamda_iter=  6.681399972356352E-005
 max_dofn=           1
 lamda(istep)=  6.681399972347563E-005 lamda_iter=  6.681399972356352E-005
 iiter=          24 lamda_iter=  6.681399972347563E-005
 max_dofn=           1
 lamda(istep)=  6.681399972339429E-005 lamda_iter=  6.681399972347563E-005
 iiter=          25 lamda_iter=  6.681399972339429E-005
 max_dofn=           1
 lamda(istep)=  6.681399972336841E-005 lamda_iter=  6.681399972339429E-005
 ***********RESTART FILE IS UPDATED!*******
 istep=           5
 outinp=           0
 max_dofn=           1
 lamda(istep)=  2.882622526095835E-017 lamda_iter=  6.681399972339429E-005
 iiter=           1 lamda_iter=  2.882622526095835E-017
 max_dofn=           1
 lamda(istep)=  2.808365766634046E-006 lamda_iter=  2.882622526095835E-017
 iiter=           2 lamda_iter=  2.808365766634046E-006
 max_dofn=           1
 lamda(istep)=  2.408660260164686E-005 lamda_iter=  2.808365766634046E-006
 iiter=           3 lamda_iter=  2.408660260164686E-005
 max_dofn=           1
 lamda(istep)=  2.401790254903893E-005 lamda_iter=  2.408660260164686E-005
 iiter=           4 lamda_iter=  2.401790254903893E-005
 max_dofn=           1
 lamda(istep)=  2.400135519879667E-005 lamda_iter=  2.401790254903893E-005
 iiter=           5 lamda_iter=  2.400135519879667E-005
 max_dofn=           1
 lamda(istep)=  2.399557228329037E-005 lamda_iter=  2.400135519879667E-005
 iiter=           6 lamda_iter=  2.399557228329037E-005
 max_dofn=           1
 lamda(istep)=  2.399300694186496E-005 lamda_iter=  2.399557228329037E-005
 iiter=           7 lamda_iter=  2.399300694186496E-005
 max_dofn=           1
 lamda(istep)=  2.399171434120392E-005 lamda_iter=  2.399300694186496E-005
 iiter=           8 lamda_iter=  2.399171434120392E-005
 max_dofn=           1
 lamda(istep)=  2.399099833929560E-005 lamda_iter=  2.399171434120392E-005
 iiter=           9 lamda_iter=  2.399099833929560E-005
 max_dofn=           1
 lamda(istep)=  2.399056185280729E-005 lamda_iter=  2.399099833929560E-005
 iiter=          10 lamda_iter=  2.399056185280729E-005
 max_dofn=           1
 lamda(istep)=  2.399026850690947E-005 lamda_iter=  2.399056185280729E-005
 iiter=          11 lamda_iter=  2.399026850690947E-005
 max_dofn=           1
 lamda(istep)=  2.399005358565208E-005 lamda_iter=  2.399026850690947E-005
 iiter=          12 lamda_iter=  2.399005358565208E-005
 max_dofn=           1
 lamda(istep)=  2.398988552741841E-005 lamda_iter=  2.399005358565208E-005
 iiter=          13 lamda_iter=  2.398988552741841E-005
 max_dofn=           1
 lamda(istep)=  2.398974833144498E-005 lamda_iter=  2.398988552741841E-005
 iiter=          14 lamda_iter=  2.398974833144498E-005
 max_dofn=           1
 lamda(istep)=  2.398963338379786E-005 lamda_iter=  2.398974833144498E-005
 iiter=          15 lamda_iter=  2.398963338379786E-005
 max_dofn=           1
 lamda(istep)=  2.398953564314607E-005 lamda_iter=  2.398963338379786E-005
 iiter=          16 lamda_iter=  2.398953564314607E-005
 max_dofn=           1
 lamda(istep)=  2.398945185595946E-005 lamda_iter=  2.398953564314607E-005
 iiter=          17 lamda_iter=  2.398945185595946E-005
 max_dofn=           1
 lamda(istep)=  2.398937971505453E-005 lamda_iter=  2.398945185595946E-005
 iiter=          18 lamda_iter=  2.398937971505453E-005
 max_dofn=           1
 lamda(istep)=  2.398931745638120E-005 lamda_iter=  2.398937971505453E-005
 iiter=          19 lamda_iter=  2.398931745638120E-005
 max_dofn=           1
 lamda(istep)=  2.398926365966754E-005 lamda_iter=  2.398931745638120E-005
 iiter=          20 lamda_iter=  2.398926365966754E-005
 max_dofn=           1
 lamda(istep)=  2.398921714428451E-005 lamda_iter=  2.398926365966754E-005
 iiter=          21 lamda_iter=  2.398921714428451E-005
 max_dofn=           1
 lamda(istep)=  2.398917691076831E-005 lamda_iter=  2.398921714428451E-005
 iiter=          22 lamda_iter=  2.398917691076831E-005
 max_dofn=           1
 lamda(istep)=  2.398914210441062E-005 lamda_iter=  2.398917691076831E-005
 iiter=          23 lamda_iter=  2.398914210441062E-005
 max_dofn=           1
 lamda(istep)=  2.398911199012226E-005 lamda_iter=  2.398914210441062E-005
 iiter=          24 lamda_iter=  2.398911199012226E-005
 max_dofn=           1
 lamda(istep)=  2.398908593407251E-005 lamda_iter=  2.398911199012226E-005
 iiter=          25 lamda_iter=  2.398908593407251E-005
 max_dofn=           1
 lamda(istep)=  2.398906338871265E-005 lamda_iter=  2.398908593407251E-005
 iiter=          26 lamda_iter=  2.398906338871265E-005
 max_dofn=           1
 lamda(istep)=  2.398904388072045E-005 lamda_iter=  2.398906338871265E-005
 iiter=          27 lamda_iter=  2.398904388072045E-005
 max_dofn=           1
 lamda(istep)=  2.398902700073558E-005 lamda_iter=  2.398904388072045E-005
 iiter=          28 lamda_iter=  2.398902700073558E-005
 max_dofn=           1
 lamda(istep)=  2.398901239467099E-005 lamda_iter=  2.398902700073558E-005
 iiter=          29 lamda_iter=  2.398901239467099E-005
 max_dofn=           1
 lamda(istep)=  2.398899975613817E-005 lamda_iter=  2.398901239467099E-005
 iiter=          30 lamda_iter=  2.398899975613817E-005
 max_dofn=           1
 lamda(istep)=  2.398898882007860E-005 lamda_iter=  2.398899975613817E-005
 iiter=          31 lamda_iter=  2.398898882007860E-005
 max_dofn=           1
 lamda(istep)=  2.398897935715969E-005 lamda_iter=  2.398898882007860E-005
 iiter=          32 lamda_iter=  2.398897935715969E-005
 max_dofn=           1
 lamda(istep)=  2.398897116891917E-005 lamda_iter=  2.398897935715969E-005
 iiter=          33 lamda_iter=  2.398897116891917E-005
 max_dofn=           1
 lamda(istep)=  2.398896408366840E-005 lamda_iter=  2.398897116891917E-005
 iiter=          34 lamda_iter=  2.398896408366840E-005
 max_dofn=           1
 lamda(istep)=  2.398895795279109E-005 lamda_iter=  2.398896408366840E-005
 iiter=          35 lamda_iter=  2.398895795279109E-005
 max_dofn=           1
 lamda(istep)=  2.398895264778154E-005 lamda_iter=  2.398895795279109E-005
 iiter=          36 lamda_iter=  2.398895264778154E-005
 max_dofn=           1
 lamda(istep)=  2.398894805733315E-005 lamda_iter=  2.398895264778154E-005
 iiter=          37 lamda_iter=  2.398894805733315E-005
 max_dofn=           1
 lamda(istep)=  2.398894408522580E-005 lamda_iter=  2.398894805733315E-005
 iiter=          38 lamda_iter=  2.398894408522580E-005
 max_dofn=           1
 lamda(istep)=  2.398894064816382E-005 lamda_iter=  2.398894408522580E-005
 iiter=          39 lamda_iter=  2.398894064816382E-005
 max_dofn=           1
 lamda(istep)=  2.398893767407513E-005 lamda_iter=  2.398894064816382E-005
 iiter=          40 lamda_iter=  2.398893767407513E-005
 max_dofn=           1
 lamda(istep)=  2.398893510059084E-005 lamda_iter=  2.398893767407513E-005
 iiter=          41 lamda_iter=  2.398893510059084E-005
 max_dofn=           1
 lamda(istep)=  2.398893287376583E-005 lamda_iter=  2.398893510059084E-005
 iiter=          42 lamda_iter=  2.398893287376583E-005
 max_dofn=           1
 lamda(istep)=  2.398893094686970E-005 lamda_iter=  2.398893287376583E-005
 iiter=          43 lamda_iter=  2.398893094686970E-005
 max_dofn=           1
 lamda(istep)=  2.398892927955217E-005 lamda_iter=  2.398893094686970E-005
 iiter=          44 lamda_iter=  2.398892927955217E-005
 max_dofn=           1
 lamda(istep)=  2.398892783680413E-005 lamda_iter=  2.398892927955217E-005
 iiter=          45 lamda_iter=  2.398892783680413E-005
 max_dofn=           1
 lamda(istep)=  2.398892658839147E-005 lamda_iter=  2.398892783680413E-005
 iiter=          46 lamda_iter=  2.398892658839147E-005
 max_dofn=           1
 lamda(istep)=  2.398892550814167E-005 lamda_iter=  2.398892658839147E-005
 iiter=          47 lamda_iter=  2.398892550814167E-005
 max_dofn=           1
 lamda(istep)=  2.398892457339611E-005 lamda_iter=  2.398892550814167E-005
 iiter=          48 lamda_iter=  2.398892457339611E-005
 max_dofn=           1
 lamda(istep)=  2.398892376456548E-005 lamda_iter=  2.398892457339611E-005
 iiter=          49 lamda_iter=  2.398892376456548E-005
 max_dofn=           1
 lamda(istep)=  2.398892306468349E-005 lamda_iter=  2.398892376456548E-005
 iiter=          50 lamda_iter=  2.398892306468349E-005
 max_dofn=           1
 lamda(istep)=  2.398892245907943E-005 lamda_iter=  2.398892306468349E-005
 iiter=          51 lamda_iter=  2.398892245907943E-005
 max_dofn=           1
 lamda(istep)=  2.398892193503440E-005 lamda_iter=  2.398892245907943E-005
 iiter=          52 lamda_iter=  2.398892193503440E-005
 max_dofn=           1
 lamda(istep)=  2.398892148158062E-005 lamda_iter=  2.398892193503440E-005
 iiter=          53 lamda_iter=  2.398892148158062E-005
 max_dofn=           1
 lamda(istep)=  2.398892108921871E-005 lamda_iter=  2.398892148158062E-005
 iiter=          54 lamda_iter=  2.398892108921871E-005
 max_dofn=           1
 lamda(istep)=  2.398892074970801E-005 lamda_iter=  2.398892108921871E-005
 iiter=          55 lamda_iter=  2.398892074970801E-005
 max_dofn=           1
 lamda(istep)=  2.398892045591028E-005 lamda_iter=  2.398892074970801E-005
 iiter=          56 lamda_iter=  2.398892045591028E-005
 max_dofn=           1
 lamda(istep)=  2.398892020168494E-005 lamda_iter=  2.398892045591028E-005
 iiter=          57 lamda_iter=  2.398892020168494E-005
 max_dofn=           1
 lamda(istep)=  2.398891998173490E-005 lamda_iter=  2.398892020168494E-005
 iiter=          58 lamda_iter=  2.398891998173490E-005
 max_dofn=           1
 lamda(istep)=  2.398891979138673E-005 lamda_iter=  2.398891998173490E-005
 iiter=          59 lamda_iter=  2.398891979138673E-005
 max_dofn=           1
 lamda(istep)=  2.398891962667822E-005 lamda_iter=  2.398891979138673E-005
 iiter=          60 lamda_iter=  2.398891962667822E-005
 max_dofn=           1
 lamda(istep)=  2.398891948416395E-005 lamda_iter=  2.398891962667822E-005
 iiter=          61 lamda_iter=  2.398891948416395E-005
 max_dofn=           1
 lamda(istep)=  2.398891936083797E-005 lamda_iter=  2.398891948416395E-005
 iiter=          62 lamda_iter=  2.398891936083797E-005
 max_dofn=           1
 lamda(istep)=  2.398891925413077E-005 lamda_iter=  2.398891936083797E-005
 iiter=          63 lamda_iter=  2.398891925413077E-005
 max_dofn=           1
 lamda(istep)=  2.398891916180409E-005 lamda_iter=  2.398891925413077E-005
 iiter=          64 lamda_iter=  2.398891916180409E-005
 max_dofn=           1
 lamda(istep)=  2.398891908189310E-005 lamda_iter=  2.398891916180409E-005
 iiter=          65 lamda_iter=  2.398891908189310E-005
 max_dofn=           1
 lamda(istep)=  2.398891901276113E-005 lamda_iter=  2.398891908189310E-005
 iiter=          66 lamda_iter=  2.398891901276113E-005
 max_dofn=           1
 lamda(istep)=  2.398891895293355E-005 lamda_iter=  2.398891901276113E-005
 iiter=          67 lamda_iter=  2.398891895293355E-005
 max_dofn=           1
 lamda(istep)=  2.398891890117921E-005 lamda_iter=  2.398891895293355E-005
 iiter=          68 lamda_iter=  2.398891890117921E-005
 max_dofn=           1
 lamda(istep)=  2.398891885637529E-005 lamda_iter=  2.398891890117921E-005
 iiter=          69 lamda_iter=  2.398891885637529E-005
 max_dofn=           1
 lamda(istep)=  2.398891881761334E-005 lamda_iter=  2.398891885637529E-005
 iiter=          70 lamda_iter=  2.398891881761334E-005
 max_dofn=           1
 lamda(istep)=  2.398891878408093E-005 lamda_iter=  2.398891881761334E-005
 iiter=          71 lamda_iter=  2.398891878408093E-005
 max_dofn=           1
 lamda(istep)=  2.398891875506347E-005 lamda_iter=  2.398891878408093E-005
 iiter=          72 lamda_iter=  2.398891875506347E-005
 max_dofn=           1
 lamda(istep)=  2.398891872994446E-005 lamda_iter=  2.398891875506347E-005
 iiter=          73 lamda_iter=  2.398891872994446E-005
 max_dofn=           1
 lamda(istep)=  2.398891870821924E-005 lamda_iter=  2.398891872994446E-005
 iiter=          74 lamda_iter=  2.398891870821924E-005
 max_dofn=           1
 lamda(istep)=  2.398891868941141E-005 lamda_iter=  2.398891870821924E-005
 iiter=          75 lamda_iter=  2.398891868941141E-005
 max_dofn=           1
 lamda(istep)=  2.398891867315200E-005 lamda_iter=  2.398891868941141E-005
 iiter=          76 lamda_iter=  2.398891867315200E-005
 max_dofn=           1
 lamda(istep)=  2.398891865906524E-005 lamda_iter=  2.398891867315200E-005
 iiter=          77 lamda_iter=  2.398891865906524E-005
 max_dofn=           1
 lamda(istep)=  2.398891864687213E-005 lamda_iter=  2.398891865906524E-005
 iiter=          78 lamda_iter=  2.398891864687213E-005
 max_dofn=           1
 lamda(istep)=  2.398891863635086E-005 lamda_iter=  2.398891864687213E-005
 iiter=          79 lamda_iter=  2.398891863635086E-005
 max_dofn=           1
 lamda(istep)=  2.398891862721569E-005 lamda_iter=  2.398891863635086E-005
 iiter=          80 lamda_iter=  2.398891862721569E-005
 max_dofn=           1
 lamda(istep)=  2.398891861933786E-005 lamda_iter=  2.398891862721569E-005
 iiter=          81 lamda_iter=  2.398891861933786E-005
 max_dofn=           1
 lamda(istep)=  2.398891861249607E-005 lamda_iter=  2.398891861933786E-005
 iiter=          82 lamda_iter=  2.398891861249607E-005
 max_dofn=           1
 lamda(istep)=  2.398891860658870E-005 lamda_iter=  2.398891861249607E-005
 iiter=          83 lamda_iter=  2.398891860658870E-005
 max_dofn=           1
 lamda(istep)=  2.398891860147867E-005 lamda_iter=  2.398891860658870E-005
 iiter=          84 lamda_iter=  2.398891860147867E-005
 max_dofn=           1
 lamda(istep)=  2.398891859705813E-005 lamda_iter=  2.398891860147867E-005
 iiter=          85 lamda_iter=  2.398891859705813E-005
 max_dofn=           1
 lamda(istep)=  2.398891859321717E-005 lamda_iter=  2.398891859705813E-005
 iiter=          86 lamda_iter=  2.398891859321717E-005
 max_dofn=           1
 lamda(istep)=  2.398891858991110E-005 lamda_iter=  2.398891859321717E-005
 iiter=          87 lamda_iter=  2.398891858991110E-005
 max_dofn=           1
 lamda(istep)=  2.398891858704878E-005 lamda_iter=  2.398891858991110E-005
 iiter=          88 lamda_iter=  2.398891858704878E-005
 max_dofn=           1
 lamda(istep)=  2.398891858455705E-005 lamda_iter=  2.398891858704878E-005
 iiter=          89 lamda_iter=  2.398891858455705E-005
 max_dofn=           1
 lamda(istep)=  2.398891858241639E-005 lamda_iter=  2.398891858455705E-005
 iiter=          90 lamda_iter=  2.398891858241639E-005
 max_dofn=           1
 lamda(istep)=  2.398891858055934E-005 lamda_iter=  2.398891858241639E-005
 iiter=          91 lamda_iter=  2.398891858055934E-005
 max_dofn=           1
 lamda(istep)=  2.398891857894055E-005 lamda_iter=  2.398891858055934E-005
 iiter=          92 lamda_iter=  2.398891857894055E-005
 max_dofn=           1
 lamda(istep)=  2.398891857757118E-005 lamda_iter=  2.398891857894055E-005
 iiter=          93 lamda_iter=  2.398891857757118E-005
 max_dofn=           1
 lamda(istep)=  2.398891857635253E-005 lamda_iter=  2.398891857757118E-005
 iiter=          94 lamda_iter=  2.398891857635253E-005
 max_dofn=           1
 lamda(istep)=  2.398891857531273E-005 lamda_iter=  2.398891857635253E-005
 iiter=          95 lamda_iter=  2.398891857531273E-005
 max_dofn=           1
 lamda(istep)=  2.398891857442137E-005 lamda_iter=  2.398891857531273E-005
 iiter=          96 lamda_iter=  2.398891857442137E-005
 max_dofn=           1
 lamda(istep)=  2.398891857363540E-005 lamda_iter=  2.398891857442137E-005
 iiter=          97 lamda_iter=  2.398891857363540E-005
 max_dofn=           1
 lamda(istep)=  2.398891857295815E-005 lamda_iter=  2.398891857363540E-005
 iiter=          98 lamda_iter=  2.398891857295815E-005
 max_dofn=           1
 lamda(istep)=  2.398891857237869E-005 lamda_iter=  2.398891857295815E-005
 iiter=          99 lamda_iter=  2.398891857237869E-005
 max_dofn=           1
 lamda(istep)=  2.398891857186247E-005 lamda_iter=  2.398891857237869E-005
 iiter=         100 lamda_iter=  2.398891857186247E-005
 max_dofn=           1
 lamda(istep)=  2.398891857144197E-005 lamda_iter=  2.398891857186247E-005
 iiter=         101 lamda_iter=  2.398891857144197E-005
 max_dofn=           1
 lamda(istep)=  2.398891857105780E-005 lamda_iter=  2.398891857144197E-005
 iiter=         102 lamda_iter=  2.398891857105780E-005
 max_dofn=           1
 lamda(istep)=  2.398891857073379E-005 lamda_iter=  2.398891857105780E-005
 iiter=         103 lamda_iter=  2.398891857073379E-005
 max_dofn=           1
 lamda(istep)=  2.398891857044227E-005 lamda_iter=  2.398891857073379E-005
 iiter=         104 lamda_iter=  2.398891857044227E-005
 max_dofn=           1
 lamda(istep)=  2.398891857020587E-005 lamda_iter=  2.398891857044227E-005
 iiter=         105 lamda_iter=  2.398891857020587E-005
 max_dofn=           1
 lamda(istep)=  2.398891856998799E-005 lamda_iter=  2.398891857020587E-005
 iiter=         106 lamda_iter=  2.398891856998799E-005
 max_dofn=           1
 lamda(istep)=  2.398891856979817E-005 lamda_iter=  2.398891856998799E-005
 iiter=         107 lamda_iter=  2.398891856979817E-005
 max_dofn=           1
 lamda(istep)=  2.398891856965720E-005 lamda_iter=  2.398891856979817E-005
 iiter=         108 lamda_iter=  2.398891856965720E-005
 max_dofn=           1
 lamda(istep)=  2.398891856950774E-005 lamda_iter=  2.398891856965720E-005
 iiter=         109 lamda_iter=  2.398891856950774E-005
 max_dofn=           1
 lamda(istep)=  2.398891856938766E-005 lamda_iter=  2.398891856950774E-005
 iiter=         110 lamda_iter=  2.398891856938766E-005
 max_dofn=           1
 lamda(istep)=  2.398891856929184E-005 lamda_iter=  2.398891856938766E-005
 iiter=         111 lamda_iter=  2.398891856929184E-005
 max_dofn=           1
 lamda(istep)=  2.398891856919633E-005 lamda_iter=  2.398891856929184E-005
 iiter=         112 lamda_iter=  2.398891856919633E-005
 max_dofn=           1
 lamda(istep)=  2.398891856912423E-005 lamda_iter=  2.398891856919633E-005
 iiter=         113 lamda_iter=  2.398891856912423E-005
 max_dofn=           1
 lamda(istep)=  2.398891856904821E-005 lamda_iter=  2.398891856912423E-005
 iiter=         114 lamda_iter=  2.398891856904821E-005
 max_dofn=           1
 lamda(istep)=  2.398891856900329E-005 lamda_iter=  2.398891856904821E-005
 iiter=         115 lamda_iter=  2.398891856900329E-005
 max_dofn=           1
 lamda(istep)=  2.398891856894899E-005 lamda_iter=  2.398891856900329E-005
 iiter=         116 lamda_iter=  2.398891856894899E-005
 max_dofn=           1
 lamda(istep)=  2.398891856890006E-005 lamda_iter=  2.398891856894899E-005
 iiter=         117 lamda_iter=  2.398891856890006E-005
 max_dofn=           1
 lamda(istep)=  2.398891856886495E-005 lamda_iter=  2.398891856890006E-005
 iiter=         118 lamda_iter=  2.398891856886495E-005
 max_dofn=           1
 lamda(istep)=  2.398891856883775E-005 lamda_iter=  2.398891856886495E-005
 iiter=         119 lamda_iter=  2.398891856883775E-005
 max_dofn=           1
 lamda(istep)=  2.398891856880104E-005 lamda_iter=  2.398891856883775E-005
 iiter=         120 lamda_iter=  2.398891856880104E-005
 max_dofn=           1
 lamda(istep)=  2.398891856879030E-005 lamda_iter=  2.398891856880104E-005
 ***********RESTART FILE IS UPDATED!*******
 time: 23:48:28
