 time: 10:06:57
 time: 10:06:57
 Input the problem name?
 NPOIN                                                                          
  
        5628        5628        4720           3           1           1
           0 GIDB                  0.000000000000000E+000           0
           0           0           0           0       99999
 NINIT                                                                          
  
           0           0           0           1           0           0
           0           0           0           0           0 
 FIX                                                          0           0
           0           0           0           0           0
 outinpunit=          37 outindunit=          54
 TYPE_PROBLEM                                                                   
  
 S                                                 
 PARDISO                                           
 LOAD                                                        10           0
           0           0
 type_layer1                                                                    
  
 NMASS                                                                          
  
           1           1           1           1           0           0
           1           0           1           0           2
 nfreeflownode                                                                  
  
 NTSMAT                                                                         
  
         999         999           0           0           0
 beeta1,beeta2,theta1=  0.500000000000000       0.250000000000000     
  0.500000000000000     
 equvs_process(1:ngroup)                                                        
  
 appear_level(1:ngroup)                                                         
  
 APPEAR_PROCESS                                                                 
  
 appear_process=           1
 MATNO_PROCESS                                                                  
  
 iblks=           0 ngroup=           1 matno=           1
 force_process=           0
 uinitial=           0
 1-ILINKS(I0                                                                    
  
 1-tLINKS(I0                                                                    
  
 text1=
 1-NGROUP--GROUP                                                                
  
 (3)                                                                            
  
 igroup=           1
 name=B8        
 tne=        4720
 text_tension_joint=
 tension_joint                                                                  
  
 text_tension_contact=
 contact_joint                                                                  
  
 ground_inf=           0 /100=           0
 nblks=           1
 Input runblks, =?
 time: 10:06:57
 MATERIAL                                                                       
  
 NAME                                                                           
  
 FIRST:NAME---MECHANICAL                                                        
  
 FOR                                                                            
  
 NUMBER                                                                         
  
 FOR                                                                            
  
 FOR                                                                            
  
 FOR                                                                            
  
 CAMCLAY                                                                        
  
 FOR                                                                            
  
 jmat=           1
 MECHANICAL                    SOLID                                    1
 ELASTIC_ISOTROPIC               0.000000000000000E+000   1.00000000000000     
   1.00000000000000        10000000000.0000       0.167000000000000     
  1.000000000000000E-006           0           0           0
 jmat=           2
 HEAT                          SOLID                                    1
 ngaps                                                                          
  
 ngaps=           0
 nrcsteel                                                                       
  
 nrcsteel=           0
 nwcpipe                                                                        
  
 nwcpipe=           0
 nifsgroup 
 nifsgroup=           0
 nabsfgroup
 nabsfgroup=           0
 nabssgroup
 nabssgroup=           0
 ifsnedge                                                                       
                      
 ifsnedge=           0
 lblks=           0  blks_new=           1
 lincs=           0  nincs=           0
 lblks=           0  blks_new=           1
 Bparameter=           0
 lblks=           0 lincs=           0 ttime=  0.000000000000000E+000
 ntime=           2 LINEAR                         0           2
 ok waterlevel
 nplgroup=           0
 nedge=           0
 iblks=           1 lineload=           9
 iblks=           1
 time: 10:06:57
 a1
 ifixset=           1 type_abc=
 FIX                                               
 outind=           0
 edge_load_group     
 edge_load_group=           0 delgroup=           0
 gray=  0.000000000000000E+000  0.000000000000000E+000  0.000000000000000E+000
  -1.00000000000000       0.000000000000000E+000  0.000000000000000E+000
  -1.00000000000000     
 tcurv=           1
 ecwpipe=           2 iblks=           1 lblks+1=           1
 ecwpipe=           2 iblks=           1 lblks+1=           1
 surface   
 ntedge=           0
 algo_pipe=
 npipe,algo_pipe=           0           3
 linet=           8
 time: 10:06:57
 mtype                           
          -2           4           0
 isdefault                       
           0
 time: 10:06:57
 time: 10:06:57
   time depend     iincs=           1 nincs=           3
 time: 10:06:57
 iblks=           1 iincs=           1 istep=           1
 maxval(result_zero)=  0.000000000000000E+000
 outinp=           0
 iiter=           1
Begin forming various matrix       at 2026-03-29 10:06:57 
 ktsmat=           1
Begin assemble golbal matrix       at 2026-03-29 10:06:57 
 ntelgroup=           0
Begin factorize global matrix      at 2026-03-29 10:06:57 
 Reordering completed ... 
 Factorization completed ... 
Begin solution global equation     at 2026-03-29 10:06:57 
                     istep=           1 iiter=           1
                     conver_load check
 resid=  0.000000000000000E+000 retot=  0.000000000000000E+000
 ratio1=                     NaN ratio2=                     NaN
 nchek0=           0 toler_force=  1.000000000000000E-005
 nchek=           0
                    conver_nodal_value check
               Convergence check for temperature
 ***********RESTART FILE IS UPDATED!*******
 time: 10:06:57
 iblks=           1 iincs=           1 istep=           2
 outinp=           0
 iiter=           1
Begin forming various matrix       at 2026-03-29 10:06:57 
 ktsmat=           0
Begin assemble golbal matrix       at 2026-03-29 10:06:57 
 ntelgroup=           0
Begin factorize global matrix      at 2026-03-29 10:06:57 
 Factorization completed ... 
Begin solution global equation     at 2026-03-29 10:06:57 
                     istep=           2 iiter=           1
                     conver_load check
 resid=  0.000000000000000E+000 retot=  0.000000000000000E+000
 ratio1=                     NaN ratio2=                     NaN
 nchek0=           0 toler_force=  1.000000000000000E-005
 nchek=           0
                    conver_nodal_value check
               Convergence check for temperature
 ***********RESTART FILE IS UPDATED!*******
 time: 10:06:57
 iblks=           1 iincs=           1 istep=           3
 outinp=           0
 iiter=           1
Begin forming various matrix       at 2026-03-29 10:06:57 
 ktsmat=           0
Begin assemble golbal matrix       at 2026-03-29 10:06:57 
 ntelgroup=           0
Begin factorize global matrix      at 2026-03-29 10:06:58 
 Factorization completed ... 
Begin solution global equation     at 2026-03-29 10:06:58 
                     istep=           3 iiter=           1
                     conver_load check
 resid=  0.000000000000000E+000 retot=  0.000000000000000E+000
 ratio1=                     NaN ratio2=                     NaN
 nchek0=           0 toler_force=  1.000000000000000E-005
 nchek=           0
                    conver_nodal_value check
               Convergence check for temperature
 ***********RESTART FILE IS UPDATED!*******
 time: 10:06:57
 iblks=           1 iincs=           1 istep=           4
 outinp=           0
 iiter=           1
Begin forming various matrix       at 2026-03-29 10:06:58 
 ktsmat=           0
Begin assemble golbal matrix       at 2026-03-29 10:06:58 
 ntelgroup=           0
Begin factorize global matrix      at 2026-03-29 10:06:58 
 Factorization completed ... 
Begin solution global equation     at 2026-03-29 10:06:58 
                     istep=           4 iiter=           1
                     conver_load check
 resid=  0.000000000000000E+000 retot=  0.000000000000000E+000
 ratio1=                     NaN ratio2=                     NaN
 nchek0=           0 toler_force=  1.000000000000000E-005
 nchek=           0
                    conver_nodal_value check
               Convergence check for temperature
 ***********RESTART FILE IS UPDATED!*******
 time: 10:06:57
 iblks=           1 iincs=           1 istep=           5
 outinp=           0
 iiter=           1
Begin forming various matrix       at 2026-03-29 10:06:58 
 ktsmat=           0
Begin assemble golbal matrix       at 2026-03-29 10:06:58 
 ntelgroup=           0
Begin factorize global matrix      at 2026-03-29 10:06:58 
 Factorization completed ... 
Begin solution global equation     at 2026-03-29 10:06:58 
                     istep=           5 iiter=           1
                     conver_load check
 resid=  0.000000000000000E+000 retot=  0.000000000000000E+000
 ratio1=                     NaN ratio2=                     NaN
 nchek0=           0 toler_force=  1.000000000000000E-005
 nchek=           0
                    conver_nodal_value check
               Convergence check for temperature
 ***********RESTART FILE IS UPDATED!*******
 time: 10:06:57
 iblks=           1 iincs=           1 istep=           6
 outinp=           0
 iiter=           1
Begin forming various matrix       at 2026-03-29 10:06:58 
 ktsmat=           0
Begin assemble golbal matrix       at 2026-03-29 10:06:58 
 ntelgroup=           0
Begin factorize global matrix      at 2026-03-29 10:06:58 
 Factorization completed ... 
Begin solution global equation     at 2026-03-29 10:06:58 
                     istep=           6 iiter=           1
                     conver_load check
 resid=  0.000000000000000E+000 retot=  0.000000000000000E+000
 ratio1=                     NaN ratio2=                     NaN
 nchek0=           0 toler_force=  1.000000000000000E-005
 nchek=           0
                    conver_nodal_value check
               Convergence check for temperature
 ***********RESTART FILE IS UPDATED!*******
 time: 10:06:57
 iblks=           1 iincs=           1 istep=           7
 outinp=           0
 iiter=           1
Begin forming various matrix       at 2026-03-29 10:06:58 
 ktsmat=           0
Begin assemble golbal matrix       at 2026-03-29 10:06:58 
 ntelgroup=           0
Begin factorize global matrix      at 2026-03-29 10:06:58 
 Factorization completed ... 
Begin solution global equation     at 2026-03-29 10:06:58 
                     istep=           7 iiter=           1
                     conver_load check
 resid=  0.000000000000000E+000 retot=  0.000000000000000E+000
 ratio1=                     NaN ratio2=                     NaN
 nchek0=           0 toler_force=  1.000000000000000E-005
 nchek=           0
                    conver_nodal_value check
               Convergence check for temperature
 ***********RESTART FILE IS UPDATED!*******
 time: 10:06:57
 iblks=           1 iincs=           1 istep=           8
 outinp=           0
 iiter=           1
Begin forming various matrix       at 2026-03-29 10:06:58 
 ktsmat=           0
Begin assemble golbal matrix       at 2026-03-29 10:06:58 
 ntelgroup=           0
Begin factorize global matrix      at 2026-03-29 10:06:58 
 Factorization completed ... 
Begin solution global equation     at 2026-03-29 10:06:58 
                     istep=           8 iiter=           1
                     conver_load check
 resid=  0.000000000000000E+000 retot=  0.000000000000000E+000
 ratio1=                     NaN ratio2=                     NaN
 nchek0=           0 toler_force=  1.000000000000000E-005
 nchek=           0
                    conver_nodal_value check
               Convergence check for temperature
 ***********RESTART FILE IS UPDATED!*******
 time: 10:06:57
 iblks=           1 iincs=           1 istep=           9
 outinp=           0
 iiter=           1
Begin forming various matrix       at 2026-03-29 10:06:58 
 ktsmat=           0
Begin assemble golbal matrix       at 2026-03-29 10:06:58 
 ntelgroup=           0
Begin factorize global matrix      at 2026-03-29 10:06:58 
 Factorization completed ... 
Begin solution global equation     at 2026-03-29 10:06:58 
                     istep=           9 iiter=           1
                     conver_load check
 resid=  0.000000000000000E+000 retot=  0.000000000000000E+000
 ratio1=                     NaN ratio2=                     NaN
 nchek0=           0 toler_force=  1.000000000000000E-005
 nchek=           0
                    conver_nodal_value check
               Convergence check for temperature
 ***********RESTART FILE IS UPDATED!*******
 time: 10:06:57
 iblks=           1 iincs=           1 istep=          10
 outinp=           0
 iiter=           1
Begin forming various matrix       at 2026-03-29 10:06:58 
 ktsmat=           0
Begin assemble golbal matrix       at 2026-03-29 10:06:58 
 ntelgroup=           0
Begin factorize global matrix      at 2026-03-29 10:06:58 
 Factorization completed ... 
Begin solution global equation     at 2026-03-29 10:06:58 
                     istep=          10 iiter=           1
                     conver_load check
 resid=  0.000000000000000E+000 retot=  0.000000000000000E+000
 ratio1=                     NaN ratio2=                     NaN
 nchek0=           0 toler_force=  1.000000000000000E-005
 nchek=           0
                    conver_nodal_value check
               Convergence check for temperature
 ***********RESTART FILE IS UPDATED!*******
 time: 10:06:57
 iblks=           1 iincs=           1 istep=          11
 outinp=           0
 iiter=           1
Begin forming various matrix       at 2026-03-29 10:06:58 
 ktsmat=           0
Begin assemble golbal matrix       at 2026-03-29 10:06:58 
 ntelgroup=           0
Begin factorize global matrix      at 2026-03-29 10:06:58 
 Factorization completed ... 
Begin solution global equation     at 2026-03-29 10:06:58 
                     istep=          11 iiter=           1
                     conver_load check
 resid=  0.000000000000000E+000 retot=  0.000000000000000E+000
 ratio1=                     NaN ratio2=                     NaN
 nchek0=           0 toler_force=  1.000000000000000E-005
 nchek=           0
                    conver_nodal_value check
               Convergence check for temperature
 ***********RESTART FILE IS UPDATED!*******
 time: 10:06:57
 iblks=           1 iincs=           1 istep=          12
 outinp=           0
 iiter=           1
Begin forming various matrix       at 2026-03-29 10:06:58 
 ktsmat=           0
Begin assemble golbal matrix       at 2026-03-29 10:06:58 
 ntelgroup=           0
Begin factorize global matrix      at 2026-03-29 10:06:59 
 Factorization completed ... 
Begin solution global equation     at 2026-03-29 10:06:59 
                     istep=          12 iiter=           1
                     conver_load check
 resid=  0.000000000000000E+000 retot=  0.000000000000000E+000
 ratio1=                     NaN ratio2=                     NaN
 nchek0=           0 toler_force=  1.000000000000000E-005
 nchek=           0
                    conver_nodal_value check
               Convergence check for temperature
 ***********RESTART FILE IS UPDATED!*******
 time: 10:06:57
 iblks=           1 iincs=           1 istep=          13
 outinp=           0
 iiter=           1
Begin forming various matrix       at 2026-03-29 10:06:59 
 ktsmat=           0
Begin assemble golbal matrix       at 2026-03-29 10:06:59 
 ntelgroup=           0
Begin factorize global matrix      at 2026-03-29 10:06:59 
 Factorization completed ... 
Begin solution global equation     at 2026-03-29 10:06:59 
                     istep=          13 iiter=           1
                     conver_load check
 resid=  0.000000000000000E+000 retot=  0.000000000000000E+000
 ratio1=                     NaN ratio2=                     NaN
 nchek0=           0 toler_force=  1.000000000000000E-005
 nchek=           0
                    conver_nodal_value check
               Convergence check for temperature
 ***********RESTART FILE IS UPDATED!*******
 time: 10:06:57
 iblks=           1 iincs=           1 istep=          14
 outinp=           0
 iiter=           1
Begin forming various matrix       at 2026-03-29 10:06:59 
 ktsmat=           0
Begin assemble golbal matrix       at 2026-03-29 10:06:59 
 ntelgroup=           0
Begin factorize global matrix      at 2026-03-29 10:06:59 
 Factorization completed ... 
Begin solution global equation     at 2026-03-29 10:06:59 
                     istep=          14 iiter=           1
                     conver_load check
 resid=  0.000000000000000E+000 retot=  0.000000000000000E+000
 ratio1=                     NaN ratio2=                     NaN
 nchek0=           0 toler_force=  1.000000000000000E-005
 nchek=           0
                    conver_nodal_value check
               Convergence check for temperature
 ***********RESTART FILE IS UPDATED!*******
 time: 10:06:57
 iblks=           1 iincs=           1 istep=          15
 outinp=           0
 iiter=           1
Begin forming various matrix       at 2026-03-29 10:06:59 
 ktsmat=           0
Begin assemble golbal matrix       at 2026-03-29 10:06:59 
 ntelgroup=           0
Begin factorize global matrix      at 2026-03-29 10:06:59 
 Factorization completed ... 
Begin solution global equation     at 2026-03-29 10:06:59 
                     istep=          15 iiter=           1
                     conver_load check
 resid=  0.000000000000000E+000 retot=  0.000000000000000E+000
 ratio1=                     NaN ratio2=                     NaN
 nchek0=           0 toler_force=  1.000000000000000E-005
 nchek=           0
                    conver_nodal_value check
               Convergence check for temperature
 ***********RESTART FILE IS UPDATED!*******
 time: 10:06:57
 iblks=           1 iincs=           1 istep=          16
 outinp=           0
 iiter=           1
Begin forming various matrix       at 2026-03-29 10:06:59 
 ktsmat=           0
Begin assemble golbal matrix       at 2026-03-29 10:06:59 
 ntelgroup=           0
Begin factorize global matrix      at 2026-03-29 10:06:59 
 Factorization completed ... 
Begin solution global equation     at 2026-03-29 10:06:59 
                     istep=          16 iiter=           1
                     conver_load check
 resid=  0.000000000000000E+000 retot=  0.000000000000000E+000
 ratio1=                     NaN ratio2=                     NaN
 nchek0=           0 toler_force=  1.000000000000000E-005
 nchek=           0
                    conver_nodal_value check
               Convergence check for temperature
 ***********RESTART FILE IS UPDATED!*******
 time: 10:06:57
 iblks=           1 iincs=           1 istep=          17
 outinp=           0
 iiter=           1
Begin forming various matrix       at 2026-03-29 10:06:59 
 ktsmat=           0
Begin assemble golbal matrix       at 2026-03-29 10:06:59 
 ntelgroup=           0
Begin factorize global matrix      at 2026-03-29 10:06:59 
 Factorization completed ... 
Begin solution global equation     at 2026-03-29 10:06:59 
                     istep=          17 iiter=           1
                     conver_load check
 resid=  0.000000000000000E+000 retot=  0.000000000000000E+000
 ratio1=                     NaN ratio2=                     NaN
 nchek0=           0 toler_force=  1.000000000000000E-005
 nchek=           0
                    conver_nodal_value check
               Convergence check for temperature
 ***********RESTART FILE IS UPDATED!*******
 time: 10:06:57
 iblks=           1 iincs=           1 istep=          18
 outinp=           0
 iiter=           1
Begin forming various matrix       at 2026-03-29 10:06:59 
 ktsmat=           0
Begin assemble golbal matrix       at 2026-03-29 10:06:59 
 ntelgroup=           0
Begin factorize global matrix      at 2026-03-29 10:06:59 
 Factorization completed ... 
Begin solution global equation     at 2026-03-29 10:06:59 
                     istep=          18 iiter=           1
                     conver_load check
 resid=  0.000000000000000E+000 retot=  0.000000000000000E+000
 ratio1=                     NaN ratio2=                     NaN
 nchek0=           0 toler_force=  1.000000000000000E-005
 nchek=           0
                    conver_nodal_value check
               Convergence check for temperature
 ***********RESTART FILE IS UPDATED!*******
 time: 10:06:57
 iblks=           1 iincs=           1 istep=          19
 outinp=           0
 iiter=           1
Begin forming various matrix       at 2026-03-29 10:06:59 
 ktsmat=           0
Begin assemble golbal matrix       at 2026-03-29 10:06:59 
 ntelgroup=           0
Begin factorize global matrix      at 2026-03-29 10:06:59 
 Factorization completed ... 
Begin solution global equation     at 2026-03-29 10:06:59 
                     istep=          19 iiter=           1
                     conver_load check
 resid=  0.000000000000000E+000 retot=  0.000000000000000E+000
 ratio1=                     NaN ratio2=                     NaN
 nchek0=           0 toler_force=  1.000000000000000E-005
 nchek=           0
                    conver_nodal_value check
               Convergence check for temperature
 ***********RESTART FILE IS UPDATED!*******
 time: 10:06:57
 iblks=           1 iincs=           1 istep=          20
 outinp=           0
 iiter=           1
Begin forming various matrix       at 2026-03-29 10:06:59 
 ktsmat=           0
Begin assemble golbal matrix       at 2026-03-29 10:06:59 
 ntelgroup=           0
Begin factorize global matrix      at 2026-03-29 10:06:59 
 Factorization completed ... 
Begin solution global equation     at 2026-03-29 10:06:59 
                     istep=          20 iiter=           1
                     conver_load check
 resid=  0.000000000000000E+000 retot=  0.000000000000000E+000
 ratio1=                     NaN ratio2=                     NaN
 nchek0=           0 toler_force=  1.000000000000000E-005
 nchek=           0
                    conver_nodal_value check
               Convergence check for temperature
 ***********RESTART FILE IS UPDATED!*******
   time depend     iincs=           2 nincs=           3
 time: 10:06:57
 iblks=           1 iincs=           2 istep=           1
 outinp=           0
 iiter=           1
Begin forming various matrix       at 2026-03-29 10:06:59 
 ktsmat=           1
Begin assemble golbal matrix       at 2026-03-29 10:07:00 
 ntelgroup=           0
Begin factorize global matrix      at 2026-03-29 10:07:00 
 Factorization completed ... 
Begin solution global equation     at 2026-03-29 10:07:00 
                     istep=           1 iiter=           1
                     conver_load check
 resid=  0.000000000000000E+000 retot=  0.000000000000000E+000
 ratio1=                     NaN ratio2=                     NaN
 nchek0=           0 toler_force=  1.000000000000000E-005
 nchek=           0
                    conver_nodal_value check
               Convergence check for temperature
 ***********RESTART FILE IS UPDATED!*******
 time: 10:06:57
 iblks=           1 iincs=           2 istep=           2
 outinp=           0
 iiter=           1
Begin forming various matrix       at 2026-03-29 10:07:00 
 ktsmat=           0
Begin assemble golbal matrix       at 2026-03-29 10:07:00 
 ntelgroup=           0
Begin factorize global matrix      at 2026-03-29 10:07:00 
 Factorization completed ... 
Begin solution global equation     at 2026-03-29 10:07:00 
                     istep=           2 iiter=           1
                     conver_load check
 resid=  0.000000000000000E+000 retot=  0.000000000000000E+000
 ratio1=                     NaN ratio2=                     NaN
 nchek0=           0 toler_force=  1.000000000000000E-005
 nchek=           0
                    conver_nodal_value check
               Convergence check for temperature
 ***********RESTART FILE IS UPDATED!*******
 time: 10:06:57
 iblks=           1 iincs=           2 istep=           3
 outinp=           0
 iiter=           1
Begin forming various matrix       at 2026-03-29 10:07:00 
 ktsmat=           0
Begin assemble golbal matrix       at 2026-03-29 10:07:00 
 ntelgroup=           0
Begin factorize global matrix      at 2026-03-29 10:07:00 
 Factorization completed ... 
Begin solution global equation     at 2026-03-29 10:07:00 
                     istep=           3 iiter=           1
                     conver_load check
 resid=  0.000000000000000E+000 retot=  0.000000000000000E+000
 ratio1=                     NaN ratio2=                     NaN
 nchek0=           0 toler_force=  1.000000000000000E-005
 nchek=           0
                    conver_nodal_value check
               Convergence check for temperature
 ***********RESTART FILE IS UPDATED!*******
 time: 10:06:57
 iblks=           1 iincs=           2 istep=           4
 outinp=           0
 iiter=           1
Begin forming various matrix       at 2026-03-29 10:07:00 
 ktsmat=           0
Begin assemble golbal matrix       at 2026-03-29 10:07:00 
 ntelgroup=           0
Begin factorize global matrix      at 2026-03-29 10:07:00 
 Factorization completed ... 
Begin solution global equation     at 2026-03-29 10:07:00 
                     istep=           4 iiter=           1
                     conver_load check
 resid=  0.000000000000000E+000 retot=  0.000000000000000E+000
 ratio1=                     NaN ratio2=                     NaN
 nchek0=           0 toler_force=  1.000000000000000E-005
 nchek=           0
                    conver_nodal_value check
               Convergence check for temperature
 ***********RESTART FILE IS UPDATED!*******
 time: 10:06:57
 iblks=           1 iincs=           2 istep=           5
 outinp=           0
 iiter=           1
Begin forming various matrix       at 2026-03-29 10:07:00 
 ktsmat=           0
Begin assemble golbal matrix       at 2026-03-29 10:07:00 
 ntelgroup=           0
Begin factorize global matrix      at 2026-03-29 10:07:00 
 Factorization completed ... 
Begin solution global equation     at 2026-03-29 10:07:00 
                     istep=           5 iiter=           1
                     conver_load check
 resid=  0.000000000000000E+000 retot=  0.000000000000000E+000
 ratio1=                     NaN ratio2=                     NaN
 nchek0=           0 toler_force=  1.000000000000000E-005
 nchek=           0
                    conver_nodal_value check
               Convergence check for temperature
 ***********RESTART FILE IS UPDATED!*******
 time: 10:06:57
 iblks=           1 iincs=           2 istep=           6
 outinp=           0
 iiter=           1
Begin forming various matrix       at 2026-03-29 10:07:00 
 ktsmat=           0
Begin assemble golbal matrix       at 2026-03-29 10:07:00 
 ntelgroup=           0
Begin factorize global matrix      at 2026-03-29 10:07:00 
 Factorization completed ... 
Begin solution global equation     at 2026-03-29 10:07:00 
                     istep=           6 iiter=           1
                     conver_load check
 resid=  0.000000000000000E+000 retot=  0.000000000000000E+000
 ratio1=                     NaN ratio2=                     NaN
 nchek0=           0 toler_force=  1.000000000000000E-005
 nchek=           0
                    conver_nodal_value check
               Convergence check for temperature
 ***********RESTART FILE IS UPDATED!*******
 time: 10:06:57
 iblks=           1 iincs=           2 istep=           7
 outinp=           0
 iiter=           1
Begin forming various matrix       at 2026-03-29 10:07:00 
 ktsmat=           0
Begin assemble golbal matrix       at 2026-03-29 10:07:00 
 ntelgroup=           0
Begin factorize global matrix      at 2026-03-29 10:07:00 
 Factorization completed ... 
Begin solution global equation     at 2026-03-29 10:07:00 
                     istep=           7 iiter=           1
                     conver_load check
 resid=  0.000000000000000E+000 retot=  0.000000000000000E+000
 ratio1=                     NaN ratio2=                     NaN
 nchek0=           0 toler_force=  1.000000000000000E-005
 nchek=           0
                    conver_nodal_value check
               Convergence check for temperature
 ***********RESTART FILE IS UPDATED!*******
 time: 10:06:57
 iblks=           1 iincs=           2 istep=           8
 outinp=           0
 iiter=           1
Begin forming various matrix       at 2026-03-29 10:07:00 
 ktsmat=           0
Begin assemble golbal matrix       at 2026-03-29 10:07:00 
 ntelgroup=           0
Begin factorize global matrix      at 2026-03-29 10:07:00 
 Factorization completed ... 
Begin solution global equation     at 2026-03-29 10:07:00 
                     istep=           8 iiter=           1
                     conver_load check
 resid=  0.000000000000000E+000 retot=  0.000000000000000E+000
 ratio1=                     NaN ratio2=                     NaN
 nchek0=           0 toler_force=  1.000000000000000E-005
 nchek=           0
                    conver_nodal_value check
               Convergence check for temperature
 ***********RESTART FILE IS UPDATED!*******
 time: 10:06:57
 iblks=           1 iincs=           2 istep=           9
 outinp=           0
 iiter=           1
Begin forming various matrix       at 2026-03-29 10:07:00 
 ktsmat=           0
Begin assemble golbal matrix       at 2026-03-29 10:07:00 
 ntelgroup=           0
Begin factorize global matrix      at 2026-03-29 10:07:00 
 Factorization completed ... 
Begin solution global equation     at 2026-03-29 10:07:00 
                     istep=           9 iiter=           1
                     conver_load check
 resid=  0.000000000000000E+000 retot=  0.000000000000000E+000
 ratio1=                     NaN ratio2=                     NaN
 nchek0=           0 toler_force=  1.000000000000000E-005
 nchek=           0
                    conver_nodal_value check
               Convergence check for temperature
 ***********RESTART FILE IS UPDATED!*******
 time: 10:06:57
 iblks=           1 iincs=           2 istep=          10
 outinp=           0
 iiter=           1
Begin forming various matrix       at 2026-03-29 10:07:01 
 ktsmat=           0
Begin assemble golbal matrix       at 2026-03-29 10:07:01 
 ntelgroup=           0
Begin factorize global matrix      at 2026-03-29 10:07:01 
 Factorization completed ... 
Begin solution global equation     at 2026-03-29 10:07:01 
                     istep=          10 iiter=           1
                     conver_load check
 resid=  0.000000000000000E+000 retot=  0.000000000000000E+000
 ratio1=                     NaN ratio2=                     NaN
 nchek0=           0 toler_force=  1.000000000000000E-005
 nchek=           0
                    conver_nodal_value check
               Convergence check for temperature
 ***********RESTART FILE IS UPDATED!*******
   time depend     iincs=           3 nincs=           3
 time: 10:06:57
 iblks=           1 iincs=           3 istep=           1
 outinp=           0
 iiter=           1
Begin forming various matrix       at 2026-03-29 10:07:01 
 ktsmat=           1
Begin assemble golbal matrix       at 2026-03-29 10:07:01 
 ntelgroup=           0
Begin factorize global matrix      at 2026-03-29 10:07:01 
 Factorization completed ... 
Begin solution global equation     at 2026-03-29 10:07:01 
                     istep=           1 iiter=           1
                     conver_load check
 resid=  0.000000000000000E+000 retot=  0.000000000000000E+000
 ratio1=                     NaN ratio2=                     NaN
 nchek0=           0 toler_force=  1.000000000000000E-005
 nchek=           0
                    conver_nodal_value check
               Convergence check for temperature
 ***********RESTART FILE IS UPDATED!*******
 time: 10:06:57
 iblks=           1 iincs=           3 istep=           2
 outinp=           0
 iiter=           1
Begin forming various matrix       at 2026-03-29 10:07:01 
 ktsmat=           0
Begin assemble golbal matrix       at 2026-03-29 10:07:01 
 ntelgroup=           0
Begin factorize global matrix      at 2026-03-29 10:07:01 
 Factorization completed ... 
Begin solution global equation     at 2026-03-29 10:07:01 
                     istep=           2 iiter=           1
                     conver_load check
 resid=  0.000000000000000E+000 retot=  0.000000000000000E+000
 ratio1=                     NaN ratio2=                     NaN
 nchek0=           0 toler_force=  1.000000000000000E-005
 nchek=           0
                    conver_nodal_value check
               Convergence check for temperature
 ***********RESTART FILE IS UPDATED!*******
 time: 10:06:57
 iblks=           1 iincs=           3 istep=           3
 outinp=           0
 iiter=           1
Begin forming various matrix       at 2026-03-29 10:07:01 
 ktsmat=           0
Begin assemble golbal matrix       at 2026-03-29 10:07:01 
 ntelgroup=           0
Begin factorize global matrix      at 2026-03-29 10:07:01 
 Factorization completed ... 
Begin solution global equation     at 2026-03-29 10:07:01 
                     istep=           3 iiter=           1
                     conver_load check
 resid=  0.000000000000000E+000 retot=  0.000000000000000E+000
 ratio1=                     NaN ratio2=                     NaN
 nchek0=           0 toler_force=  1.000000000000000E-005
 nchek=           0
                    conver_nodal_value check
               Convergence check for temperature
 ***********RESTART FILE IS UPDATED!*******
 time: 10:06:57
 iblks=           1 iincs=           3 istep=           4
 outinp=           0
 iiter=           1
Begin forming various matrix       at 2026-03-29 10:07:01 
 ktsmat=           0
Begin assemble golbal matrix       at 2026-03-29 10:07:01 
 ntelgroup=           0
Begin factorize global matrix      at 2026-03-29 10:07:01 
 Factorization completed ... 
Begin solution global equation     at 2026-03-29 10:07:01 
                     istep=           4 iiter=           1
                     conver_load check
 resid=  0.000000000000000E+000 retot=  0.000000000000000E+000
 ratio1=                     NaN ratio2=                     NaN
 nchek0=           0 toler_force=  1.000000000000000E-005
 nchek=           0
                    conver_nodal_value check
               Convergence check for temperature
 ***********RESTART FILE IS UPDATED!*******
 time: 10:06:57
 iblks=           1 iincs=           3 istep=           5
 outinp=           0
 iiter=           1
Begin forming various matrix       at 2026-03-29 10:07:01 
 ktsmat=           0
Begin assemble golbal matrix       at 2026-03-29 10:07:01 
 ntelgroup=           0
Begin factorize global matrix      at 2026-03-29 10:07:01 
 Factorization completed ... 
Begin solution global equation     at 2026-03-29 10:07:01 
                     istep=           5 iiter=           1
                     conver_load check
 resid=  0.000000000000000E+000 retot=  0.000000000000000E+000
 ratio1=                     NaN ratio2=                     NaN
 nchek0=           0 toler_force=  1.000000000000000E-005
 nchek=           0
                    conver_nodal_value check
               Convergence check for temperature
 ***********RESTART FILE IS UPDATED!*******
 time: 10:06:57
 iblks=           1 iincs=           3 istep=           6
 outinp=           0
 iiter=           1
Begin forming various matrix       at 2026-03-29 10:07:01 
 ktsmat=           0
Begin assemble golbal matrix       at 2026-03-29 10:07:01 
 ntelgroup=           0
Begin factorize global matrix      at 2026-03-29 10:07:01 
 Factorization completed ... 
Begin solution global equation     at 2026-03-29 10:07:01 
                     istep=           6 iiter=           1
                     conver_load check
 resid=  0.000000000000000E+000 retot=  0.000000000000000E+000
 ratio1=                     NaN ratio2=                     NaN
 nchek0=           0 toler_force=  1.000000000000000E-005
 nchek=           0
                    conver_nodal_value check
               Convergence check for temperature
 ***********RESTART FILE IS UPDATED!*******
 time: 10:06:57
 iblks=           1 iincs=           3 istep=           7
 outinp=           0
 iiter=           1
Begin forming various matrix       at 2026-03-29 10:07:01 
 ktsmat=           0
Begin assemble golbal matrix       at 2026-03-29 10:07:01 
 ntelgroup=           0
Begin factorize global matrix      at 2026-03-29 10:07:01 
 Factorization completed ... 
Begin solution global equation     at 2026-03-29 10:07:01 
                     istep=           7 iiter=           1
                     conver_load check
 resid=  0.000000000000000E+000 retot=  0.000000000000000E+000
 ratio1=                     NaN ratio2=                     NaN
 nchek0=           0 toler_force=  1.000000000000000E-005
 nchek=           0
                    conver_nodal_value check
               Convergence check for temperature
 ***********RESTART FILE IS UPDATED!*******
 time: 10:06:57
 iblks=           1 iincs=           3 istep=           8
 outinp=           0
 iiter=           1
Begin forming various matrix       at 2026-03-29 10:07:01 
 ktsmat=           0
Begin assemble golbal matrix       at 2026-03-29 10:07:01 
 ntelgroup=           0
Begin factorize global matrix      at 2026-03-29 10:07:01 
 Factorization completed ... 
Begin solution global equation     at 2026-03-29 10:07:01 
                     istep=           8 iiter=           1
                     conver_load check
 resid=  0.000000000000000E+000 retot=  0.000000000000000E+000
 ratio1=                     NaN ratio2=                     NaN
 nchek0=           0 toler_force=  1.000000000000000E-005
 nchek=           0
                    conver_nodal_value check
               Convergence check for temperature
 ***********RESTART FILE IS UPDATED!*******
 time: 10:06:57
 iblks=           1 iincs=           3 istep=           9
 outinp=           0
 iiter=           1
Begin forming various matrix       at 2026-03-29 10:07:02 
 ktsmat=           0
Begin assemble golbal matrix       at 2026-03-29 10:07:02 
 ntelgroup=           0
Begin factorize global matrix      at 2026-03-29 10:07:02 
 Factorization completed ... 
Begin solution global equation     at 2026-03-29 10:07:02 
                     istep=           9 iiter=           1
                     conver_load check
 resid=  0.000000000000000E+000 retot=  0.000000000000000E+000
 ratio1=                     NaN ratio2=                     NaN
 nchek0=           0 toler_force=  1.000000000000000E-005
 nchek=           0
                    conver_nodal_value check
               Convergence check for temperature
 ***********RESTART FILE IS UPDATED!*******
 time: 10:06:57
 iblks=           1 iincs=           3 istep=          10
 outinp=           0
 iiter=           1
Begin forming various matrix       at 2026-03-29 10:07:02 
 ktsmat=           0
Begin assemble golbal matrix       at 2026-03-29 10:07:02 
 ntelgroup=           0
Begin factorize global matrix      at 2026-03-29 10:07:02 
 Factorization completed ... 
Begin solution global equation     at 2026-03-29 10:07:02 
                     istep=          10 iiter=           1
                     conver_load check
 resid=  0.000000000000000E+000 retot=  0.000000000000000E+000
 ratio1=                     NaN ratio2=                     NaN
 nchek0=           0 toler_force=  1.000000000000000E-005
 nchek=           0
                    conver_nodal_value check
               Convergence check for temperature
 ***********RESTART FILE IS UPDATED!*******
 time: 10:06:57
 iblks=           1 iincs=           3 istep=          11
 outinp=           0
 iiter=           1
Begin forming various matrix       at 2026-03-29 10:07:02 
 ktsmat=           0
Begin assemble golbal matrix       at 2026-03-29 10:07:02 
 ntelgroup=           0
Begin factorize global matrix      at 2026-03-29 10:07:02 
 Factorization completed ... 
Begin solution global equation     at 2026-03-29 10:07:02 
                     istep=          11 iiter=           1
                     conver_load check
 resid=  0.000000000000000E+000 retot=  0.000000000000000E+000
 ratio1=                     NaN ratio2=                     NaN
 nchek0=           0 toler_force=  1.000000000000000E-005
 nchek=           0
                    conver_nodal_value check
               Convergence check for temperature
 ***********RESTART FILE IS UPDATED!*******
 time: 10:06:57
 iblks=           1 iincs=           3 istep=          12
 outinp=           0
 iiter=           1
Begin forming various matrix       at 2026-03-29 10:07:02 
 ktsmat=           0
Begin assemble golbal matrix       at 2026-03-29 10:07:02 
 ntelgroup=           0
Begin factorize global matrix      at 2026-03-29 10:07:02 
 Factorization completed ... 
Begin solution global equation     at 2026-03-29 10:07:02 
                     istep=          12 iiter=           1
                     conver_load check
 resid=  0.000000000000000E+000 retot=  0.000000000000000E+000
 ratio1=                     NaN ratio2=                     NaN
 nchek0=           0 toler_force=  1.000000000000000E-005
 nchek=           0
                    conver_nodal_value check
               Convergence check for temperature
 ***********RESTART FILE IS UPDATED!*******
 time: 10:06:57
 iblks=           1 iincs=           3 istep=          13
 outinp=           0
 iiter=           1
Begin forming various matrix       at 2026-03-29 10:07:02 
 ktsmat=           0
Begin assemble golbal matrix       at 2026-03-29 10:07:02 
 ntelgroup=           0
Begin factorize global matrix      at 2026-03-29 10:07:02 
 Factorization completed ... 
Begin solution global equation     at 2026-03-29 10:07:02 
                     istep=          13 iiter=           1
                     conver_load check
 resid=  0.000000000000000E+000 retot=  0.000000000000000E+000
 ratio1=                     NaN ratio2=                     NaN
 nchek0=           0 toler_force=  1.000000000000000E-005
 nchek=           0
                    conver_nodal_value check
               Convergence check for temperature
 ***********RESTART FILE IS UPDATED!*******
 time: 10:06:57
 iblks=           1 iincs=           3 istep=          14
 outinp=           0
 iiter=           1
Begin forming various matrix       at 2026-03-29 10:07:02 
 ktsmat=           0
Begin assemble golbal matrix       at 2026-03-29 10:07:02 
 ntelgroup=           0
Begin factorize global matrix      at 2026-03-29 10:07:02 
 Factorization completed ... 
Begin solution global equation     at 2026-03-29 10:07:02 
                     istep=          14 iiter=           1
                     conver_load check
 resid=  0.000000000000000E+000 retot=  0.000000000000000E+000
 ratio1=                     NaN ratio2=                     NaN
 nchek0=           0 toler_force=  1.000000000000000E-005
 nchek=           0
                    conver_nodal_value check
               Convergence check for temperature
 ***********RESTART FILE IS UPDATED!*******
 time: 10:06:57
 iblks=           1 iincs=           3 istep=          15
 outinp=           0
 iiter=           1
Begin forming various matrix       at 2026-03-29 10:07:02 
 ktsmat=           0
Begin assemble golbal matrix       at 2026-03-29 10:07:02 
 ntelgroup=           0
Begin factorize global matrix      at 2026-03-29 10:07:02 
 Factorization completed ... 
Begin solution global equation     at 2026-03-29 10:07:02 
                     istep=          15 iiter=           1
                     conver_load check
 resid=  0.000000000000000E+000 retot=  0.000000000000000E+000
 ratio1=                     NaN ratio2=                     NaN
 nchek0=           0 toler_force=  1.000000000000000E-005
 nchek=           0
                    conver_nodal_value check
               Convergence check for temperature
 ***********RESTART FILE IS UPDATED!*******
 time: 10:06:57
 iblks=           1 iincs=           3 istep=          16
 outinp=           0
 iiter=           1
Begin forming various matrix       at 2026-03-29 10:07:02 
 ktsmat=           0
Begin assemble golbal matrix       at 2026-03-29 10:07:02 
 ntelgroup=           0
Begin factorize global matrix      at 2026-03-29 10:07:02 
 Factorization completed ... 
Begin solution global equation     at 2026-03-29 10:07:02 
                     istep=          16 iiter=           1
                     conver_load check
 resid=  0.000000000000000E+000 retot=  0.000000000000000E+000
 ratio1=                     NaN ratio2=                     NaN
 nchek0=           0 toler_force=  1.000000000000000E-005
 nchek=           0
                    conver_nodal_value check
               Convergence check for temperature
 ***********RESTART FILE IS UPDATED!*******
 time: 10:07:02
