 time: 12:25:21
 time: 12:25:21
 Input the problem name?
 NPOIN                                                                          
  
        5628        5628        4720           3           1           1
           0 GIDR                  0.000000000000000E+000           0
           0           0           0           0       99999
 NINIT                                                                          
  
           0           0           0           1           0           0
           0           0           0           0           0 
 FIX                                                          0           0
           0           0           0           0           0
 outinpunit=          37 outindunit=          54
 TYPE_PROBLEM                                                                   
  
 S                                                 
 PARDISO                                           
 LOAD                                                        10           0
           0           0
 type_layer1                                                                    
  
 NMASS                                                                          
  
           1           1           1           1           0           0
           1           0           1           0           2
 nfreeflownode                                                                  
  
 NTSMAT                                                                         
  
         999         999           0           0           0
 beeta1,beeta2,theta1=  0.500000000000000       0.250000000000000     
  0.500000000000000     
 equvs_process(1:ngroup)                                                        
  
 appear_level(1:ngroup)                                                         
  
 APPEAR_PROCESS                                                                 
  
 appear_process=           1
 MATNO_PROCESS                                                                  
  
 iblks=           0 ngroup=           1 matno=           1
 force_process=           0
 uinitial=           0
 1-ILINKS(I0                                                                    
  
 1-tLINKS(I0                                                                    
  
 text1=
 1-NGROUP--GROUP                                                                
  
 (3)                                                                            
  
 igroup=           1
 name=B8        
 tne=        4720
 text_tension_joint=
 tension_joint                                                                  
  
 text_tension_contact=
 contact_joint                                                                  
  
 ground_inf=           0 /100=           0
 nblks=           1
 Input runblks, =?
 time: 12:25:21
 MATERIAL                                                                       
  
 NAME                                                                           
  
 FIRST:NAME---MECHANICAL                                                        
  
 FOR                                                                            
  
 NUMBER                                                                         
  
 FOR                                                                            
  
 FOR                                                                            
  
 FOR                                                                            
  
 CAMCLAY                                                                        
  
 FOR                                                                            
  
 jmat=           1
 MECHANICAL                    SOLID                                    1
 ELASTIC_ISOTROPIC               0.000000000000000E+000   1.00000000000000     
   1.00000000000000        10000000000.0000       0.167000000000000     
  1.000000000000000E-006           0           0           0
 jmat=           2
 HEAT                          SOLID                                    1
 ngaps                                                                          
  
 ngaps=           0
 nrcsteel                                                                       
  
 nrcsteel=           0
 nwcpipe                                                                        
  
 nwcpipe=           0
 nifsgroup 
 nifsgroup=           0
 nabsfgroup
 nabsfgroup=           0
 nabssgroup
 nabssgroup=           0
 ifsnedge                                                                       
                      
 ifsnedge=           0
 lblks=           0  blks_new=           1
 lincs=           0  nincs=           0
 lblks=           0  blks_new=           1
 Bparameter=           0
 lblks=           0 lincs=           0 ttime=  0.000000000000000E+000
 ntime=           2 LINEAR                         0           2
 ok waterlevel
 nplgroup=           0
 nedge=           0
 iblks=           1 lineload=           9
 iblks=           1
 time: 12:25:21
 a1
 ifixset=           1 type_abc=
 FIX                                               
 outind=           0
 edge_load_group     
 edge_load_group=           0 delgroup=           0
 gray=  0.000000000000000E+000  0.000000000000000E+000  0.000000000000000E+000
  -1.00000000000000       0.000000000000000E+000  0.000000000000000E+000
  -1.00000000000000     
 tcurv=           1
 ecwpipe=           2 iblks=           1 lblks+1=           1
 ecwpipe=           2 iblks=           1 lblks+1=           1
 surface   
 ntedge=           0
 algo_pipe=
 npipe,algo_pipe=           0           3
 linet=           8
 time: 12:25:21
 mtype                           
          -2           4           0
 isdefault                       
           0
 time: 12:25:21
 time: 12:25:21
   time depend     iincs=           1 nincs=           3
 time: 12:25:21
 iblks=           1 iincs=           1 istep=           1
 maxval(result_zero)=  0.000000000000000E+000
 outinp=           0
 iiter=           1
Begin forming various matrix       at 2026-03-29 12:25:21 
 ktsmat=           1
Begin assemble golbal matrix       at 2026-03-29 12:25:21 
 ntelgroup=           0
Begin factorize global matrix      at 2026-03-29 12:25:21 
 Reordering completed ... 
 Factorization completed ... 
Begin solution global equation     at 2026-03-29 12:25:21 
                     istep=           1 iiter=           1
                     conver_load check
 resid=  4.606267930951288E-032 retot=  2.167273332700544E-002
 ratio1=  1.457866492511281E-015 ratio2=  1.414017089426182E-015
 nchek0=           0 toler_force=  1.000000000000000E-005
 nchek=           0
                    conver_nodal_value check
               Convergence check for temperature
 ratio1=  0.709936693472726      ratio2=  0.711131531492517     
                            not converged for checki=           6
 iiter=           2
Begin forming various matrix       at 2026-03-29 12:25:21 
 ktsmat=           0
 ntelgroup=           0
Begin solution global equation     at 2026-03-29 12:25:21 
                     istep=           1 iiter=           2
                     conver_load check
 resid=  1.894970383747179E-032 retot=  2.167273332700545E-002
 ratio1=  9.350705299067716E-016 ratio2=  1.131213671540946E-015
 nchek0=           0 toler_force=  1.000000000000000E-005
 nchek=           0
                    conver_nodal_value check
               Convergence check for temperature
 ratio1=  4.352179821016832E-016 ratio2=  5.119361053097512E-016
 ***********RESTART FILE IS UPDATED!*******
 time: 12:25:21
 iblks=           1 iincs=           1 istep=           2
 outinp=           0
 iiter=           1
Begin forming various matrix       at 2026-03-29 12:25:21 
 ktsmat=           0
Begin assemble golbal matrix       at 2026-03-29 12:25:21 
 ntelgroup=           0
Begin factorize global matrix      at 2026-03-29 12:25:21 
 Factorization completed ... 
Begin solution global equation     at 2026-03-29 12:25:21 
                     istep=           2 iiter=           1
                     conver_load check
 resid=  2.576741198805475E-031 retot=  1.099348447988605E-002
 ratio1=  4.841363781139696E-015 ratio2=  4.434017124287879E-015
 nchek0=           0 toler_force=  1.000000000000000E-005
 nchek=           0
                    conver_nodal_value check
               Convergence check for temperature
 ratio1=   1.13809858122362      ratio2=   1.33979402111278     
                            not converged for checki=           6
 iiter=           2
Begin forming various matrix       at 2026-03-29 12:25:21 
 ktsmat=           0
 ntelgroup=           0
Begin solution global equation     at 2026-03-29 12:25:21 
                     istep=           2 iiter=           2
                     conver_load check
 resid=  2.044164739096309E-032 retot=  1.099348447988610E-002
 ratio1=  1.363610267029025E-015 ratio2=  1.786842721727948E-015
 nchek0=           0 toler_force=  1.000000000000000E-005
 nchek=           0
                    conver_nodal_value check
               Convergence check for temperature
 ratio1=  9.366336452561494E-016 ratio2=  1.264774373244866E-015
 ***********RESTART FILE IS UPDATED!*******
 time: 12:25:21
 iblks=           1 iincs=           1 istep=           3
 outinp=           0
 iiter=           1
Begin forming various matrix       at 2026-03-29 12:25:21 
 ktsmat=           0
Begin assemble golbal matrix       at 2026-03-29 12:25:21 
 ntelgroup=           0
Begin factorize global matrix      at 2026-03-29 12:25:21 
 Factorization completed ... 
Begin solution global equation     at 2026-03-29 12:25:21 
                     istep=           3 iiter=           1
                     conver_load check
 resid=  1.665235411875180E-031 retot=  1.629315428917365E-002
 ratio1=  3.196945508315714E-015 ratio2=  2.718051407422560E-015
 nchek0=           0 toler_force=  1.000000000000000E-005
 nchek=           0
                    conver_nodal_value check
               Convergence check for temperature
 ratio1=   1.00893812957645      ratio2=   1.21210864378621     
                            not converged for checki=           6
 iiter=           2
Begin forming various matrix       at 2026-03-29 12:25:21 
 ktsmat=           0
 ntelgroup=           0
Begin solution global equation     at 2026-03-29 12:25:21 
                     istep=           3 iiter=           2
                     conver_load check
 resid=  1.484347824954226E-032 retot=  1.629315428917366E-002
 ratio1=  9.544765329345688E-016 ratio2=  1.087220562969025E-015
 nchek0=           0 toler_force=  1.000000000000000E-005
 nchek=           0
                    conver_nodal_value check
               Convergence check for temperature
 ratio1=  6.420462842022178E-016 ratio2=  1.026784862234537E-015
 ***********RESTART FILE IS UPDATED!*******
 time: 12:25:21
 iblks=           1 iincs=           1 istep=           4
 outinp=           0
 iiter=           1
Begin forming various matrix       at 2026-03-29 12:25:21 
 ktsmat=           0
Begin assemble golbal matrix       at 2026-03-29 12:25:21 
 ntelgroup=           0
Begin factorize global matrix      at 2026-03-29 12:25:21 
 Factorization completed ... 
Begin solution global equation     at 2026-03-29 12:25:22 
                     istep=           4 iiter=           1
                     conver_load check
 resid=  3.269720235516187E-031 retot=  1.179664001731495E-002
 ratio1=  5.264730371902942E-015 ratio2=  7.283094332423931E-015
 nchek0=           0 toler_force=  1.000000000000000E-005
 nchek=           0
                    conver_nodal_value check
               Convergence check for temperature
 ratio1=  0.861152720168190      ratio2=   1.12939887504055     
                            not converged for checki=           6
 iiter=           2
Begin forming various matrix       at 2026-03-29 12:25:22 
 ktsmat=           0
 ntelgroup=           0
Begin solution global equation     at 2026-03-29 12:25:22 
                     istep=           4 iiter=           2
                     conver_load check
 resid=  1.423467027930663E-032 retot=  1.179664001731498E-002
 ratio1=  1.098486041159035E-015 ratio2=  8.944150934555714E-016
 nchek0=           0 toler_force=  1.000000000000000E-005
 nchek=           0
                    conver_nodal_value check
               Convergence check for temperature
 ratio1=  9.290551697799132E-016 ratio2=  1.357478226273973E-015
 ***********RESTART FILE IS UPDATED!*******
 time: 12:25:21
 iblks=           1 iincs=           1 istep=           5
 outinp=           0
 iiter=           1
Begin forming various matrix       at 2026-03-29 12:25:22 
 ktsmat=           0
Begin assemble golbal matrix       at 2026-03-29 12:25:22 
 ntelgroup=           0
Begin factorize global matrix      at 2026-03-29 12:25:22 
 Factorization completed ... 
Begin solution global equation     at 2026-03-29 12:25:22 
                     istep=           5 iiter=           1
                     conver_load check
 resid=  1.332198973179342E-031 retot=  1.478766392468532E-002
 ratio1=  3.001475214010420E-015 ratio2=  2.339506832674303E-015
 nchek0=           0 toler_force=  1.000000000000000E-005
 nchek=           0
                    conver_nodal_value check
               Convergence check for temperature
 ratio1=  0.801721348874312      ratio2=   1.06652320041692     
                            not converged for checki=           6
 iiter=           2
Begin forming various matrix       at 2026-03-29 12:25:22 
 ktsmat=           0
 ntelgroup=           0
Begin solution global equation     at 2026-03-29 12:25:22 
                     istep=           5 iiter=           2
                     conver_load check
 resid=  2.867831632302333E-032 retot=  1.478766392468533E-002
 ratio1=  1.392602079671928E-015 ratio2=  1.426528556508721E-015
 nchek0=           0 toler_force=  1.000000000000000E-005
 nchek=           0
                    conver_nodal_value check
               Convergence check for temperature
 ratio1=  6.258021855929742E-016 ratio2=  7.307908910314882E-016
 ***********RESTART FILE IS UPDATED!*******
 time: 12:25:21
 iblks=           1 iincs=           1 istep=           6
 outinp=           0
 iiter=           1
Begin forming various matrix       at 2026-03-29 12:25:22 
 ktsmat=           0
Begin assemble golbal matrix       at 2026-03-29 12:25:22 
 ntelgroup=           0
Begin factorize global matrix      at 2026-03-29 12:25:22 
 Factorization completed ... 
Begin solution global equation     at 2026-03-29 12:25:22 
                     istep=           6 iiter=           1
                     conver_load check
 resid=  1.797584103077375E-031 retot=  1.208719181534480E-002
 ratio1=  3.856398473825608E-015 ratio2=  4.922912795950641E-015
 nchek0=           0 toler_force=  1.000000000000000E-005
 nchek=           0
                    conver_nodal_value check
               Convergence check for temperature
 ratio1=  0.729150657925247      ratio2=   1.01851187883279     
                            not converged for checki=           6
 iiter=           2
Begin forming various matrix       at 2026-03-29 12:25:22 
 ktsmat=           0
 ntelgroup=           0
Begin solution global equation     at 2026-03-29 12:25:22 
                     istep=           6 iiter=           2
                     conver_load check
 resid=  5.252175495971138E-032 retot=  1.208719181534481E-002
 ratio1=  2.084524037513027E-015 ratio2=  2.272113598131067E-015
 nchek0=           0 toler_force=  1.000000000000000E-005
 nchek=           0
                    conver_nodal_value check
               Convergence check for temperature
 ratio1=  7.912364338042505E-016 ratio2=  1.003747580288843E-015
 ***********RESTART FILE IS UPDATED!*******
 time: 12:25:21
 iblks=           1 iincs=           1 istep=           7
 outinp=           0
 iiter=           1
Begin forming various matrix       at 2026-03-29 12:25:22 
 ktsmat=           0
Begin assemble golbal matrix       at 2026-03-29 12:25:22 
 ntelgroup=           0
Begin factorize global matrix      at 2026-03-29 12:25:22 
 Factorization completed ... 
Begin solution global equation     at 2026-03-29 12:25:22 
                     istep=           7 iiter=           1
                     conver_load check
 resid=  1.304427799088620E-031 retot=  1.399904622260469E-002
 ratio1=  3.052536032125674E-015 ratio2=  2.419162135204443E-015
 nchek0=           0 toler_force=  1.000000000000000E-005
 nchek=           0
                    conver_nodal_value check
               Convergence check for temperature
 ratio1=  0.692268974907788      ratio2=  0.979824592640709     
                            not converged for checki=           6
 iiter=           2
Begin forming various matrix       at 2026-03-29 12:25:22 
 ktsmat=           0
 ntelgroup=           0
Begin solution global equation     at 2026-03-29 12:25:22 
                     istep=           7 iiter=           2
                     conver_load check
 resid=  2.374871145295829E-032 retot=  1.399904622260470E-002
 ratio1=  1.302479215371035E-015 ratio2=  1.407512515028039E-015
 nchek0=           0 toler_force=  1.000000000000000E-005
 nchek=           0
                    conver_nodal_value check
               Convergence check for temperature
 ratio1=  7.579075552138723E-016 ratio2=  8.172106646018512E-016
 ***********RESTART FILE IS UPDATED!*******
 time: 12:25:21
 iblks=           1 iincs=           1 istep=           8
 outinp=           0
 iiter=           1
Begin forming various matrix       at 2026-03-29 12:25:22 
 ktsmat=           0
Begin assemble golbal matrix       at 2026-03-29 12:25:22 
 ntelgroup=           0
Begin factorize global matrix      at 2026-03-29 12:25:22 
 Factorization completed ... 
Begin solution global equation     at 2026-03-29 12:25:22 
                     istep=           8 iiter=           1
                     conver_load check
 resid=  1.496057656807986E-031 retot=  1.214354969029566E-002
 ratio1=  3.509953302151082E-015 ratio2=  3.274317307076376E-015
 nchek0=           0 toler_force=  1.000000000000000E-005
 nchek=           0
                    conver_nodal_value check
               Convergence check for temperature
 ratio1=  0.647878440022279      ratio2=  0.948273322313414     
                            not converged for checki=           6
 iiter=           2
Begin forming various matrix       at 2026-03-29 12:25:22 
 ktsmat=           0
 ntelgroup=           0
Begin solution global equation     at 2026-03-29 12:25:22 
                     istep=           8 iiter=           2
                     conver_load check
 resid=  2.251728280823570E-032 retot=  1.214354969029563E-002
 ratio1=  1.361711684620849E-015 ratio2=  9.445146078104949E-016
 nchek0=           0 toler_force=  1.000000000000000E-005
 nchek=           0
                    conver_nodal_value check
               Convergence check for temperature
 ratio1=  5.635551482072010E-016 ratio2=  8.799870369951305E-016
 ***********RESTART FILE IS UPDATED!*******
 time: 12:25:21
 iblks=           1 iincs=           1 istep=           9
 outinp=           0
 iiter=           1
Begin forming various matrix       at 2026-03-29 12:25:22 
 ktsmat=           0
Begin assemble golbal matrix       at 2026-03-29 12:25:22 
 ntelgroup=           0
Begin factorize global matrix      at 2026-03-29 12:25:22 
 Factorization completed ... 
Begin solution global equation     at 2026-03-29 12:25:22 
                     istep=           9 iiter=           1
                     conver_load check
 resid=  5.747220662266163E-032 retot=  1.349906385110366E-002
 ratio1=  2.063369992002201E-015 ratio2=  1.493064020402451E-015
 nchek0=           0 toler_force=  1.000000000000000E-005
 nchek=           0
                    conver_nodal_value check
               Convergence check for temperature
 ratio1=  0.620707978226552      ratio2=  0.921531268304813     
                            not converged for checki=           6
 iiter=           2
Begin forming various matrix       at 2026-03-29 12:25:22 
 ktsmat=           0
 ntelgroup=           0
Begin solution global equation     at 2026-03-29 12:25:22 
                     istep=           9 iiter=           2
                     conver_load check
 resid=  2.881963816382507E-032 retot=  1.349906385110367E-002
 ratio1=  1.461142038925550E-015 ratio2=  1.313896337954155E-015
 nchek0=           0 toler_force=  1.000000000000000E-005
 nchek=           0
                    conver_nodal_value check
               Convergence check for temperature
 ratio1=  3.771574815386145E-016 ratio2=  5.919864351284791E-016
 ***********RESTART FILE IS UPDATED!*******
 time: 12:25:21
 iblks=           1 iincs=           1 istep=          10
 outinp=           0
 iiter=           1
Begin forming various matrix       at 2026-03-29 12:25:22 
 ktsmat=           0
Begin assemble golbal matrix       at 2026-03-29 12:25:22 
 ntelgroup=           0
Begin factorize global matrix      at 2026-03-29 12:25:22 
 Factorization completed ... 
Begin solution global equation     at 2026-03-29 12:25:22 
                     istep=          10 iiter=           1
                     conver_load check
 resid=  1.557036815609424E-031 retot=  1.209443970960834E-002
 ratio1=  3.588034115821990E-015 ratio2=  4.353579314386374E-015
 nchek0=           0 toler_force=  1.000000000000000E-005
 nchek=           0
                    conver_nodal_value check
               Convergence check for temperature
 ratio1=  0.588977266265855      ratio2=  0.898619805321436     
                            not converged for checki=           6
 iiter=           2
Begin forming various matrix       at 2026-03-29 12:25:22 
 ktsmat=           0
 ntelgroup=           0
Begin solution global equation     at 2026-03-29 12:25:22 
                     istep=          10 iiter=           2
                     conver_load check
 resid=  4.149987782518340E-032 retot=  1.209443970960836E-002
 ratio1=  1.852381914325533E-015 ratio2=  1.766669866707513E-015
 nchek0=           0 toler_force=  1.000000000000000E-005
 nchek=           0
                    conver_nodal_value check
               Convergence check for temperature
 ratio1=  5.785461766380883E-016 ratio2=  7.437153628013348E-016
 ***********RESTART FILE IS UPDATED!*******
 time: 12:25:21
 iblks=           1 iincs=           1 istep=          11
 outinp=           0
 iiter=           1
Begin forming various matrix       at 2026-03-29 12:25:22 
 ktsmat=           0
Begin assemble golbal matrix       at 2026-03-29 12:25:22 
 ntelgroup=           0
Begin factorize global matrix      at 2026-03-29 12:25:22 
 Factorization completed ... 
Begin solution global equation     at 2026-03-29 12:25:22 
                     istep=          11 iiter=           1
                     conver_load check
 resid=  1.063001818048918E-031 retot=  1.314288588158238E-002
 ratio1=  2.843947894317601E-015 ratio2=  2.481582600154606E-015
 nchek0=           0 toler_force=  1.000000000000000E-005
 nchek=           0
                    conver_nodal_value check
               Convergence check for temperature
 ratio1=  0.566755520632674      ratio2=  0.878353088540702     
                            not converged for checki=           6
 iiter=           2
Begin forming various matrix       at 2026-03-29 12:25:22 
 ktsmat=           0
 ntelgroup=           0
Begin solution global equation     at 2026-03-29 12:25:22 
                     istep=          11 iiter=           2
                     conver_load check
 resid=  4.497838818495432E-032 retot=  1.314288588158237E-002
 ratio1=  1.849935453735080E-015 ratio2=  1.997371361100049E-015
 nchek0=           0 toler_force=  1.000000000000000E-005
 nchek=           0
                    conver_nodal_value check
               Convergence check for temperature
 ratio1=  5.927618796720950E-016 ratio2=  7.480179776707135E-016
 ***********RESTART FILE IS UPDATED!*******
 time: 12:25:21
 iblks=           1 iincs=           1 istep=          12
 outinp=           0
 iiter=           1
Begin forming various matrix       at 2026-03-29 12:25:22 
 ktsmat=           0
Begin assemble golbal matrix       at 2026-03-29 12:25:22 
 ntelgroup=           0
Begin factorize global matrix      at 2026-03-29 12:25:22 
 Factorization completed ... 
Begin solution global equation     at 2026-03-29 12:25:22 
                     istep=          12 iiter=           1
                     conver_load check
 resid=  1.315749757443303E-031 retot=  1.199842168265722E-002
 ratio1=  3.311498699099011E-015 ratio2=  2.771444870049273E-015
 nchek0=           0 toler_force=  1.000000000000000E-005
 nchek=           0
                    conver_nodal_value check
               Convergence check for temperature
 ratio1=  0.541679319642973      ratio2=  0.860291288815490     
                            not converged for checki=           6
 iiter=           2
Begin forming various matrix       at 2026-03-29 12:25:22 
 ktsmat=           0
 ntelgroup=           0
Begin solution global equation     at 2026-03-29 12:25:22 
                     istep=          12 iiter=           2
                     conver_load check
 resid=  3.394863216139247E-032 retot=  1.199842168265723E-002
 ratio1=  1.682089422208352E-015 ratio2=  1.330293537623651E-015
 nchek0=           0 toler_force=  1.000000000000000E-005
 nchek=           0
                    conver_nodal_value check
               Convergence check for temperature
 ratio1=  2.720950770471171E-016 ratio2=  3.641649157780352E-016
 ***********RESTART FILE IS UPDATED!*******
 time: 12:25:21
 iblks=           1 iincs=           1 istep=          13
 outinp=           0
 iiter=           1
Begin forming various matrix       at 2026-03-29 12:25:22 
 ktsmat=           0
Begin assemble golbal matrix       at 2026-03-29 12:25:22 
 ntelgroup=           0
Begin factorize global matrix      at 2026-03-29 12:25:22 
 Factorization completed ... 
Begin solution global equation     at 2026-03-29 12:25:22 
                     istep=          13 iiter=           1
                     conver_load check
 resid=  1.333143178317609E-031 retot=  1.286691327078155E-002
 ratio1=  3.218853496394885E-015 ratio2=  3.303290894045472E-015
 nchek0=           0 toler_force=  1.000000000000000E-005
 nchek=           0
                    conver_nodal_value check
               Convergence check for temperature
 ratio1=  0.522504445406692      ratio2=  0.843765311121818     
                            not converged for checki=           6
 iiter=           2
Begin forming various matrix       at 2026-03-29 12:25:22 
 ktsmat=           0
 ntelgroup=           0
Begin solution global equation     at 2026-03-29 12:25:22 
                     istep=          13 iiter=           2
                     conver_load check
 resid=  3.656545315397761E-032 retot=  1.286691327078155E-002
 ratio1=  1.685769892596691E-015 ratio2=  1.590473393429301E-015
 nchek0=           0 toler_force=  1.000000000000000E-005
 nchek=           0
                    conver_nodal_value check
               Convergence check for temperature
 ratio1=  4.488448871979111E-016 ratio2=  6.720881407123136E-016
 ***********RESTART FILE IS UPDATED!*******
 time: 12:25:21
 iblks=           1 iincs=           1 istep=          14
 outinp=           0
 iiter=           1
Begin forming various matrix       at 2026-03-29 12:25:22 
 ktsmat=           0
Begin assemble golbal matrix       at 2026-03-29 12:25:22 
 ntelgroup=           0
Begin factorize global matrix      at 2026-03-29 12:25:22 
 Factorization completed ... 
Begin solution global equation     at 2026-03-29 12:25:22 
                     istep=          14 iiter=           1
                     conver_load check
 resid=  1.096183811818824E-031 retot=  1.188304332065786E-002
 ratio1=  3.037231195774275E-015 ratio2=  2.737126456890825E-015
 nchek0=           0 toler_force=  1.000000000000000E-005
 nchek=           0
                    conver_nodal_value check
               Convergence check for temperature
 ratio1=  0.501490948527075      ratio2=  0.828587882777491     
                            not converged for checki=           6
 iiter=           2
Begin forming various matrix       at 2026-03-29 12:25:22 
 ktsmat=           0
 ntelgroup=           0
Begin solution global equation     at 2026-03-29 12:25:22 
                     istep=          14 iiter=           2
                     conver_load check
 resid=  3.867535235452409E-032 retot=  1.188304332065787E-002
 ratio1=  1.804069645566762E-015 ratio2=  2.164239524053211E-015
 nchek0=           0 toler_force=  1.000000000000000E-005
 nchek=           0
                    conver_nodal_value check
               Convergence check for temperature
 ratio1=  4.692590953252358E-016 ratio2=  5.920260344707344E-016
 ***********RESTART FILE IS UPDATED!*******
 time: 12:25:21
 iblks=           1 iincs=           1 istep=          15
 outinp=           0
 iiter=           1
Begin forming various matrix       at 2026-03-29 12:25:23 
 ktsmat=           0
Begin assemble golbal matrix       at 2026-03-29 12:25:23 
 ntelgroup=           0
Begin factorize global matrix      at 2026-03-29 12:25:23 
 Factorization completed ... 
Begin solution global equation     at 2026-03-29 12:25:23 
                     istep=          15 iiter=           1
                     conver_load check
 resid=  9.917525089366281E-032 retot=  1.263942074483491E-002
 ratio1=  2.801160982478516E-015 ratio2=  3.209445500061542E-015
 nchek0=           0 toler_force=  1.000000000000000E-005
 nchek=           0
                    conver_nodal_value check
               Convergence check for temperature
 ratio1=  0.484512224305527      ratio2=  0.814352852674336     
                            not converged for checki=           6
 iiter=           2
Begin forming various matrix       at 2026-03-29 12:25:23 
 ktsmat=           0
 ntelgroup=           0
Begin solution global equation     at 2026-03-29 12:25:23 
                     istep=          15 iiter=           2
                     conver_load check
 resid=  2.639025742424536E-032 retot=  1.263942074483489E-002
 ratio1=  1.444967994639577E-015 ratio2=  1.543002644260359E-015
 nchek0=           0 toler_force=  1.000000000000000E-005
 nchek=           0
                    conver_nodal_value check
               Convergence check for temperature
 ratio1=  3.243718234114905E-016 ratio2=  5.514286392711627E-016
 ***********RESTART FILE IS UPDATED!*******
 time: 12:25:21
 iblks=           1 iincs=           1 istep=          16
 outinp=           0
 iiter=           1
Begin forming various matrix       at 2026-03-29 12:25:23 
 ktsmat=           0
Begin assemble golbal matrix       at 2026-03-29 12:25:23 
 ntelgroup=           0
Begin factorize global matrix      at 2026-03-29 12:25:23 
 Factorization completed ... 
Begin solution global equation     at 2026-03-29 12:25:23 
                     istep=          16 iiter=           1
                     conver_load check
 resid=  7.010779454159300E-032 retot=  1.176154201912044E-002
 ratio1=  2.441467909891190E-015 ratio2=  2.687245877553491E-015
 nchek0=           0 toler_force=  1.000000000000000E-005
 nchek=           0
                    conver_nodal_value check
               Convergence check for temperature
 ratio1=  0.466311232988192      ratio2=  0.800995070486343     
                            not converged for checki=           6
 iiter=           2
Begin forming various matrix       at 2026-03-29 12:25:23 
 ktsmat=           0
 ntelgroup=           0
Begin solution global equation     at 2026-03-29 12:25:23 
                     istep=          16 iiter=           2
                     conver_load check
 resid=  1.984680999663454E-032 retot=  1.176154201912044E-002
 ratio1=  1.299012181710990E-015 ratio2=  1.151676804665783E-015
 nchek0=           0 toler_force=  1.000000000000000E-005
 nchek=           0
                    conver_nodal_value check
               Convergence check for temperature
 ratio1=  2.248146002049665E-016 ratio2=  3.877491083780602E-016
 ***********RESTART FILE IS UPDATED!*******
 time: 12:25:21
 iblks=           1 iincs=           1 istep=          17
 outinp=           0
 iiter=           1
Begin forming various matrix       at 2026-03-29 12:25:23 
 ktsmat=           0
Begin assemble golbal matrix       at 2026-03-29 12:25:23 
 ntelgroup=           0
Begin factorize global matrix      at 2026-03-29 12:25:23 
 Factorization completed ... 
Begin solution global equation     at 2026-03-29 12:25:23 
                     istep=          17 iiter=           1
                     conver_load check
 resid=  9.692468437419853E-032 retot=  1.244332397304565E-002
 ratio1=  2.790930318009563E-015 ratio2=  2.861408576805802E-015
 nchek0=           0 toler_force=  1.000000000000000E-005
 nchek=           0
                    conver_nodal_value check
               Convergence check for temperature
 ratio1=  0.451082083802476      ratio2=  0.788251723758387     
                            not converged for checki=           6
 iiter=           2
Begin forming various matrix       at 2026-03-29 12:25:23 
 ktsmat=           0
 ntelgroup=           0
Begin solution global equation     at 2026-03-29 12:25:23 
                     istep=          17 iiter=           2
                     conver_load check
 resid=  3.033061172952415E-032 retot=  1.244332397304562E-002
 ratio1=  1.561249745266949E-015 ratio2=  1.555113356959676E-015
 nchek0=           0 toler_force=  1.000000000000000E-005
 nchek=           0
                    conver_nodal_value check
               Convergence check for temperature
 ratio1=  4.378416509252546E-016 ratio2=  7.012528990296014E-016
 ***********RESTART FILE IS UPDATED!*******
 time: 12:25:21
 iblks=           1 iincs=           1 istep=          18
 outinp=           0
 iiter=           1
Begin forming various matrix       at 2026-03-29 12:25:23 
 ktsmat=           0
Begin assemble golbal matrix       at 2026-03-29 12:25:23 
 ntelgroup=           0
Begin factorize global matrix      at 2026-03-29 12:25:23 
 Factorization completed ... 
Begin solution global equation     at 2026-03-29 12:25:23 
                     istep=          18 iiter=           1
                     conver_load check
 resid=  1.031323355962915E-031 retot=  1.164026898568347E-002
 ratio1=  2.976568753755166E-015 ratio2=  2.379635630996741E-015
 nchek0=           0 toler_force=  1.000000000000000E-005
 nchek=           0
                    conver_nodal_value check
               Convergence check for temperature
 ratio1=  0.435014722834304      ratio2=  0.776117096120767     
                            not converged for checki=           6
 iiter=           2
Begin forming various matrix       at 2026-03-29 12:25:23 
 ktsmat=           0
 ntelgroup=           0
Begin solution global equation     at 2026-03-29 12:25:23 
                     istep=          18 iiter=           2
                     conver_load check
 resid=  2.261652457784596E-032 retot=  1.164026898568348E-002
 ratio1=  1.393899384475349E-015 ratio2=  1.254132292011796E-015
 nchek0=           0 toler_force=  1.000000000000000E-005
 nchek=           0
                    conver_nodal_value check
               Convergence check for temperature
 ratio1=  4.718017733362434E-016 ratio2=  7.514221353312367E-016
 ***********RESTART FILE IS UPDATED!*******
 time: 12:25:21
 iblks=           1 iincs=           1 istep=          19
 outinp=           0
 iiter=           1
Begin forming various matrix       at 2026-03-29 12:25:23 
 ktsmat=           0
Begin assemble golbal matrix       at 2026-03-29 12:25:23 
 ntelgroup=           0
Begin factorize global matrix      at 2026-03-29 12:25:23 
 Factorization completed ... 
Begin solution global equation     at 2026-03-29 12:25:23 
                     istep=          19 iiter=           1
                     conver_load check
 resid=  1.116428179052935E-031 retot=  1.226888651369552E-002
 ratio1=  3.016565919733477E-015 ratio2=  2.505807263841291E-015
 nchek0=           0 toler_force=  1.000000000000000E-005
 nchek=           0
                    conver_nodal_value check
               Convergence check for temperature
 ratio1=  0.421257032852186      ratio2=  0.764410598392132     
                            not converged for checki=           6
 iiter=           2
Begin forming various matrix       at 2026-03-29 12:25:23 
 ktsmat=           0
 ntelgroup=           0
Begin solution global equation     at 2026-03-29 12:25:23 
                     istep=          19 iiter=           2
                     conver_load check
 resid=  3.979557980563732E-032 retot=  1.226888651369551E-002
 ratio1=  1.801004689495304E-015 ratio2=  1.691419903092873E-015
 nchek0=           0 toler_force=  1.000000000000000E-005
 nchek=           0
                    conver_nodal_value check
               Convergence check for temperature
 ratio1=  5.764030699907893E-016 ratio2=  8.861611707529332E-016
 ***********RESTART FILE IS UPDATED!*******
 time: 12:25:21
 iblks=           1 iincs=           1 istep=          20
 outinp=           0
 iiter=           1
Begin forming various matrix       at 2026-03-29 12:25:23 
 ktsmat=           0
Begin assemble golbal matrix       at 2026-03-29 12:25:23 
 ntelgroup=           0
Begin factorize global matrix      at 2026-03-29 12:25:23 
 Factorization completed ... 
Begin solution global equation     at 2026-03-29 12:25:23 
                     istep=          20 iiter=           1
                     conver_load check
 resid=  1.327731034368997E-031 retot=  1.152216800366112E-002
 ratio1=  3.394594878154352E-015 ratio2=  2.973589243947043E-015
 nchek0=           0 toler_force=  1.000000000000000E-005
 nchek=           0
                    conver_nodal_value check
               Convergence check for temperature
 ratio1=  0.406908702695681      ratio2=  0.753154757873387     
                            not converged for checki=           6
 iiter=           2
Begin forming various matrix       at 2026-03-29 12:25:23 
 ktsmat=           0
 ntelgroup=           0
Begin solution global equation     at 2026-03-29 12:25:23 
                     istep=          20 iiter=           2
                     conver_load check
 resid=  2.747585668034138E-032 retot=  1.152216800366116E-002
 ratio1=  1.544217676599523E-015 ratio2=  1.357508133106256E-015
 nchek0=           0 toler_force=  1.000000000000000E-005
 nchek=           0
                    conver_nodal_value check
               Convergence check for temperature
 ratio1=  4.077769937524644E-016 ratio2=  7.258128303290967E-016
 ***********RESTART FILE IS UPDATED!*******
   time depend     iincs=           2 nincs=           3
 time: 12:25:21
 iblks=           1 iincs=           2 istep=           1
 outinp=           0
 iiter=           1
Begin forming various matrix       at 2026-03-29 12:25:23 
 ktsmat=           1
Begin assemble golbal matrix       at 2026-03-29 12:25:23 
 ntelgroup=           0
Begin factorize global matrix      at 2026-03-29 12:25:23 
 Factorization completed ... 
Begin solution global equation     at 2026-03-29 12:25:23 
                     istep=           1 iiter=           1
                     conver_load check
 resid=  1.678634308624375E-031 retot=  1.204852425244653E-002
 ratio1=  3.732597144533135E-015 ratio2=  3.350419507636318E-015
 nchek0=           0 toler_force=  1.000000000000000E-005
 nchek=           0
                    conver_nodal_value check
               Convergence check for temperature
 ratio1=  0.779392588805561      ratio2=   1.48975631960431     
                            not converged for checki=           6
 iiter=           2
Begin forming various matrix       at 2026-03-29 12:25:23 
 ktsmat=           0
 ntelgroup=           0
Begin solution global equation     at 2026-03-29 12:25:23 
                     istep=           1 iiter=           2
                     conver_load check
 resid=  2.263002751869191E-032 retot=  1.204852425244655E-002
 ratio1=  1.370489185694559E-015 ratio2=  1.264309248164647E-015
 nchek0=           0 toler_force=  1.000000000000000E-005
 nchek=           0
                    conver_nodal_value check
               Convergence check for temperature
 ratio1=  4.434980540982390E-016 ratio2=  7.522411823121203E-016
 ***********RESTART FILE IS UPDATED!*******
 time: 12:25:21
 iblks=           1 iincs=           2 istep=           2
 outinp=           0
 iiter=           1
Begin forming various matrix       at 2026-03-29 12:25:23 
 ktsmat=           0
Begin assemble golbal matrix       at 2026-03-29 12:25:23 
 ntelgroup=           0
Begin factorize global matrix      at 2026-03-29 12:25:23 
 Factorization completed ... 
Begin solution global equation     at 2026-03-29 12:25:23 
                     istep=           2 iiter=           1
                     conver_load check
 resid=  2.035592526631523E-031 retot=  1.127702820984630E-002
 ratio1=  4.248621969114695E-015 ratio2=  3.724498205881278E-015
 nchek0=           0 toler_force=  1.000000000000000E-005
 nchek=           0
                    conver_nodal_value check
               Convergence check for temperature
 ratio1=  0.748361530720483      ratio2=   1.47907291067048     
                            not converged for checki=           6
 iiter=           2
Begin forming various matrix       at 2026-03-29 12:25:23 
 ktsmat=           0
 ntelgroup=           0
Begin solution global equation     at 2026-03-29 12:25:23 
                     istep=           2 iiter=           2
                     conver_load check
 resid=  2.540472278730540E-032 retot=  1.127702820984630E-002
 ratio1=  1.500928128707806E-015 ratio2=  9.801311068108628E-016
 nchek0=           0 toler_force=  1.000000000000000E-005
 nchek=           0
                    conver_nodal_value check
               Convergence check for temperature
 ratio1=  4.155010061438297E-016 ratio2=  9.049304737400684E-016
 ***********RESTART FILE IS UPDATED!*******
 time: 12:25:21
 iblks=           1 iincs=           2 istep=           3
 outinp=           0
 iiter=           1
Begin forming various matrix       at 2026-03-29 12:25:23 
 ktsmat=           0
Begin assemble golbal matrix       at 2026-03-29 12:25:23 
 ntelgroup=           0
Begin factorize global matrix      at 2026-03-29 12:25:23 
 Factorization completed ... 
Begin solution global equation     at 2026-03-29 12:25:23 
                     istep=           3 iiter=           1
                     conver_load check
 resid=  2.435476716869590E-031 retot=  1.179334672402227E-002
 ratio1=  4.544367628930752E-015 ratio2=  4.903995893215589E-015
 nchek0=           0 toler_force=  1.000000000000000E-005
 nchek=           0
                    conver_nodal_value check
               Convergence check for temperature
 ratio1=  0.721120414627202      ratio2=   1.46842251134720     
                            not converged for checki=           6
 iiter=           2
Begin forming various matrix       at 2026-03-29 12:25:23 
 ktsmat=           0
 ntelgroup=           0
Begin solution global equation     at 2026-03-29 12:25:23 
                     istep=           3 iiter=           2
                     conver_load check
 resid=  4.235980262641913E-032 retot=  1.179334672402226E-002
 ratio1=  1.895214761823328E-015 ratio2=  1.469601375165585E-015
 nchek0=           0 toler_force=  1.000000000000000E-005
 nchek=           0
                    conver_nodal_value check
               Convergence check for temperature
 ratio1=  4.771030357001530E-016 ratio2=  8.416901496075855E-016
 ***********RESTART FILE IS UPDATED!*******
 time: 12:25:21
 iblks=           1 iincs=           2 istep=           4
 outinp=           0
 iiter=           1
Begin forming various matrix       at 2026-03-29 12:25:23 
 ktsmat=           0
Begin assemble golbal matrix       at 2026-03-29 12:25:23 
 ntelgroup=           0
Begin factorize global matrix      at 2026-03-29 12:25:23 
 Factorization completed ... 
Begin solution global equation     at 2026-03-29 12:25:23 
                     istep=           4 iiter=           1
                     conver_load check
 resid=  3.190860602288029E-031 retot=  1.105792947386935E-002
 ratio1=  5.371765034670879E-015 ratio2=  6.763588930379390E-015
 nchek0=           0 toler_force=  1.000000000000000E-005
 nchek=           0
                    conver_nodal_value check
               Convergence check for temperature
 ratio1=  0.694051904048493      ratio2=   1.45802466147708     
                            not converged for checki=           6
 iiter=           2
Begin forming various matrix       at 2026-03-29 12:25:23 
 ktsmat=           0
 ntelgroup=           0
Begin solution global equation     at 2026-03-29 12:25:23 
                     istep=           4 iiter=           2
                     conver_load check
 resid=  4.944061117463440E-032 retot=  1.105792947386934E-002
 ratio1=  2.114486942052483E-015 ratio2=  1.847614537079251E-015
 nchek0=           0 toler_force=  1.000000000000000E-005
 nchek=           0
                    conver_nodal_value check
               Convergence check for temperature
 ratio1=  7.251925105772693E-016 ratio2=  1.431666397542281E-015
 ***********RESTART FILE IS UPDATED!*******
 time: 12:25:21
 iblks=           1 iincs=           2 istep=           5
 outinp=           0
 iiter=           1
Begin forming various matrix       at 2026-03-29 12:25:24 
 ktsmat=           0
Begin assemble golbal matrix       at 2026-03-29 12:25:24 
 ntelgroup=           0
Begin factorize global matrix      at 2026-03-29 12:25:24 
 Factorization completed ... 
Begin solution global equation     at 2026-03-29 12:25:24 
                     istep=           5 iiter=           1
                     conver_load check
 resid=  3.085397943281306E-031 retot=  1.156350324754638E-002
 ratio1=  5.165482320956465E-015 ratio2=  4.194294205519151E-015
 nchek0=           0 toler_force=  1.000000000000000E-005
 nchek=           0
                    conver_nodal_value check
               Convergence check for temperature
 ratio1=  0.670084847433924      ratio2=   1.44767210426064     
                            not converged for checki=           6
 iiter=           2
Begin forming various matrix       at 2026-03-29 12:25:24 
 ktsmat=           0
 ntelgroup=           0
Begin solution global equation     at 2026-03-29 12:25:24 
                     istep=           5 iiter=           2
                     conver_load check
 resid=  3.229798469385845E-032 retot=  1.156350324754639E-002
 ratio1=  1.671256074674883E-015 ratio2=  1.161496856912995E-015
 nchek0=           0 toler_force=  1.000000000000000E-005
 nchek=           0
                    conver_nodal_value check
               Convergence check for temperature
 ratio1=  7.426041473995750E-016 ratio2=  1.465339780271223E-015
 ***********RESTART FILE IS UPDATED!*******
 time: 12:25:21
 iblks=           1 iincs=           2 istep=           6
 outinp=           0
 iiter=           1
Begin forming various matrix       at 2026-03-29 12:25:24 
 ktsmat=           0
Begin assemble golbal matrix       at 2026-03-29 12:25:24 
 ntelgroup=           0
Begin factorize global matrix      at 2026-03-29 12:25:24 
 Factorization completed ... 
Begin solution global equation     at 2026-03-29 12:25:24 
                     istep=           6 iiter=           1
                     conver_load check
 resid=  2.180485688646265E-031 retot=  1.085919468942181E-002
 ratio1=  4.481029577824723E-015 ratio2=  3.395952550727543E-015
 nchek0=           0 toler_force=  1.000000000000000E-005
 nchek=           0
                    conver_nodal_value check
               Convergence check for temperature
 ratio1=  0.646346811422303      ratio2=   1.43753725850382     
                            not converged for checki=           6
 iiter=           2
Begin forming various matrix       at 2026-03-29 12:25:24 
 ktsmat=           0
 ntelgroup=           0
Begin solution global equation     at 2026-03-29 12:25:24 
                     istep=           6 iiter=           2
                     conver_load check
 resid=  3.820229872908687E-032 retot=  1.085919468942181E-002
 ratio1=  1.875624678896253E-015 ratio2=  1.598095317989433E-015
 nchek0=           0 toler_force=  1.000000000000000E-005
 nchek=           0
                    conver_nodal_value check
               Convergence check for temperature
 ratio1=  6.643382205250988E-016 ratio2=  1.322764216569820E-015
 ***********RESTART FILE IS UPDATED!*******
 time: 12:25:21
 iblks=           1 iincs=           2 istep=           7
 outinp=           0
 iiter=           1
Begin forming various matrix       at 2026-03-29 12:25:24 
 ktsmat=           0
Begin assemble golbal matrix       at 2026-03-29 12:25:24 
 ntelgroup=           0
Begin factorize global matrix      at 2026-03-29 12:25:24 
 Factorization completed ... 
Begin solution global equation     at 2026-03-29 12:25:24 
                     istep=           7 iiter=           1
                     conver_load check
 resid=  2.516068404103702E-031 retot=  1.135384850179473E-002
 ratio1=  4.707492909325218E-015 ratio2=  3.386273588353933E-015
 nchek0=           0 toler_force=  1.000000000000000E-005
 nchek=           0
                    conver_nodal_value check
               Convergence check for temperature
 ratio1=  0.625160590916602      ratio2=   1.42745429481556     
                            not converged for checki=           6
 iiter=           2
Begin forming various matrix       at 2026-03-29 12:25:24 
 ktsmat=           0
 ntelgroup=           0
Begin solution global equation     at 2026-03-29 12:25:24 
                     istep=           7 iiter=           2
                     conver_load check
 resid=  4.138698004597681E-032 retot=  1.135384850179473E-002
 ratio1=  1.909239106471239E-015 ratio2=  1.367533564527550E-015
 nchek0=           0 toler_force=  1.000000000000000E-005
 nchek=           0
                    conver_nodal_value check
               Convergence check for temperature
 ratio1=  4.634922115501180E-016 ratio2=  1.015177681885385E-015
 ***********RESTART FILE IS UPDATED!*******
 time: 12:25:21
 iblks=           1 iincs=           2 istep=           8
 outinp=           0
 iiter=           1
Begin forming various matrix       at 2026-03-29 12:25:24 
 ktsmat=           0
Begin assemble golbal matrix       at 2026-03-29 12:25:24 
 ntelgroup=           0
Begin factorize global matrix      at 2026-03-29 12:25:24 
 Factorization completed ... 
Begin solution global equation     at 2026-03-29 12:25:24 
                     istep=           8 iiter=           1
                     conver_load check
 resid=  3.949226892766627E-031 retot=  1.067693159291046E-002
 ratio1=  6.081809501565266E-015 ratio2=  4.835033789451740E-015
 nchek0=           0 toler_force=  1.000000000000000E-005
 nchek=           0
                    conver_nodal_value check
               Convergence check for temperature
 ratio1=  0.604214864775738      ratio2=   1.41756327408900     
                            not converged for checki=           6
 iiter=           2
Begin forming various matrix       at 2026-03-29 12:25:24 
 ktsmat=           0
 ntelgroup=           0
Begin solution global equation     at 2026-03-29 12:25:24 
                     istep=           8 iiter=           2
                     conver_load check
 resid=  4.979472372811143E-032 retot=  1.067693159291042E-002
 ratio1=  2.159575707056636E-015 ratio2=  1.611677929817252E-015
 nchek0=           0 toler_force=  1.000000000000000E-005
 nchek=           0
                    conver_nodal_value check
               Convergence check for temperature
 ratio1=  6.028338490788055E-016 ratio2=  1.099936679320337E-015
 ***********RESTART FILE IS UPDATED!*******
 time: 12:25:21
 iblks=           1 iincs=           2 istep=           9
 outinp=           0
 iiter=           1
Begin forming various matrix       at 2026-03-29 12:25:24 
 ktsmat=           0
Begin assemble golbal matrix       at 2026-03-29 12:25:24 
 ntelgroup=           0
Begin factorize global matrix      at 2026-03-29 12:25:24 
 Factorization completed ... 
Begin solution global equation     at 2026-03-29 12:25:24 
                     istep=           9 iiter=           1
                     conver_load check
 resid=  1.690206579882702E-031 retot=  1.116073896075115E-002
 ratio1=  3.891557204211633E-015 ratio2=  3.349761972301100E-015
 nchek0=           0 toler_force=  1.000000000000000E-005
 nchek=           0
                    conver_nodal_value check
               Convergence check for temperature
 ratio1=  0.585383684398679      ratio2=   1.40772777261409     
                            not converged for checki=           6
 iiter=           2
Begin forming various matrix       at 2026-03-29 12:25:24 
 ktsmat=           0
 ntelgroup=           0
Begin solution global equation     at 2026-03-29 12:25:24 
                     istep=           9 iiter=           2
                     conver_load check
 resid=  4.608966865651239E-032 retot=  1.116073896075115E-002
 ratio1=  2.032147923135555E-015 ratio2=  1.773403397100585E-015
 nchek0=           0 toler_force=  1.000000000000000E-005
 nchek=           0
                    conver_nodal_value check
               Convergence check for temperature
 ratio1=  4.044772574810549E-016 ratio2=  6.981527591940656E-016
 ***********RESTART FILE IS UPDATED!*******
 time: 12:25:21
 iblks=           1 iincs=           2 istep=          10
 outinp=           0
 iiter=           1
Begin forming various matrix       at 2026-03-29 12:25:24 
 ktsmat=           0
Begin assemble golbal matrix       at 2026-03-29 12:25:24 
 ntelgroup=           0
Begin factorize global matrix      at 2026-03-29 12:25:24 
 Factorization completed ... 
Begin solution global equation     at 2026-03-29 12:25:24 
                     istep=          10 iiter=           1
                     conver_load check
 resid=  2.245651799099548E-031 retot=  1.050833080907429E-002
 ratio1=  4.622791867374242E-015 ratio2=  4.805977439381594E-015
 nchek0=           0 toler_force=  1.000000000000000E-005
 nchek=           0
                    conver_nodal_value check
               Convergence check for temperature
 ratio1=  0.566783920542082      ratio2=   1.39806445126722     
                            not converged for checki=           6
 iiter=           2
Begin forming various matrix       at 2026-03-29 12:25:24 
 ktsmat=           0
 ntelgroup=           0
Begin solution global equation     at 2026-03-29 12:25:24 
                     istep=          10 iiter=           2
                     conver_load check
 resid=  3.561669419318496E-032 retot=  1.050833080907431E-002
 ratio1=  1.841026058142078E-015 ratio2=  9.476575232583428E-016
 nchek0=           0 toler_force=  1.000000000000000E-005
 nchek=           0
                    conver_nodal_value check
               Convergence check for temperature
 ratio1=  4.116712422901722E-016 ratio2=  7.294746744389898E-016
 ***********RESTART FILE IS UPDATED!*******
   time depend     iincs=           3 nincs=           3
 time: 12:25:21
 iblks=           1 iincs=           3 istep=           1
 outinp=           0
 iiter=           1
Begin forming various matrix       at 2026-03-29 12:25:24 
 ktsmat=           1
Begin assemble golbal matrix       at 2026-03-29 12:25:24 
 ntelgroup=           0
Begin factorize global matrix      at 2026-03-29 12:25:24 
 Factorization completed ... 
Begin solution global equation     at 2026-03-29 12:25:24 
                     istep=           1 iiter=           1
                     conver_load check
 resid=  2.826802353910170E-030 retot=  1.066905248049691E-002
 ratio1=  1.627739102333868E-014 ratio2=  1.410738816686661E-014
 nchek0=           0 toler_force=  1.000000000000000E-005
 nchek=           0
                    conver_nodal_value check
               Convergence check for temperature
 ratio1=   2.52791068067818      ratio2=   6.96111466668412     
                            not converged for checki=           6
 iiter=           2
Begin forming various matrix       at 2026-03-29 12:25:24 
 ktsmat=           0
 ntelgroup=           0
Begin solution global equation     at 2026-03-29 12:25:24 
                     istep=           1 iiter=           2
                     conver_load check
 resid=  7.177444769011535E-032 retot=  1.066905248049708E-002
 ratio1=  2.593713508526534E-015 ratio2=  1.545094894466341E-015
 nchek0=           0 toler_force=  1.000000000000000E-005
 nchek=           0
                    conver_nodal_value check
               Convergence check for temperature
 ratio1=  1.727652279249546E-015 ratio2=  4.431894374395725E-015
 ***********RESTART FILE IS UPDATED!*******
 time: 12:25:21
 iblks=           1 iincs=           3 istep=           2
 outinp=           0
 iiter=           1
Begin forming various matrix       at 2026-03-29 12:25:24 
 ktsmat=           0
Begin assemble golbal matrix       at 2026-03-29 12:25:24 
 ntelgroup=           0
Begin factorize global matrix      at 2026-03-29 12:25:24 
 Factorization completed ... 
Begin solution global equation     at 2026-03-29 12:25:24 
                     istep=           2 iiter=           1
                     conver_load check
 resid=  5.314632599551250E-030 retot=  9.784267996725739E-003
 ratio1=  2.330625284289477E-014 ratio2=  2.055387436676357E-014
 nchek0=           0 toler_force=  1.000000000000000E-005
 nchek=           0
                    conver_nodal_value check
               Convergence check for temperature
 ratio1=   2.29079144801783      ratio2=   6.95202009142246     
                            not converged for checki=           6
 iiter=           2
Begin forming various matrix       at 2026-03-29 12:25:24 
 ktsmat=           0
 ntelgroup=           0
Begin solution global equation     at 2026-03-29 12:25:24 
                     istep=           2 iiter=           2
                     conver_load check
 resid=  1.013201557940218E-031 retot=  9.784267996725524E-003
 ratio1=  3.217983067411768E-015 ratio2=  3.086588642107886E-015
 nchek0=           0 toler_force=  1.000000000000000E-005
 nchek=           0
                    conver_nodal_value check
               Convergence check for temperature
 ratio1=  2.880551788044815E-015 ratio2=  7.086859848554748E-015
 ***********RESTART FILE IS UPDATED!*******
 time: 12:25:21
 iblks=           1 iincs=           3 istep=           3
 outinp=           0
 iiter=           1
Begin forming various matrix       at 2026-03-29 12:25:24 
 ktsmat=           0
Begin assemble golbal matrix       at 2026-03-29 12:25:24 
 ntelgroup=           0
Begin factorize global matrix      at 2026-03-29 12:25:24 
 Factorization completed ... 
Begin solution global equation     at 2026-03-29 12:25:24 
                     istep=           3 iiter=           1
                     conver_load check
 resid=  4.715522166816286E-030 retot=  1.001821908688545E-002
 ratio1=  2.169549847322828E-014 ratio2=  1.899527334425861E-014
 nchek0=           0 toler_force=  1.000000000000000E-005
 nchek=           0
                    conver_nodal_value check
               Convergence check for temperature
 ratio1=   2.09973926491056      ratio2=   6.94214626296013     
                            not converged for checki=           6
 iiter=           2
Begin forming various matrix       at 2026-03-29 12:25:24 
 ktsmat=           0
 ntelgroup=           0
Begin solution global equation     at 2026-03-29 12:25:24 
                     istep=           3 iiter=           2
                     conver_load check
 resid=  6.511858783938947E-032 retot=  1.001821908688538E-002
 ratio1=  2.549512962838093E-015 ratio2=  1.455842117625677E-015
 nchek0=           0 toler_force=  1.000000000000000E-005
 nchek=           0
                    conver_nodal_value check
               Convergence check for temperature
 ratio1=  2.920383927639630E-015 ratio2=  6.478039144478138E-015
 ***********RESTART FILE IS UPDATED!*******
 time: 12:25:21
 iblks=           1 iincs=           3 istep=           4
 outinp=           0
 iiter=           1
Begin forming various matrix       at 2026-03-29 12:25:24 
 ktsmat=           0
Begin assemble golbal matrix       at 2026-03-29 12:25:24 
 ntelgroup=           0
Begin factorize global matrix      at 2026-03-29 12:25:24 
 Factorization completed ... 
Begin solution global equation     at 2026-03-29 12:25:24 
                     istep=           4 iiter=           1
                     conver_load check
 resid=  6.077373653061500E-030 retot=  9.221405575213358E-003
 ratio1=  2.567198247386329E-014 ratio2=  2.146091007046810E-014
 nchek0=           0 toler_force=  1.000000000000000E-005
 nchek=           0
                    conver_nodal_value check
               Convergence check for temperature
 ratio1=   1.93871621724875      ratio2=   6.93288748781009     
                            not converged for checki=           6
 iiter=           2
Begin forming various matrix       at 2026-03-29 12:25:24 
 ktsmat=           0
 ntelgroup=           0
Begin solution global equation     at 2026-03-29 12:25:24 
                     istep=           4 iiter=           2
                     conver_load check
 resid=  9.626605701873927E-032 retot=  9.221405575213486E-003
 ratio1=  3.231007976191867E-015 ratio2=  2.023250781054240E-015
 nchek0=           0 toler_force=  1.000000000000000E-005
 nchek=           0
                    conver_nodal_value check
               Convergence check for temperature
 ratio1=  1.951271255351451E-015 ratio2=  5.266424690582128E-015
 ***********RESTART FILE IS UPDATED!*******
 time: 12:25:21
 iblks=           1 iincs=           3 istep=           5
 outinp=           0
 iiter=           1
Begin forming various matrix       at 2026-03-29 12:25:24 
 ktsmat=           0
Begin assemble golbal matrix       at 2026-03-29 12:25:24 
 ntelgroup=           0
Begin factorize global matrix      at 2026-03-29 12:25:25 
 Factorization completed ... 
Begin solution global equation     at 2026-03-29 12:25:25 
                     istep=           5 iiter=           1
                     conver_load check
 resid=  3.131198030741276E-030 retot=  9.491141712953590E-003
 ratio1=  1.816335363575072E-014 ratio2=  1.960461625893015E-014
 nchek0=           0 toler_force=  1.000000000000000E-005
 nchek=           0
                    conver_nodal_value check
               Convergence check for temperature
 ratio1=   1.80268436097750      ratio2=   6.92319618818278     
                            not converged for checki=           6
 iiter=           2
Begin forming various matrix       at 2026-03-29 12:25:25 
 ktsmat=           0
 ntelgroup=           0
Begin solution global equation     at 2026-03-29 12:25:25 
                     istep=           5 iiter=           2
                     conver_load check
 resid=  9.017669151498819E-032 retot=  9.491141712953552E-003
 ratio1=  3.082392361445509E-015 ratio2=  2.207967680388147E-015
 nchek0=           0 toler_force=  1.000000000000000E-005
 nchek=           0
                    conver_nodal_value check
               Convergence check for temperature
 ratio1=  1.286834371550316E-015 ratio2=  3.940527895779018E-015
 ***********RESTART FILE IS UPDATED!*******
 time: 12:25:21
 iblks=           1 iincs=           3 istep=           6
 outinp=           0
 iiter=           1
Begin forming various matrix       at 2026-03-29 12:25:25 
 ktsmat=           0
Begin assemble golbal matrix       at 2026-03-29 12:25:25 
 ntelgroup=           0
Begin factorize global matrix      at 2026-03-29 12:25:25 
 Factorization completed ... 
Begin solution global equation     at 2026-03-29 12:25:25 
                     istep=           6 iiter=           1
                     conver_load check
 resid=  3.514167645468200E-030 retot=  8.751638192401108E-003
 ratio1=  2.003856236408419E-014 ratio2=  2.210353999738092E-014
 nchek0=           0 toler_force=  1.000000000000000E-005
 nchek=           0
                    conver_nodal_value check
               Convergence check for temperature
 ratio1=   1.68400352325035      ratio2=   6.91387920254507     
                            not converged for checki=           6
 iiter=           2
Begin forming various matrix       at 2026-03-29 12:25:25 
 ktsmat=           0
 ntelgroup=           0
Begin solution global equation     at 2026-03-29 12:25:25 
                     istep=           6 iiter=           2
                     conver_load check
 resid=  1.083902411913572E-031 retot=  8.751638192401049E-003
 ratio1=  3.519252387383890E-015 ratio2=  1.780150872272303E-015
 nchek0=           0 toler_force=  1.000000000000000E-005
 nchek=           0
                    conver_nodal_value check
               Convergence check for temperature
 ratio1=  7.656258353690730E-016 ratio2=  3.738584392247247E-015
 ***********RESTART FILE IS UPDATED!*******
 time: 12:25:21
 iblks=           1 iincs=           3 istep=           7
 outinp=           0
 iiter=           1
Begin forming various matrix       at 2026-03-29 12:25:25 
 ktsmat=           0
Begin assemble golbal matrix       at 2026-03-29 12:25:25 
 ntelgroup=           0
Begin factorize global matrix      at 2026-03-29 12:25:25 
 Factorization completed ... 
Begin solution global equation     at 2026-03-29 12:25:25 
                     istep=           7 iiter=           1
                     conver_load check
 resid=  4.244599380891526E-030 retot=  9.039108796360783E-003
 ratio1=  2.166983209906489E-014 ratio2=  2.320890016086674E-014
 nchek0=           0 toler_force=  1.000000000000000E-005
 nchek=           0
                    conver_nodal_value check
               Convergence check for temperature
 ratio1=   1.58077166725154      ratio2=   6.90430522417502     
                            not converged for checki=           6
 iiter=           2
Begin forming various matrix       at 2026-03-29 12:25:25 
 ktsmat=           0
 ntelgroup=           0
Begin solution global equation     at 2026-03-29 12:25:25 
                     istep=           7 iiter=           2
                     conver_load check
 resid=  1.226307625546524E-031 retot=  9.039108796360763E-003
 ratio1=  3.683298427339237E-015 ratio2=  1.678631143710496E-015
 nchek0=           0 toler_force=  1.000000000000000E-005
 nchek=           0
                    conver_nodal_value check
               Convergence check for temperature
 ratio1=  1.673484568013327E-015 ratio2=  5.031558050406850E-015
 ***********RESTART FILE IS UPDATED!*******
 time: 12:25:21
 iblks=           1 iincs=           3 istep=           8
 outinp=           0
 iiter=           1
Begin forming various matrix       at 2026-03-29 12:25:25 
 ktsmat=           0
Begin assemble golbal matrix       at 2026-03-29 12:25:25 
 ntelgroup=           0
Begin factorize global matrix      at 2026-03-29 12:25:25 
 Factorization completed ... 
Begin solution global equation     at 2026-03-29 12:25:25 
                     istep=           8 iiter=           1
                     conver_load check
 resid=  3.851796225121695E-030 retot=  8.340353411568413E-003
 ratio1=  2.149014890677237E-014 ratio2=  1.869102538899045E-014
 nchek0=           0 toler_force=  1.000000000000000E-005
 nchek=           0
                    conver_nodal_value check
               Convergence check for temperature
 ratio1=   1.48880923123064      ratio2=   6.89497351564207     
                            not converged for checki=           6
 iiter=           2
Begin forming various matrix       at 2026-03-29 12:25:25 
 ktsmat=           0
 ntelgroup=           0
Begin solution global equation     at 2026-03-29 12:25:25 
                     istep=           8 iiter=           2
                     conver_load check
 resid=  1.436714312588349E-031 retot=  8.340353411568285E-003
 ratio1=  4.150428936398576E-015 ratio2=  1.975474228104713E-015
 nchek0=           0 toler_force=  1.000000000000000E-005
 nchek=           0
                    conver_nodal_value check
               Convergence check for temperature
 ratio1=  1.402375563115219E-015 ratio2=  3.700298265240567E-015
 ***********RESTART FILE IS UPDATED!*******
 time: 12:25:21
 iblks=           1 iincs=           3 istep=           9
 outinp=           0
 iiter=           1
Begin forming various matrix       at 2026-03-29 12:25:25 
 ktsmat=           0
Begin assemble golbal matrix       at 2026-03-29 12:25:25 
 ntelgroup=           0
Begin factorize global matrix      at 2026-03-29 12:25:25 
 Factorization completed ... 
Begin solution global equation     at 2026-03-29 12:25:25 
                     istep=           9 iiter=           1
                     conver_load check
 resid=  4.010573640795402E-030 retot=  8.635732654024564E-003
 ratio1=  2.155031651274888E-014 ratio2=  2.101933887055985E-014
 nchek0=           0 toler_force=  1.000000000000000E-005
 nchek=           0
                    conver_nodal_value check
               Convergence check for temperature
 ratio1=   1.40733203974202      ratio2=   6.88548460893277     
                            not converged for checki=           6
 iiter=           2
Begin forming various matrix       at 2026-03-29 12:25:25 
 ktsmat=           0
 ntelgroup=           0
Begin solution global equation     at 2026-03-29 12:25:25 
                     istep=           9 iiter=           2
                     conver_load check
 resid=  1.589020259806793E-031 retot=  8.635732654024487E-003
 ratio1=  4.289583466793644E-015 ratio2=  1.885393628709211E-015
 nchek0=           0 toler_force=  1.000000000000000E-005
 nchek=           0
                    conver_nodal_value check
               Convergence check for temperature
 ratio1=  9.367071304238626E-016 ratio2=  4.650914459202789E-015
 ***********RESTART FILE IS UPDATED!*******
 time: 12:25:21
 iblks=           1 iincs=           3 istep=          10
 outinp=           0
 iiter=           1
Begin forming various matrix       at 2026-03-29 12:25:25 
 ktsmat=           0
Begin assemble golbal matrix       at 2026-03-29 12:25:25 
 ntelgroup=           0
Begin factorize global matrix      at 2026-03-29 12:25:25 
 Factorization completed ... 
Begin solution global equation     at 2026-03-29 12:25:25 
                     istep=          10 iiter=           1
                     conver_load check
 resid=  4.680368639350700E-030 retot=  7.968184869373120E-003
 ratio1=  2.423596572117622E-014 ratio2=  2.005535031255098E-014
 nchek0=           0 toler_force=  1.000000000000000E-005
 nchek=           0
                    conver_nodal_value check
               Convergence check for temperature
 ratio1=   1.33377727366807      ratio2=   6.87616137108717     
                            not converged for checki=           6
 iiter=           2
Begin forming various matrix       at 2026-03-29 12:25:25 
 ktsmat=           0
 ntelgroup=           0
Begin solution global equation     at 2026-03-29 12:25:25 
                     istep=          10 iiter=           2
                     conver_load check
 resid=  1.678166759417651E-031 retot=  7.968184869373160E-003
 ratio1=  4.589209209584461E-015 ratio2=  1.399210486922169E-015
 nchek0=           0 toler_force=  1.000000000000000E-005
 nchek=           0
                    conver_nodal_value check
               Convergence check for temperature
 ratio1=  9.064896230172148E-016 ratio2=  3.935233064697841E-015
 ***********RESTART FILE IS UPDATED!*******
 time: 12:25:21
 iblks=           1 iincs=           3 istep=          11
 outinp=           0
 iiter=           1
Begin forming various matrix       at 2026-03-29 12:25:25 
 ktsmat=           0
Begin assemble golbal matrix       at 2026-03-29 12:25:25 
 ntelgroup=           0
Begin factorize global matrix      at 2026-03-29 12:25:25 
 Factorization completed ... 
Begin solution global equation     at 2026-03-29 12:25:25 
                     istep=          11 iiter=           1
                     conver_load check
 resid=  4.642983640497845E-030 retot=  8.265959306878927E-003
 ratio1=  2.370019641609772E-014 ratio2=  2.884930901002810E-014
 nchek0=           0 toler_force=  1.000000000000000E-005
 nchek=           0
                    conver_nodal_value check
               Convergence check for temperature
 ratio1=   1.26778713180718      ratio2=   6.86673918133467     
                            not converged for checki=           6
 iiter=           2
Begin forming various matrix       at 2026-03-29 12:25:25 
 ktsmat=           0
 ntelgroup=           0
Begin solution global equation     at 2026-03-29 12:25:25 
                     istep=          11 iiter=           2
                     conver_load check
 resid=  1.856153149570551E-031 retot=  8.265959306878796E-003
 ratio1=  4.738711531121105E-015 ratio2=  2.175146314248176E-015
 nchek0=           0 toler_force=  1.000000000000000E-005
 nchek=           0
                    conver_nodal_value check
               Convergence check for temperature
 ratio1=  8.200205273527788E-016 ratio2=  4.728084770811493E-015
 ***********RESTART FILE IS UPDATED!*******
 time: 12:25:21
 iblks=           1 iincs=           3 istep=          12
 outinp=           0
 iiter=           1
Begin forming various matrix       at 2026-03-29 12:25:25 
 ktsmat=           0
Begin assemble golbal matrix       at 2026-03-29 12:25:25 
 ntelgroup=           0
Begin factorize global matrix      at 2026-03-29 12:25:25 
 Factorization completed ... 
Begin solution global equation     at 2026-03-29 12:25:25 
                     istep=          12 iiter=           1
                     conver_load check
 resid=  6.916417787726624E-030 retot=  7.623948586935077E-003
 ratio1=  3.011969918153961E-014 ratio2=  3.099308980852385E-014
 nchek0=           0 toler_force=  1.000000000000000E-005
 nchek=           0
                    conver_nodal_value check
               Convergence check for temperature
 ratio1=   1.20765325453070      ratio2=   6.85743756750247     
                            not converged for checki=           6
 iiter=           2
Begin forming various matrix       at 2026-03-29 12:25:25 
 ktsmat=           0
 ntelgroup=           0
Begin solution global equation     at 2026-03-29 12:25:25 
                     istep=          12 iiter=           2
                     conver_load check
 resid=  2.158753836523203E-031 retot=  7.623948586935087E-003
 ratio1=  5.321224496889510E-015 ratio2=  2.145675448282433E-015
 nchek0=           0 toler_force=  1.000000000000000E-005
 nchek=           0
                    conver_nodal_value check
               Convergence check for temperature
 ratio1=  1.451247111404491E-015 ratio2=  7.569251524368516E-015
 ***********RESTART FILE IS UPDATED!*******
 time: 12:25:21
 iblks=           1 iincs=           3 istep=          13
 outinp=           0
 iiter=           1
Begin forming various matrix       at 2026-03-29 12:25:25 
 ktsmat=           0
Begin assemble golbal matrix       at 2026-03-29 12:25:25 
 ntelgroup=           0
Begin factorize global matrix      at 2026-03-29 12:25:25 
 Factorization completed ... 
Begin solution global equation     at 2026-03-29 12:25:25 
                     istep=          13 iiter=           1
                     conver_load check
 resid=  3.068513081369849E-030 retot=  7.921001031500768E-003
 ratio1=  1.968221423261368E-014 ratio2=  2.183022659088743E-014
 nchek0=           0 toler_force=  1.000000000000000E-005
 nchek=           0
                    conver_nodal_value check
               Convergence check for temperature
 ratio1=   1.15319708343587      ratio2=   6.84807125738393     
                            not converged for checki=           6
 iiter=           2
Begin forming various matrix       at 2026-03-29 12:25:25 
 ktsmat=           0
 ntelgroup=           0
Begin solution global equation     at 2026-03-29 12:25:25 
                     istep=          13 iiter=           2
                     conver_load check
 resid=  2.340672034142998E-031 retot=  7.921001031500643E-003
 ratio1=  5.436010015622097E-015 ratio2=  1.949127374186409E-015
 nchek0=           0 toler_force=  1.000000000000000E-005
 nchek=           0
                    conver_nodal_value check
               Convergence check for temperature
 ratio1=  1.521619046702394E-015 ratio2=  5.544767347193489E-015
 ***********RESTART FILE IS UPDATED!*******
 time: 12:25:21
 iblks=           1 iincs=           3 istep=          14
 outinp=           0
 iiter=           1
Begin forming various matrix       at 2026-03-29 12:25:25 
 ktsmat=           0
Begin assemble golbal matrix       at 2026-03-29 12:25:25 
 ntelgroup=           0
Begin factorize global matrix      at 2026-03-29 12:25:25 
 Factorization completed ... 
Begin solution global equation     at 2026-03-29 12:25:25 
                     istep=          14 iiter=           1
                     conver_load check
 resid=  6.219937947027867E-030 retot=  7.301050515081105E-003
 ratio1=  2.918773196108862E-014 ratio2=  2.744822536063098E-014
 nchek0=           0 toler_force=  1.000000000000000E-005
 nchek=           0
                    conver_nodal_value check
               Convergence check for temperature
 ratio1=   1.10321255795186      ratio2=   6.83879876204289     
                            not converged for checki=           6
 iiter=           2
Begin forming various matrix       at 2026-03-29 12:25:25 
 ktsmat=           0
 ntelgroup=           0
Begin solution global equation     at 2026-03-29 12:25:25 
                     istep=          14 iiter=           2
                     conver_load check
 resid=  2.571852644962606E-031 retot=  7.301050515081048E-003
 ratio1=  5.935131754359597E-015 ratio2=  2.355025252835242E-015
 nchek0=           0 toler_force=  1.000000000000000E-005
 nchek=           0
                    conver_nodal_value check
               Convergence check for temperature
 ratio1=  1.303790225829991E-015 ratio2=  7.045621783729241E-015
 ***********RESTART FILE IS UPDATED!*******
 time: 12:25:21
 iblks=           1 iincs=           3 istep=          15
 outinp=           0
 iiter=           1
Begin forming various matrix       at 2026-03-29 12:25:25 
 ktsmat=           0
Begin assemble golbal matrix       at 2026-03-29 12:25:25 
 ntelgroup=           0
Begin factorize global matrix      at 2026-03-29 12:25:26 
 Factorization completed ... 
Begin solution global equation     at 2026-03-29 12:25:26 
                     istep=          15 iiter=           1
                     conver_load check
 resid=  4.465486934783665E-030 retot=  7.595617901406291E-003
 ratio1=  2.424671215886959E-014 ratio2=  2.241233429589727E-014
 nchek0=           0 toler_force=  1.000000000000000E-005
 nchek=           0
                    conver_nodal_value check
               Convergence check for temperature
 ratio1=   1.05760611152656      ratio2=   6.82948182650383     
                            not converged for checki=           6
 iiter=           2
Begin forming various matrix       at 2026-03-29 12:25:26 
 ktsmat=           0
 ntelgroup=           0
Begin solution global equation     at 2026-03-29 12:25:26 
                     istep=          15 iiter=           2
                     conver_load check
 resid=  2.522528177181951E-031 retot=  7.595617901406258E-003
 ratio1=  5.762838625358917E-015 ratio2=  2.866231028960241E-015
 nchek0=           0 toler_force=  1.000000000000000E-005
 nchek=           0
                    conver_nodal_value check
               Convergence check for temperature
 ratio1=  5.571567144910249E-016 ratio2=  3.568160892048755E-015
 ***********RESTART FILE IS UPDATED!*******
 time: 12:25:21
 iblks=           1 iincs=           3 istep=          16
 outinp=           0
 iiter=           1
Begin forming various matrix       at 2026-03-29 12:25:26 
 ktsmat=           0
Begin assemble golbal matrix       at 2026-03-29 12:25:26 
 ntelgroup=           0
Begin factorize global matrix      at 2026-03-29 12:25:26 
 Factorization completed ... 
Begin solution global equation     at 2026-03-29 12:25:26 
                     istep=          16 iiter=           1
                     conver_load check
 resid=  7.871329818466493E-030 retot=  6.995507819112521E-003
 ratio1=  3.354396775746425E-014 ratio2=  2.704569985429352E-014
 nchek0=           0 toler_force=  1.000000000000000E-005
 nchek=           0
                    conver_nodal_value check
               Convergence check for temperature
 ratio1=   1.01549192818847      ratio2=   6.82024266350020     
                            not converged for checki=           6
 iiter=           2
Begin forming various matrix       at 2026-03-29 12:25:26 
 ktsmat=           0
 ntelgroup=           0
Begin solution global equation     at 2026-03-29 12:25:26 
                     istep=          16 iiter=           2
                     conver_load check
 resid=  2.866074087368422E-031 retot=  6.995507819112520E-003
 ratio1=  6.400797431582796E-015 ratio2=  2.571830354242674E-015
 nchek0=           0 toler_force=  1.000000000000000E-005
 nchek=           0
                    conver_nodal_value check
               Convergence check for temperature
 ratio1=  9.903465542523384E-016 ratio2=  6.913399030859195E-015
 ***********RESTART FILE IS UPDATED!*******
 time: 12:25:26
