 ================================================
   Easy_HSTAR - Finite Element Analysis
 ================================================
 
 Reading: 1_blk1.toml
  Read 2705 nodes
  Read 2562 elements
 =============================================
  HSTAR Problem Summary
 =============================================
  Version     :            1
  Problem name: 1
  Type        : Q
  Dimensions  :            2
  Nodes       :         2705
  Elements    :         2562
  Materials   :            2
  Groups      :            2
  Max DOF/node:            2
  Blocks      :            2
  Links       :            0
  Solver      : PARDISO
  Load type   : LOAD
  Output      : GIDR
 
  Analysis blocks:
   Block   1 type=static nincs=     1
   Block   2 type=static nincs=     1
 
  Materials:
   Mat   1 name=Foundation rock type=MECHANICAL
   Mat   2 name=Dam concrete type=MECHANICAL
 =============================================
 validate_problem: all checks passed
 
 Input OK. Starting analysis...
  ndimn=2, npoin=2705, ntotv=5410
  Water pressure 1: 45 edges
 
  === Block 1 / 1
  iffix: free=4287, BC=133, inactive=990
  Neq = 4287
  NNZ = 74465
  Inc 1 Step 1
    iter   1  R_force= 1.000E+00  resid= 9.192E+06
    iter   2  R_force= 1.812E-13  R_disp= 1.000E+00  R_energy= 4.917E-16
  Converged in 2 iterations
  Max |Ux| =   1.3376E-05
  Max |Uy| =   1.0458E-02
  Max |sxx| =   4.8899E+05
  Max |syy| =   2.2260E+06
  Results written to ./1_easy.flavia.res
  VTU: ./1_easy_b1.vtu
  Restart saved: ./1_easy.rst
 
 Analysis completed successfully.
