 time: 20:01:51
 Input the problem name?
 NPOIN                                                                          
  
        1414        1414        1002           3           1           1
           0 GIDR                  0.000000000000000E+000           0
           0           0           0           0       99999
 NINIT                                                                          
  
           0           0           0           1           0           0
           0           0           0           0           0 
 FIX                                                          0           0
           0           0           0           0           0
 outinpunit=          37 outindunit=          54
 TYPE_PROBLEM                                                                   
  
 Q                                                 
 PROFILE                                           
 LOAD                                                         5           0
           0           0
 type_layer1                                                                    
  
 NMASS                                                                          
  
           1           1           1           1           0           0
           1           0           1           0           0
 nfreeflownode                                                                  
  
 NTSMAT                                                                         
  
         999         999           0           0           0
 beeta1,beeta2,theta1=  0.500000000000000       0.250000000000000     
   1.00000000000000     
 equvs_process(1:ngroup)                                                        
  
 appear_level(1:ngroup)                                                         
  
 APPEAR_PROCESS                                                                 
  
 appear_process=           1
 MATNO_PROCESS                                                                  
  
 iblks=           0 ngroup=           1 matno=           1
 force_process=           0
 uinitial=           0
 1-ILINKS(I0                                                                    
  
 1-tLINKS(I0                                                                    
  
 text1=
 1-NGROUP--GROUP                                                                
  
 (3)                                                                            
  
 igroup=           1
 name=B8        
 tne=        1002
 text_tension_joint=
 tension_joint                                                                  
  
 text_tension_contact=
 contact_joint                                                                  
  
 ground_inf=           0 /100=           0
 nblks=           1
 Input runblks, =?
 time: 20:01:52
 COMMENT                                                                        
  
 COMMENT                                                                        
  
 COMMENT                                                                        
  
 COMMENT                                                                        
  
 COMMENT                                                                        
  
 COMMENT                                                                        
  
 COMMENT                                                                        
  
 COMMENT                                                                        
  
 COMMENT                                                                        
  
 COMMENT                                                                        
  
 jmat=           1
 MECHANICAL                    SOLID                                    1
 ELASTIC_ISOTROPIC                2400.00000000000        1.00000000000000     
   1.00000000000000        25000000000.0000       0.200000000000000     
  1.000000000000000E-005           0           0           0
 ngaps                                                                          
  
 ngaps=           0
 nrcsteel                                                                       
  
 nrcsteel=           0
 nwcpipe                                                                        
  
 nwcpipe=           0
 nifsgroup 
 nifsgroup=           0
 nabsfgroup
 nabsfgroup=           0
 nabssgroup
 nabssgroup=           0
 ifsnedge                                                                       
                      
 ifsnedge=           0
 lblks=           0  blks_new=           1
 lincs=           0  nincs=           0
 lblks=           0  blks_new=           1
 Bparameter=           0
 lblks=           0 lincs=           0 ttime=  0.000000000000000E+000
 ntime=           2 LINEAR                         0           2
 ok waterlevel
 nplgroup=           0
 nedge=           0
 iblks=           1 lineload=           9
 iblks=           1
 time: 20:01:52
 a1
 outind=           0
 edge_load_group     
 edge_load_group=           0 delgroup=           0
 gray=   9.81000000000000       0.000000000000000E+000  0.000000000000000E+000
  -1.00000000000000       0.000000000000000E+000  0.000000000000000E+000
  -1.00000000000000     
 tcurv=           1
 ecwpipe=           0 iblks=           1 lblks+1=           1
 ecwpipe=           0 iblks=           1 lblks+1=           1
 surface   
 ntedge=           0
 algo_pipe=
 npipe,algo_pipe=           0           3
 linet=           8
 time: 20:01:52
 time: 20:01:52
 time: 20:01:52
  in static_U**
 iincs=           1 lincs=           0
 cwater,Qstatic=           0           0
 istep=           1
 outinp=           0
 tcurvegravity=           1
 ntelgroup=           0
 time: 20:01:52
                     istep=           1 iiter=           1
                     conver_load check
 resid=  9.282485678311655E+027 retot=  3.305750335314504E+023
 ratio1=   167.570327554475      ratio2=   1028.27517374236     
 nchek0=           0 toler_force=  1.000000000000000E-005
 nchek=           1
 miter=           5 iiter=           1
 time: 20:01:52
                     istep=           1 iiter=           2
                     conver_load check
 resid=  1.005733483284977E+028 retot=  3.305750335314504E+023
 ratio1=   174.424075275857      ratio2=   634.048379840660     
 nchek0=           0 toler_force=  1.000000000000000E-005
 nchek=           1
 miter=           5 iiter=           2
 time: 20:01:52
                     istep=           1 iiter=           3
                     conver_load check
 resid=  9.346808847790168E+027 retot=  3.305750335314504E+023
 ratio1=   168.149916182133      ratio2=   652.657035049614     
 nchek0=           0 toler_force=  1.000000000000000E-005
 nchek=           1
 miter=           5 iiter=           3
 time: 20:01:52
                     istep=           1 iiter=           4
                     conver_load check
 resid=  1.434523426360448E+028 retot=  3.305750335314504E+023
 ratio1=   208.314162541587      ratio2=   927.536303822849     
 nchek0=           0 toler_force=  1.000000000000000E-005
 nchek=           1
 miter=           5 iiter=           4
 time: 20:01:52
                     istep=           1 iiter=           5
                     conver_load check
 resid=  1.028077305470585E+028 retot=  3.305750335314504E+023
 ratio1=   176.350973260464      ratio2=   621.044673056092     
 nchek0=           0 toler_force=  1.000000000000000E-005
 nchek=           1
 miter=           5 iiter=           5
 ***********RESTART FILE IS UPDATED!*******
 time: 20:01:52
 time: 20:01:51
