 ================================================
   Easy_HSTAR - Finite Element Analysis
 ================================================
 
 Reading: 1.toml
  Read 2543 nodes
  Read 2430 elements
 =============================================
  HSTAR Problem Summary
 =============================================
  Version     :            1
  Problem name: 1
  Type        : Q
  Dimensions  :            2
  Nodes       :         2543
  Elements    :         2430
  Materials   :            1
  Groups      :            5
  Max DOF/node:            8
  Blocks      :            1
  Links       :            0
  Solver      : PARDISO
  Load type   : LOAD
  Output      : GIDR
 
  Analysis blocks:
   Block   1 type=static nincs=     1
 
  Materials:
   Mat   1 name=Porous type=MECHANICAL
 =============================================
 validate_problem: all checks passed
 
 Input OK. Starting analysis...
  Seepage: free=1539, BC=42, inactive=962
  Total storage =  9.521E+00
  Transient seepage: theta= 0.500 Ss=T
  Inc 1 dt= 1.00E+02 nstep=10
  Step    2 t= 2.00E+02 h_min=-6.658E+00 h_max= 1.000E+02
  Step    4 t= 4.00E+02 h_min=-1.020E+01 h_max= 1.000E+02
  Step    6 t= 6.00E+02 h_min=-1.212E+01 h_max= 1.000E+02
  Step    8 t= 8.00E+02 h_min=-1.319E+01 h_max= 1.000E+02
  Step   10 t= 1.00E+03 h_min=-1.379E+01 h_max= 1.000E+02
 Transient seepage completed.
 
 Analysis completed successfully.
