 time: 11:40:07
 time: 11:40:07
 Input the problem name?
 NPOIN                                                                          
  
         366         366         321           2          10          10
           0 GIDR                  0.000000000000000E+000           0
           0           0           0           0        9999
 NINIT                                                                          
  
           0           0           0           1           0           0
           0           0           0           0           0 
 FIX                                                          0           0
           0           0           0           0           0
 outinpunit=          37 outindunit=          54
 TYPE_PROBLEM                                                                   
  
 Q                                                 
 PARDISO                                           
 LOAD                                                         5           0
           0           0
 type_layer1                                                                    
  
 NMASS                                                                          
  
         999         999         999         999         999           0
         999           0         999           0           0
 nfreeflownode                                                                  
  
 NTSMAT                                                                         
  
         999         999           0           0           0
 beeta1,beeta2,theta1=  0.500000000000000       0.250000000000000     
  0.500000000000000     
 equvs_process(1:ngroup)                                                        
  
 appear_level(1:ngroup)                                                         
  
 APPEAR_PROCESS(1-0nblks                                                        
  
 appear_process=           1           1           1           1           1
           1           0           1           1           1
 MATNO_PROCESS(1-nblks                                                          
  
 iblks=           0 ngroup=          10 matno=           1           2
           3           4           5           6          10           7
           8           9
 force_process=           0           0           0           0           0
           0           0           0           0           0
 uinitial=           0
 1-ILINKS(I0                                                                    
  
 1-tLINKS(I0                                                                    
  
 text1=
 1-NGROUP--GROUP                                                                
  
 (3)                                                                            
  
 igroup=           1
 name=Q4        
 igroup=           2
 name=Q4        
 igroup=           3
 name=Q4        
 igroup=           4
 name=Q4        
 igroup=           5
 name=Q4        
 igroup=           6
 name=Q4        
 igroup=           7
 name=B20       
 group(igroup)%point_direct=           0           0
 igroup=           8
 name=Q4        
 igroup=           9
 name=Q4        
 igroup=          10
 name=Q4        
 tne=         321
 text_tension_joint=
 tension_joint                                                                  
  
 text_tension_contact=
 contact_joint                                                                  
  
 ground_inf=           0 /100=           0
 nblks=           1
 Input runblks, =?
 time: 11:40:08
 MATERIAL                                                                       
  
 NAME                                                                           
  
 FIRST:NAME---MECHANICAL                                                        
  
 FOR                                                                            
  
 NUMBER                                                                         
  
 FOR                                                                            
  
 FOR                                                                            
  
 FOR                                                                            
  
 CAMCLAY                                                                        
  
 FOR                                                                            
  
 jmat=           1
 MECHANICAL                    SOLID                                    1
 ELASTIC_ISOTROPIC                2400.00000000000        1.00000000000000     
   1.00000000000000        10000000000.0000       0.300000000000000     
  1.000000000000000E-005           0           0           0
 jmat=           2
 MECHANICAL                    SOLID                                    2
 ELASTIC_ISOTROPIC                2400.00000000000        1.00000000000000     
   1.00000000000000        10000000000.0000       0.300000000000000     
  1.000000000000000E-005           0           0           0
 jmat=           3
 MECHANICAL                    SOLID                                    3
 ELASTIC_ISOTROPIC                2400.00000000000        1.00000000000000     
   1.00000000000000        10000000000.0000       0.300000000000000     
  1.000000000000000E-005           0           0           0
 jmat=           4
 MECHANICAL                    SOLID                                    4
 ELASTIC_ISOTROPIC                2400.00000000000        1.00000000000000     
   1.00000000000000        10000000000.0000       0.300000000000000     
  1.000000000000000E-005           0           0           0
 jmat=           5
 MECHANICAL                    SOLID                                    5
 ELASTIC_ISOTROPIC                2400.00000000000        1.00000000000000     
   1.00000000000000        10000000000.0000       0.300000000000000     
  1.000000000000000E-005           0           0           0
 jmat=           6
 MECHANICAL                    SOLID                                    6
 ELASTIC_ISOTROPIC                2400.00000000000        1.00000000000000     
   1.00000000000000        100000000000.000       0.300000000000000     
  1.000000000000000E-005           0           0           0
 jmat=           7
 MECHANICAL                    SOLID                                    7
 ELASTIC_ISOTROPIC                2400.00000000000        1.00000000000000     
   1.00000000000000        10000000000.0000       0.300000000000000     
  1.000000000000000E-005           0           0           0
 jmat=           8
 MECHANICAL                    SOLID                                    8
 ELASTIC_ISOTROPIC                2400.00000000000        1.00000000000000     
   1.00000000000000        10000000000.0000       0.300000000000000     
  1.000000000000000E-005           0           0           0
 jmat=           9
 MECHANICAL                    SOLID                                    9
 ELASTIC_ISOTROPIC                2400.00000000000        1.00000000000000     
   1.00000000000000        10000000000.0000       0.300000000000000     
  1.000000000000000E-005           0           0           0
 jmat=          10
 MECHANICAL                    SOLID                                   10
 ELASTIC_ISOTROPIC                2400.00000000000        1.00000000000000     
   1.00000000000000        10000000000.0000       0.300000000000000     
  1.000000000000000E-005           0           0           0
 jmat=          11
 GEOMETRY                      ROD_or_BEAM                             10
 ngaps                                                                          
  
 ngaps=           0
 nrcsteel                                                                       
  
 nrcsteel=           0
 nwcpipe                                                                        
  
 nwcpipe=           0
 nifsgroup 
 nifsgroup=           0
 nabsgroup 
 nabsfgroup=           0
 nabssgroup
 nabssgroup=           0
 ifsnedge                                                                       
                      
 ifsnedge=           0
 lblks=           0  blks_new=           1
 lincs=           0  nincs=           0
 lblks=           0  blks_new=           1
 Bparameter=           0
 >>> State dumped to state_legacy.dat
 lblks=           0 lincs=           0 ttime=  0.000000000000000E+000
 ntime=           2 LINEAR                         0           2
 ntime=           2 LINEAR                         0           2
 ok waterlevel
 nplgroup=           0
 nedge=          12
 iblks=           1 lineload=          26
 iblks=           1
 time: 11:40:08
 a1
 ifixset=           1 type_abc=
 FIX                                               
 ifixset=           2 type_abc=
 FIX                                               
 ifixset=           3 type_abc=
 FIX                                               
 outind=           0
 edge_load_group     
 edge_load_group=          12 delgroup=           1
 gray=   9.81000000000000       0.000000000000000E+000  -1.00000000000000     
  0.000000000000000E+000  -1.00000000000000     
 tcurv=           0           0           0           0           0           0
           0           0           0           0
 ecwpipe=           0 iblks=           1 lblks+1=           1
 ecwpipe=           0 iblks=           1 lblks+1=           1
 总的散热面
 ntedge=           0
 algo_pipe=
 npipe,algo_pipe=           0           3
 linet=           8
 time: 11:40:08
 >>> DEBUG: calling solve(SET), solveunit=           8
 mtype                           
          -2           2           0
 isdefault                       
           0
 >>> DEBUG: solve(SET) returned
 time: 11:40:08
 time: 11:40:08
  in static_U**
 iincs=           1 lincs=           0
 cwater,Qstatic=           0           0
 istep=           1
 outinp=           0
 tcurvegravity=           0           0           0           0           0
           0           0           0           0           0
 ntelgroup=           0
 Reordering completed ... 
 Factorization completed ... 
 time: 11:40:08
                     istep=           1 iiter=           1
                     conver_load check
 resid=  1.192189890490564E-009 retot=   485161497173508.     
 ratio1=  1.567579421450652E-012 ratio2=  1.663152590876427E-012
 nchek0=           0 toler_force=  1.000000000000000E-005
 nchek=           0
                    conver_nodal_value check
               Convergence check for displacement
 ratio1=   1.00000000000000      ratio2=   1.00000000000000     
                            not converged for checki=           1
 miter=          10 iiter=           1
 time: 11:40:08
                     istep=           1 iiter=           2
                     conver_load check
 resid=  3.360236021474050E-010 retot=   485161497172416.     
 ratio1=  8.322268586389163E-013 ratio2=  8.405066182414182E-013
 nchek0=           0 toler_force=  1.000000000000000E-005
 nchek=           0
                    conver_nodal_value check
               Convergence check for displacement
 ratio1=  2.294221993634589E-012 ratio2=  2.539280021259271E-012
               Convergence check for rotations
 nchek=           0
 ***********RESTART FILE IS UPDATED!*******
 time: 11:40:08
