 time: 07:48:03
 time: 07:48:03
 Input the problem name?
 NPOIN                                                                          
  
         462         462         410           2           3           3
           0 GIDR                   1.00000000000000                0
           0           0           0           0        9999
 NINIT                                                                          
  
           0           0          -2           2           0           0
           0           0           0           0           0 
 FIX                                                          0           0
           0           0           0           0           0
 outinpunit=          37 outindunit=          54
 TYPE_PROBLEM                                                                   
  
 Q                                                 
 PARDISO                                           
 LOAD                                                         5           0
           0           0
 type_layer1                                                                    
  
 NMASS                                                                          
  
           1           1           1           1           0           0
           1           0           1           0           0
 nfreeflownode                                                                  
  
 NTSMAT                                                                         
  
         999         999           1           0           0
 lgroup=           1 neface=          10 node_face=           2
 beeta1,beeta2,theta1=  0.600000000000000       0.302000000000000     
  0.600000000000000     
 equvs_process(1:ngroup)                                                        
  
 appear_level(1:ngroup)                                                         
  
 APPEAR_PROCESS                                                                 
  
 appear_process=           1           0           0
 appear_process=           1           1           1
 MATNO_PROCESS                                                                  
  
 iblks=           0 ngroup=           3 matno=           1           2
           3
 iblks=           0 ngroup=           3 matno=           1           2
           3
 force_process=           0           0           0
 uinitial=           0           1
 1-ILINKS(I0                                                                    
  
 1-tLINKS(I0                                                                    
  
 text1=
 1-NGROUP--GROUP                                                                
  
 (3)                                                                            
  
 igroup=           1
 name=Q4        
 igroup=           2
 name=Q4        
 igroup=           3
 name=Q4        
 tne=         410
 text_tension_joint=
 tension_joint                                                                  
  
 text_tension_contact=
 contact_joint                                                                  
  
 ground_inf=           0 /100=           0
 nblks=           2
 Input runblks, =?
 time: 07:48:03
 MATERIAL                                                                       
  
 NAME                                                                           
  
 FIRST:NAME---MECHANICAL                                                        
  
 FOR                                                                            
  
 NUMBER                                                                         
  
 FOR                                                                            
  
 FOR                                                                            
  
 FOR                                                                            
  
 CAMCLAY                                                                        
  
 FOR                                                                            
  
 jmat=           1
 MECHANICAL                    SOLID                                    1
 ELASTIC_ISOTROPIC                2400.00000000000        1.00000000000000     
   1.00000000000000        24000000000.0000       0.167000000000000     
  1.000000000000000E-005           0           0           0
 jmat=           2
 MECHANICAL                    SOLID                                    2
 ELASTIC_ISOTROPIC                2400.00000000000        1.00000000000000     
   1.00000000000000        8000000000.00000       0.300000000000000     
  1.000000000000000E-005           0           0           0
 jmat=           3
 MECHANICAL                    SOLID                                    3
 CLASSICALEP                      24000.0000000000        1.00000000000000     
   1.00000000000000        14130000000.0000       0.220000000000000     
  5.000000000000000E-006           0           0           0
 ngaps                                                                          
  
 ngaps=           0
 nrcsteel                                                                       
  
 nrcsteel=           0
 nwcpipe                                                                        
  
 nwcpipe=           0
 nifsgroup 
 nifsgroup=           0
 nabsgroup 
 nabsfgroup=           0
 nabssgroup
 nabssgroup=           0
 ifsnedge                                                                       
                      
 ifsnedge=           0
 lblks=           0  blks_new=           1
 lincs=           0  nincs=           0
 lblks=           0  blks_new=           1
 Bparameter=           0
 lblks=           0 lincs=           0 ttime=  0.000000000000000E+000
 ntime=           2 LINEAR                         0           2
 ntime=           4 LINEAR                         0           2
 ok waterlevel
 nplgroup=           0
 nedge=          10
 iblks=           1 lineload=          24
 iblks=           1
 time: 07:48:03
 a1
 ifixset=           1 type_abc=
 FIX                                               
 ifixset=           2 type_abc=
 FIX                                               
 ifixset=           3 type_abc=
 FIX                                               
 outind=           0
 edge_load_group     
 edge_load_group=          10 delgroup=           1
 gray=   9.81000000000000       0.000000000000000E+000  -1.00000000000000     
  0.000000000000000E+000  -1.00000000000000     
 tcurv=           1           1           1
 ecwpipe=           0 iblks=           1 lblks+1=           1
 ecwpipe=           0 iblks=           1 lblks+1=           1
 总的散热面
 ntedge=           0
 algo_pipe=
 npipe,algo_pipe=           0           3
 linet=           8
 time: 07:48:03
 mtype                           
          -2           4           0
 isdefault                       
           0
 time: 07:48:03
 time: 07:48:03
  to static_u_pw
 static_U_Pw
 outinp=           0
 ntelgroup=           0
 iblks=           1 iincs=           1 istep=           1 idiv=           1 
 iiter=           1
 Reordering completed ... 
 Factorization completed ... 
 time: 07:48:03
                     istep=           1 iiter=           1
                     conver_load check
 resid=  7.818251237791353E-014 retot=  5.041715283928606E+015
 ratio1=  3.937908790936758E-015 ratio2=  4.195002739933432E-015
 nchek0=           0 toler_force=  1.000000000000000E-005
 nchek=           0
                    conver_nodal_value check
               Convergence check for displacement
 ratio1=   1.00000000000000      ratio2=   1.00000000000000     
                            not converged for checki=           1
 iblks=           1 iincs=           1 istep=           1 idiv=           1 
 iiter=           2
 time: 07:48:03
                     istep=           1 iiter=           2
                     conver_load check
 resid=  2.461850650976025E-014 retot=  5.041715283928624E+015
 ratio1=  2.209742625011418E-015 ratio2=  2.137993674406231E-015
 nchek0=           0 toler_force=  1.000000000000000E-005
 nchek=           0
                    conver_nodal_value check
               Convergence check for displacement
 ratio1=  5.874958850270180E-015 ratio2=  7.249485122141784E-015
               Convergence check for pressure(Pw)
 nchek=           0
 ***********RESTART FILE IS UPDATED!*******
 time: 07:48:03
