 time: 11:09:39
 Input the problem name?
 NPOIN  npoinb NELEM  NDIMN  NMATS  NGROUP NTLINK outplot KSTAB MAT_curve meshc 
 r
         231         231         200           2           1           1
           0 GIDR                  0.000000000000000E+000           0
           0           0           0           0        9999
 NINIT KINIT winit NBLKS   NLINKS NONSYM OUTINP outinr outinw neuman equvs,type_
 A
           0           0           0           1           0           0
           0          -1           0           0           0 
 FIX                                                          0           0
           0           0           0           0           0
 outinpunit=          37 outindunit=          54
 TYPE_PROBLEM TYPE_SOLVER TYPE_LOAD TYPE_NL STABPW nlayer,kglb,state_change,Bpar
 a
 Q                                                 
 PARDISO                                           
 LOAD                                                         5           0
           0           0
 type_layer1                                                                    
  
 NMASS NSMAT NHMAT NQMAT NLDFL KGMAT NSWKW UWCPL NGRAV nflow ECWPIPE            
  
         999         999         999         999         999           0
         999           0         999           0           2
 nfreeflownode                                                                  
  
 NTSMAT NTHMAT  KSTAT ground_inf src nextrf relic sblock                        
  
         999         999           0           0           0
 beeta1,beeta2,theta1=  0.500000000000000       0.250000000000000     
  0.500000000000000     
 equvs_process(1:ngroup)                                                        
  
 appear_level(1:ngroup)                                                         
  
 APPEAR_PROCESS(1-0nblks                                                        
  
 appear_process=           1
 MATNO_PROCESS(1-nblks                                                          
  
 iblks=           0 ngroup=           1 matno=           1
 force_process=           0
 uinitial=           0
 1-ILINKS(I0, Freedom, node1,node2)                                             
  
 1-tLINKS(I0, node1,node2)                                                      
  
 text1=
 1-NGROUP--GROUP INFORMATION                                                    
  
 		 (3) for each field: nfdof-number of freedom,listdof(1:nfdof)                
  
 igroup=           1
 name=Q4T4      
 tne=         200
 text_tension_joint=
 tension_joint                                                                  
  
 text_tension_contact=
 contact_joint                                                                  
  
 ground_inf=           0 /100=           0
 nblks=           1
 Input runblks, =?
 time: 11:09:39
 MATERIAL PROPERTIES-INPUT FOR 1 TO NMATS                                       
  
 NAME FOR MATERIAL---FOR COMMENTS                                               
  
 FIRST:NAME---MECHANICAL, TEMPERATURE, ETC                                      
  
 FOR MECHNICAL, SECOND:PHASE---SOLID, FLUID, AIR OR OIL                         
  
                NUMBER OF PHASE                                                 
  
 FOR SOLID: MATERIAL(CLASSICALEP,CAMCLAY,ETC),density,ratio,thick,e,nu          
  
 FOR MATERISL: CLASSICALEP:CRITERIA(TC,VM,DP,MC),sigm0,hardening                
  
                 FOR MC OR DP: FRICT_ANGLE, DILAN_ANGLE                         
  
               CAMCLAY    :Pc, lamda, Mg, Mf, D0, D1,gaama                      
  
 FOR FLUID: (1) density,ratio,bulkw (2)permiability(1:ndimn)                    
  
 jmat=           1
 MECHANICAL                    SOLID                                    1
 ELASTIC_ISOTROPIC               0.000000000000000E+000   1.00000000000000     
   1.00000000000000        10000000000.0000       0.167000000000000     
  1.000000000000000E-006           0           0           0
 ngaps                                                                          
  
 ngaps=           0
 nrcsteel                                                                       
  
 nrcsteel=           0
 nwcpipe                                                                        
  
 nwcpipe=           0
 nifsgroup 
 nifsgroup=           0
 nabsfgroup
 nabsfgroup=           0
 nabssgroup
 nabssgroup=           0
 sedge                                                                          
                      
 ifsnedge=           0
 lblks=           0  blks_new=           1
 lincs=           0  nincs=           0
 lblks=           0  blks_new=           1
 Bparameter=           0
 >>> State dumped to state_legacy.dat
 lblks=           0 lincs=           0 ttime=  0.000000000000000E+000
 ntime=           2 LINEAR                         0           2
 ntime=           2 LINEAR                         0           2
 ok waterlevel
 nplgroup=           0
 nedge=           0
 iblks=           1 lineload=          12
 iblks=           1
 time: 11:09:39
 a1
 ifixset=           1 type_abc=
 FIX                                               
 ifixset=           2 type_abc=
 FIX                                               
 outind=           0
 NELGROUP            
 edge_load_group=           0 delgroup=           0
 gray=   9.81000000000000       0.000000000000000E+000  -1.00000000000000     
  0.000000000000000E+000  -1.00000000000000     
 tcurv=           1
 ecwpipe=           2 iblks=           1 lblks+1=           1
 ecwpipe=           2 iblks=           1 lblks+1=           1
 edge      
 ntedge=           0
 npipe     
 npipe,algo_pipe=           0           0
 linet=           8
 time: 11:09:39
 >>> DEBUG: calling solve(SET), solveunit=           8
 mtype                           
          -2           2           0
 isdefault                       
           1
 >>> DEBUG: solve(SET) returned
 time: 11:09:39
 time: 11:09:39
  in static_U**
 iincs=           1 lincs=           0
 cwater,Qstatic=           0           0
 istep=           1
 outinp=           0
 tcurvegravity=           1
 ntelgroup=           0
 Reordering completed ... 
 Factorization completed ... 
 time: 11:09:39
                     istep=           1 iiter=           1
                     conver_load check
 resid=  6.749594918076277E-017 retot=   130146281746.532     
 ratio1=  2.277314294054115E-014 ratio2=  1.546485296284014E-014
 nchek0=           0 toler_force=  1.000000000000000E-005
 nchek=           0
                    conver_nodal_value check
               Convergence check for displacement
 ratio1=   1.00000000000000      ratio2=   1.00000000000000     
                            not converged for checki=           1
 miter=          30 iiter=           1
 time: 11:09:39
                     istep=           1 iiter=           2
                     conver_load check
 resid=  1.772655457068239E-017 retot=   130146281746.531     
 ratio1=  1.167068328616540E-014 ratio2=  7.391493527930450E-015
 nchek0=           0 toler_force=  1.000000000000000E-005
 nchek=           0
                    conver_nodal_value check
               Convergence check for displacement
 ratio1=  8.839506927367122E-015 ratio2=  1.045583576461322E-014
 nchek=           0
 ngvar in output=           7 nstre=           4
 ***********RESTART FILE IS UPDATED!*******
 time: 11:09:39
 time: 11:09:39
