 time: 17:47:17
 time: 17:47:17
 Input the problem name?
 NPOIN                                                                          
  
         462         462         410           2           3           3
           0 GIDR                   1.00000000000000                0
           0           0           0           0        9999
 NINIT                                                                          
  
           2           2           0           1           0           0
           0           0           0           0           0 
 VIE                                                          0           0
           0           0           0           0           0
 outinpunit=          37 outindunit=          54
 TYPE_PROBLEM                                                                   
  
 F                                                 
 PARDISO                                           
 LOAD                                                         5           0
           0           0
 type_layer1                                                                    
  
 NMASS                                                                          
  
           1           1           1           1           0           0
           1           0           1           0           0
 nfreeflownode                                                                  
  
 NTSMAT                                                                         
  
         999         999           1           0           0
 lgroup=           1 neface=          10 node_face=           2
 beeta1,beeta2,theta1=  0.600000000000000       0.302000000000000     
  0.600000000000000     
 equvs_process(1:ngroup)                                                        
  
 appear_level(1:ngroup)                                                         
  
 APPEAR_PROCESS(1-0nblks                                                        
  
 appear_process=           1           1           1
 MATNO_PROCESS(1-nblks                                                          
  
 iblks=           0 ngroup=           3 matno=           1           2
           3
 force_process=           1           1           1
 uinitial=           0
 1-ILINKS(I0                                                                    
  
 1-tLINKS(I0                                                                    
  
 text1=
 1-NGROUP--GROUP                                                                
  
 (3)                                                                            
  
 igroup=           1
 name=Q4        
 igroup=           2
 name=Q4        
 igroup=           3
 name=Q4        
 tne=         410
 text_tension_joint=
 tension_joint                                                                  
  
 text_tension_contact=
 contact_joint                                                                  
  
 ground_inf=           0 /100=           0
 nblks=           1
 Input runblks, =?
 time: 17:47:18
 MATERIAL                                                                       
  
 NAME                                                                           
  
 FIRST:NAME---MECHANICAL                                                        
  
 FOR                                                                            
  
 NUMBER                                                                         
  
 FOR                                                                            
  
 FOR                                                                            
  
 FOR                                                                            
  
 CAMCLAY                                                                        
  
 FOR                                                                            
  
 jmat=           1
 MECHANICAL                    SOLID                                    1
 ELASTIC_ISOTROPIC                2400.00000000000        1.00000000000000     
   1.00000000000000        24000000000.0000       0.167000000000000     
  1.000000000000000E-005           0           0           0
 jmat=           2
 MECHANICAL                    SOLID                                    2
 ELASTIC_ISOTROPIC                2400.00000000000        1.00000000000000     
   1.00000000000000        8000000000.00000       0.300000000000000     
  1.000000000000000E-005           0           0           0
 jmat=           3
 MECHANICAL                    SOLID                                    3
 CLASSICALEP                      24000.0000000000        1.00000000000000     
   1.00000000000000        14130000000.0000       0.220000000000000     
  5.000000000000000E-006           0           0           0
 ngaps                                                                          
  
 ngaps=           0
 nrcsteel                                                                       
  
 nrcsteel=           0
 nwcpipe                                                                        
  
 nwcpipe=           0
 nifsgroup 
 nifsgroup=           0
 nabsgroup 
 nabsfgroup=           0
 nabssgroup
 nabssgroup=          50
 ifsnedge                                                                       
                      
 ifsnedge=           0
 lblks=           0  blks_new=           1
 lincs=           0  nincs=           0
 lblks=           0  blks_new=           1
 Bparameter=           0
 lblks=           0 lincs=           0 ttime=  0.000000000000000E+000
 ntime=           2 LINEAR                         0           2
 ntime=        1501 SEISMIC                        0        1502
 ntime=        1501 SEISMIC                        0        1502
 ntime=        1501 SEISMIC                        0        1502
 ok waterlevel
 nplgroup=           0
 nedge=           0
 iblks=           1 lineload=        4518
 iblks=           1
 time: 17:47:18
forrtl: severe (59): list-directed I/O syntax error, unit 14, file D:\Projects\HSTAR_Next\process\vie\1.ini
Image              PC                Routine            Line        Source             
hstar_toml.exe     00007FF7E823209A  Unknown               Unknown  Unknown
hstar_toml.exe     00007FF7E82311DE  Unknown               Unknown  Unknown
hstar_toml.exe     00007FF7E73EE29B  Unknown               Unknown  Unknown
hstar_toml.exe     00007FF7E72CCA6C  Unknown               Unknown  Unknown
hstar_toml.exe     00007FF7E72AE77D  Unknown               Unknown  Unknown
hstar_toml.exe     00007FF7E82419BB  Unknown               Unknown  Unknown
hstar_toml.exe     00007FF7EC525390  Unknown               Unknown  Unknown
KERNEL32.DLL       00007FF9B71AE8D7  Unknown               Unknown  Unknown
ntdll.dll          00007FF9B818C53C  Unknown               Unknown  Unknown
