 time: 11:39:27
 Input the problem name?
 NPOIN                                                                          
  
         291         291         250           2           4           1
           0 GIDR                  0.000000000000000E+000           0
           0           0           0           0       99999
 NINIT                                                                          
  
           0           0           0           1           0           0
           0           0           0           0           0 
 FIX                                                          0           0
           0           0           0           0           0
 outinpunit=          37 outindunit=          54
 TYPE_PROBLEM                                                                   
  
 S                                                 
 PROFILE                                           
 LOAD                                                         5           0
           0           0
 type_layer1                                                                    
  
 NMASS                                                                          
  
           1           1           1           1           0           0
           1           0           1           0           2
 nfreeflownode                                                                  
  
 NTSMAT                                                                         
  
         999         999           0           0           0
 beeta1,beeta2,theta1=  0.500000000000000       0.250000000000000     
  0.500000000000000     
 equvs_process(1:ngroup)                                                        
  
 appear_level(1:ngroup)                                                         
  
 APPEAR_PROCESS                                                                 
  
 appear_process=           1
 MATNO_PROCESS                                                                  
  
 iblks=           0 ngroup=           1 matno=           2
 force_process=           0
 uinitial=           0
 1-ILINKS(I0                                                                    
  
 1-tLINKS(I0                                                                    
  
 text1=
 1-NGROUP--GROUP                                                                
  
 (3)                                                                            
  
 igroup=           1
 name=Q4        
 tne=         250
 text_tension_joint=
 tension_joint                                                                  
  
 text_tension_contact=
 contact_joint                                                                  
  
 ground_inf=           0 /100=           0
 nblks=           1
 Input runblks, =?
 time: 11:39:27
 COMMENT                                                                        
  
 COMMENT                                                                        
  
 COMMENT                                                                        
  
 COMMENT                                                                        
  
 COMMENT                                                                        
  
 COMMENT                                                                        
  
 COMMENT                                                                        
  
 COMMENT                                                                        
  
 COMMENT                                                                        
  
 COMMENT                                                                        
  
 jmat=           1
 MECHANICAL                    SOLID                                    1
 ELASTIC_ISOTROPIC               0.000000000000000E+000   1.00000000000000     
   1.00000000000000        10000000000.0000       0.167000000000000     
  1.000000000000000E-006           0           0           0
 jmat=           2
 HEAT                          SOLID                                    1
 jmat=           3
 MECHANICAL                    SOLID                                    2
 ELASTIC_ISOTROPIC               0.000000000000000E+000   1.00000000000000     
   1.00000000000000        10000000000.0000       0.167000000000000     
  1.000000000000000E-006           0           0           0
 jmat=           4
 HEAT                          SOLID                                    2
 ngaps                                                                          
  
 ngaps=           0
 nrcsteel                                                                       
  
 nrcsteel=           0
 nwcpipe                                                                        
  
 nwcpipe=           0
 nifsgroup 
 nifsgroup=           0
 nabsfgroup
 nabsfgroup=           0
 nabssgroup
 nabssgroup=           0
 ifsnedge                                                                       
                      
 ifsnedge=           0
 lblks=           0  blks_new=           1
 lincs=           0  nincs=           0
 lblks=           0  blks_new=           1
 Bparameter=           0
 lblks=           0 lincs=           0 ttime=  0.000000000000000E+000
 ntime=           2 LINEAR                         0           2
 ok waterlevel
 nplgroup=           0
 nedge=           0
 iblks=           1 lineload=           9
 iblks=           1
 time: 11:39:27
 a1
 outind=           0
 edge_load_group     
 edge_load_group=           0 delgroup=           0
 gray=  0.000000000000000E+000  0.000000000000000E+000  0.000000000000000E+000
  0.000000000000000E+000  0.000000000000000E+000
 tcurv=           1
 ecwpipe=           2 iblks=           1 lblks+1=           1
 ecwpipe=           2 iblks=           1 lblks+1=           1
 surface   
 ntedge=           0
 algo_pipe=
 npipe,algo_pipe=           0           3
 linet=           8
 time: 11:39:27
 time: 11:39:27
 time: 11:39:27
   time depend     iincs=           1 nincs=           1
 time: 11:39:27
 iblks=           1 iincs=           1 istep=           1
 maxval(result_zero)=  0.000000000000000E+000
 outinp=           0
 iiter=           1
Begin forming various matrix       at 2026-04-02 11:39:27 
 ktsmat=           1
Begin assemble golbal matrix       at 2026-04-02 11:39:27 
 ntelgroup=           0
Begin factorize global matrix      at 2026-04-02 11:39:27 
Begin solution global equation     at 2026-04-02 11:39:27 
                     istep=           1 iiter=           1
                     conver_load check
 resid=  0.000000000000000E+000 retot=  0.000000000000000E+000
 ratio1=                     NaN ratio2=                     NaN
 nchek0=           0 toler_force=  1.000000000000000E-005
 nchek=           0
                    conver_nodal_value check
               Convergence check for temperature
 ***********RESTART FILE IS UPDATED!*******
 time: 11:39:27
 iblks=           1 iincs=           1 istep=           2
 outinp=           0
 iiter=           1
Begin forming various matrix       at 2026-04-02 11:39:27 
 ktsmat=           0
Begin assemble golbal matrix       at 2026-04-02 11:39:27 
 ntelgroup=           0
Begin factorize global matrix      at 2026-04-02 11:39:27 
Begin solution global equation     at 2026-04-02 11:39:27 
                     istep=           2 iiter=           1
                     conver_load check
 resid=  0.000000000000000E+000 retot=  0.000000000000000E+000
 ratio1=                     NaN ratio2=                     NaN
 nchek0=           0 toler_force=  1.000000000000000E-005
 nchek=           0
                    conver_nodal_value check
               Convergence check for temperature
 ***********RESTART FILE IS UPDATED!*******
 time: 11:39:27
 iblks=           1 iincs=           1 istep=           3
 outinp=           0
 iiter=           1
Begin forming various matrix       at 2026-04-02 11:39:27 
 ktsmat=           0
Begin assemble golbal matrix       at 2026-04-02 11:39:27 
 ntelgroup=           0
Begin factorize global matrix      at 2026-04-02 11:39:27 
Begin solution global equation     at 2026-04-02 11:39:27 
                     istep=           3 iiter=           1
                     conver_load check
 resid=  0.000000000000000E+000 retot=  0.000000000000000E+000
 ratio1=                     NaN ratio2=                     NaN
 nchek0=           0 toler_force=  1.000000000000000E-005
 nchek=           0
                    conver_nodal_value check
               Convergence check for temperature
 ***********RESTART FILE IS UPDATED!*******
 time: 11:39:27
 iblks=           1 iincs=           1 istep=           4
 outinp=           0
 iiter=           1
Begin forming various matrix       at 2026-04-02 11:39:27 
 ktsmat=           0
Begin assemble golbal matrix       at 2026-04-02 11:39:27 
 ntelgroup=           0
Begin factorize global matrix      at 2026-04-02 11:39:27 
Begin solution global equation     at 2026-04-02 11:39:27 
                     istep=           4 iiter=           1
                     conver_load check
 resid=  0.000000000000000E+000 retot=  0.000000000000000E+000
 ratio1=                     NaN ratio2=                     NaN
 nchek0=           0 toler_force=  1.000000000000000E-005
 nchek=           0
                    conver_nodal_value check
               Convergence check for temperature
 ***********RESTART FILE IS UPDATED!*******
 time: 11:39:27
 iblks=           1 iincs=           1 istep=           5
 outinp=           0
 iiter=           1
Begin forming various matrix       at 2026-04-02 11:39:27 
 ktsmat=           0
Begin assemble golbal matrix       at 2026-04-02 11:39:27 
 ntelgroup=           0
Begin factorize global matrix      at 2026-04-02 11:39:27 
Begin solution global equation     at 2026-04-02 11:39:27 
                     istep=           5 iiter=           1
                     conver_load check
 resid=  0.000000000000000E+000 retot=  0.000000000000000E+000
 ratio1=                     NaN ratio2=                     NaN
 nchek0=           0 toler_force=  1.000000000000000E-005
 nchek=           0
                    conver_nodal_value check
               Convergence check for temperature
 ***********RESTART FILE IS UPDATED!*******
 time: 11:39:27
 time: 11:39:27
